
*** Running vivado
    with args -log bd_0_hls_inst_0.vds -m64 -product Vivado -mode batch -messageDb vivado.pb -notrace -source bd_0_hls_inst_0.tcl


****** Vivado v2023.2 (64-bit)
  **** SW Build 4029153 on Fri Oct 13 20:13:54 MDT 2023
  **** IP Build 4028589 on Sat Oct 14 00:45:43 MDT 2023
  **** SharedData Build 4025554 on Tue Oct 10 17:18:54 MDT 2023
    ** Copyright 1986-2022 Xilinx, Inc. All Rights Reserved.
    ** Copyright 2022-2023 Advanced Micro Devices, Inc. All Rights Reserved.

source bd_0_hls_inst_0.tcl -notrace
create_project: Time (s): cpu = 00:00:07 ; elapsed = 00:00:07 . Memory (MB): peak = 1280.598 ; gain = 15.898 ; free physical = 1283 ; free virtual = 15346
INFO: [IP_Flow 19-234] Refreshing IP repositories
INFO: [IP_Flow 19-1700] Loaded user IP repository '/home/fluctlights/HlsProjects/bit_reversal/solution1/impl/ip'.
INFO: [IP_Flow 19-2313] Loaded Vivado IP repository '/home/fluctlights/Escritorio/PERTE/Diseño_de_Circuitos/Xilinx/Vivado/2023.2/data/ip'.
INFO: [IP_Flow 19-6924] IPCACHE: Running cache check for IP inst: bd_0_hls_inst_0
Command: synth_design -top bd_0_hls_inst_0 -part xc7a200tfbg676-2 -directive sdx_optimization_effort_high -incremental_mode off -mode out_of_context
Starting synth_design
Attempting to get a license for feature 'Synthesis' and/or device 'xc7a200t'
INFO: [Common 17-349] Got license for feature 'Synthesis' and/or device 'xc7a200t'
INFO: [Device 21-403] Loading part xc7a200tfbg676-2
INFO: [Synth 8-7079] Multithreading enabled for synth_design using a maximum of 4 processes.
INFO: [Synth 8-7078] Launching helper process for spawning children vivado processes
INFO: [Synth 8-7075] Helper process launched with PID 7470
---------------------------------------------------------------------------------
Starting RTL Elaboration : Time (s): cpu = 00:00:04 ; elapsed = 00:00:04 . Memory (MB): peak = 2076.820 ; gain = 403.715 ; free physical = 221 ; free virtual = 14285
---------------------------------------------------------------------------------
INFO: [Synth 8-6157] synthesizing module 'bd_0_hls_inst_0' [/home/fluctlights/HlsProjects/bit_reversal/solution1/impl/verilog/project.gen/sources_1/bd/bd_0/ip/bd_0_hls_inst_0/synth/bd_0_hls_inst_0.v:53]
INFO: [Synth 8-6157] synthesizing module 'bit_reverse_accel' [/home/fluctlights/HlsProjects/bit_reversal/solution1/impl/verilog/project.gen/sources_1/bd/bd_0/ipshared/3edf/hdl/verilog/bit_reverse_accel.v:9]
INFO: [Synth 8-6157] synthesizing module 'bit_reverse_accel_flow_control_loop_pipe' [/home/fluctlights/HlsProjects/bit_reversal/solution1/impl/verilog/project.gen/sources_1/bd/bd_0/ipshared/3edf/hdl/verilog/bit_reverse_accel_flow_control_loop_pipe.v:11]
INFO: [Synth 8-6155] done synthesizing module 'bit_reverse_accel_flow_control_loop_pipe' (0#1) [/home/fluctlights/HlsProjects/bit_reversal/solution1/impl/verilog/project.gen/sources_1/bd/bd_0/ipshared/3edf/hdl/verilog/bit_reverse_accel_flow_control_loop_pipe.v:11]
INFO: [Synth 8-6157] synthesizing module 'bit_reverse_accel_regslice_both' [/home/fluctlights/HlsProjects/bit_reversal/solution1/impl/verilog/project.gen/sources_1/bd/bd_0/ipshared/3edf/hdl/verilog/bit_reverse_accel_regslice_both.v:11]
INFO: [Synth 8-6155] done synthesizing module 'bit_reverse_accel_regslice_both' (0#1) [/home/fluctlights/HlsProjects/bit_reversal/solution1/impl/verilog/project.gen/sources_1/bd/bd_0/ipshared/3edf/hdl/verilog/bit_reverse_accel_regslice_both.v:11]
INFO: [Synth 8-6157] synthesizing module 'bit_reverse_accel_regslice_both__parameterized0' [/home/fluctlights/HlsProjects/bit_reversal/solution1/impl/verilog/project.gen/sources_1/bd/bd_0/ipshared/3edf/hdl/verilog/bit_reverse_accel_regslice_both.v:11]
INFO: [Synth 8-6155] done synthesizing module 'bit_reverse_accel_regslice_both__parameterized0' (0#1) [/home/fluctlights/HlsProjects/bit_reversal/solution1/impl/verilog/project.gen/sources_1/bd/bd_0/ipshared/3edf/hdl/verilog/bit_reverse_accel_regslice_both.v:11]
INFO: [Synth 8-6157] synthesizing module 'bit_reverse_accel_regslice_both__parameterized1' [/home/fluctlights/HlsProjects/bit_reversal/solution1/impl/verilog/project.gen/sources_1/bd/bd_0/ipshared/3edf/hdl/verilog/bit_reverse_accel_regslice_both.v:11]
INFO: [Synth 8-6155] done synthesizing module 'bit_reverse_accel_regslice_both__parameterized1' (0#1) [/home/fluctlights/HlsProjects/bit_reversal/solution1/impl/verilog/project.gen/sources_1/bd/bd_0/ipshared/3edf/hdl/verilog/bit_reverse_accel_regslice_both.v:11]
INFO: [Synth 8-6155] done synthesizing module 'bit_reverse_accel' (0#1) [/home/fluctlights/HlsProjects/bit_reversal/solution1/impl/verilog/project.gen/sources_1/bd/bd_0/ipshared/3edf/hdl/verilog/bit_reverse_accel.v:9]
INFO: [Synth 8-6155] done synthesizing module 'bd_0_hls_inst_0' (0#1) [/home/fluctlights/HlsProjects/bit_reversal/solution1/impl/verilog/project.gen/sources_1/bd/bd_0/ip/bd_0_hls_inst_0/synth/bd_0_hls_inst_0.v:53]
WARNING: [Synth 8-7129] Port ap_done_int in module bit_reverse_accel_flow_control_loop_pipe is either unconnected or has no load
---------------------------------------------------------------------------------
Finished RTL Elaboration : Time (s): cpu = 00:00:06 ; elapsed = 00:00:06 . Memory (MB): peak = 2158.758 ; gain = 485.652 ; free physical = 182 ; free virtual = 14187
---------------------------------------------------------------------------------
---------------------------------------------------------------------------------
Start Handling Custom Attributes
---------------------------------------------------------------------------------
---------------------------------------------------------------------------------
Finished Handling Custom Attributes : Time (s): cpu = 00:00:06 ; elapsed = 00:00:06 . Memory (MB): peak = 2173.602 ; gain = 500.496 ; free physical = 180 ; free virtual = 14185
---------------------------------------------------------------------------------
---------------------------------------------------------------------------------
Finished RTL Optimization Phase 1 : Time (s): cpu = 00:00:06 ; elapsed = 00:00:06 . Memory (MB): peak = 2173.602 ; gain = 500.496 ; free physical = 180 ; free virtual = 14185
---------------------------------------------------------------------------------
Netlist sorting complete. Time (s): cpu = 00:00:00 ; elapsed = 00:00:00.01 . Memory (MB): peak = 2173.602 ; gain = 0.000 ; free physical = 178 ; free virtual = 14183
INFO: [Project 1-570] Preparing netlist for logic optimization

Processing XDC Constraints
Initializing timing engine
Parsing XDC File [/home/fluctlights/HlsProjects/bit_reversal/solution1/impl/verilog/project.gen/sources_1/bd/bd_0/ip/bd_0_hls_inst_0/constraints/bit_reverse_accel_ooc.xdc] for cell 'inst'
Finished Parsing XDC File [/home/fluctlights/HlsProjects/bit_reversal/solution1/impl/verilog/project.gen/sources_1/bd/bd_0/ip/bd_0_hls_inst_0/constraints/bit_reverse_accel_ooc.xdc] for cell 'inst'
Parsing XDC File [/home/fluctlights/HlsProjects/bit_reversal/solution1/impl/verilog/project.runs/bd_0_hls_inst_0_synth_1/dont_touch.xdc]
Finished Parsing XDC File [/home/fluctlights/HlsProjects/bit_reversal/solution1/impl/verilog/project.runs/bd_0_hls_inst_0_synth_1/dont_touch.xdc]
Completed Processing XDC Constraints

Netlist sorting complete. Time (s): cpu = 00:00:00 ; elapsed = 00:00:00 . Memory (MB): peak = 2321.352 ; gain = 0.000 ; free physical = 163 ; free virtual = 14171
INFO: [Project 1-111] Unisim Transformation Summary:
No Unisim elements were transformed.

Constraint Validation Runtime : Time (s): cpu = 00:00:00.02 ; elapsed = 00:00:00.01 . Memory (MB): peak = 2321.387 ; gain = 0.000 ; free physical = 164 ; free virtual = 14173
INFO: [Designutils 20-5008] Incremental synthesis strategy off
---------------------------------------------------------------------------------
Finished Constraint Validation : Time (s): cpu = 00:00:12 ; elapsed = 00:00:12 . Memory (MB): peak = 2321.387 ; gain = 648.281 ; free physical = 173 ; free virtual = 14190
---------------------------------------------------------------------------------
---------------------------------------------------------------------------------
Start Loading Part and Timing Information
---------------------------------------------------------------------------------
Loading part: xc7a200tfbg676-2
---------------------------------------------------------------------------------
Finished Loading Part and Timing Information : Time (s): cpu = 00:00:12 ; elapsed = 00:00:12 . Memory (MB): peak = 2321.387 ; gain = 648.281 ; free physical = 173 ; free virtual = 14190
---------------------------------------------------------------------------------
---------------------------------------------------------------------------------
Start Applying 'set_property' XDC Constraints
---------------------------------------------------------------------------------
Applied set_property KEEP_HIERARCHY = SOFT for inst. (constraint file  /home/fluctlights/HlsProjects/bit_reversal/solution1/impl/verilog/project.runs/bd_0_hls_inst_0_synth_1/dont_touch.xdc, line 9).
---------------------------------------------------------------------------------
Finished applying 'set_property' XDC Constraints : Time (s): cpu = 00:00:12 ; elapsed = 00:00:12 . Memory (MB): peak = 2321.387 ; gain = 648.281 ; free physical = 173 ; free virtual = 14190
---------------------------------------------------------------------------------
---------------------------------------------------------------------------------
Finished RTL Optimization Phase 2 : Time (s): cpu = 00:00:12 ; elapsed = 00:00:13 . Memory (MB): peak = 2321.387 ; gain = 648.281 ; free physical = 171 ; free virtual = 14189
---------------------------------------------------------------------------------
INFO: [Synth 8-223] decloning instance 'inst/regslice_both_m_axis_V_keep_V_U' (bit_reverse_accel_regslice_both__parameterized0) to 'inst/regslice_both_m_axis_V_strb_V_U'
---------------------------------------------------------------------------------
Start RTL Component Statistics 
---------------------------------------------------------------------------------
Detailed RTL Component Info : 
+---Adders : 
	   2 Input    3 Bit       Adders := 1     
+---Registers : 
	               32 Bit    Registers := 5     
	                4 Bit    Registers := 6     
	                3 Bit    Registers := 1     
	                2 Bit    Registers := 7     
	                1 Bit    Registers := 25    
+---Muxes : 
	   2 Input   32 Bit        Muxes := 2     
	   2 Input    4 Bit        Muxes := 3     
	   2 Input    3 Bit        Muxes := 1     
	   2 Input    2 Bit        Muxes := 7     
	   4 Input    2 Bit        Muxes := 7     
	   2 Input    1 Bit        Muxes := 16    
---------------------------------------------------------------------------------
Finished RTL Component Statistics 
---------------------------------------------------------------------------------
---------------------------------------------------------------------------------
Start Part Resource Summary
---------------------------------------------------------------------------------
Part Resources:
DSPs: 740 (col length:100)
BRAMs: 730 (col length: RAMB18 100 RAMB36 50)
---------------------------------------------------------------------------------
Finished Part Resource Summary
---------------------------------------------------------------------------------
---------------------------------------------------------------------------------
Start Cross Boundary and Area Optimization
---------------------------------------------------------------------------------
WARNING: [Synth 8-7080] Parallel synthesis criteria is not met
---------------------------------------------------------------------------------
Finished Cross Boundary and Area Optimization : Time (s): cpu = 00:00:14 ; elapsed = 00:00:14 . Memory (MB): peak = 2321.387 ; gain = 648.281 ; free physical = 261 ; free virtual = 14191
---------------------------------------------------------------------------------
---------------------------------------------------------------------------------
Start Applying XDC Timing Constraints
---------------------------------------------------------------------------------
---------------------------------------------------------------------------------
Finished Applying XDC Timing Constraints : Time (s): cpu = 00:00:18 ; elapsed = 00:00:18 . Memory (MB): peak = 2321.387 ; gain = 648.281 ; free physical = 228 ; free virtual = 14199
---------------------------------------------------------------------------------
---------------------------------------------------------------------------------
Start Timing Optimization
---------------------------------------------------------------------------------
---------------------------------------------------------------------------------
Finished Timing Optimization : Time (s): cpu = 00:00:18 ; elapsed = 00:00:18 . Memory (MB): peak = 2321.387 ; gain = 648.281 ; free physical = 212 ; free virtual = 14192
---------------------------------------------------------------------------------
---------------------------------------------------------------------------------
Start Technology Mapping
---------------------------------------------------------------------------------
---------------------------------------------------------------------------------
Finished Technology Mapping : Time (s): cpu = 00:00:18 ; elapsed = 00:00:18 . Memory (MB): peak = 2321.387 ; gain = 648.281 ; free physical = 211 ; free virtual = 14193
---------------------------------------------------------------------------------
---------------------------------------------------------------------------------
Start IO Insertion
---------------------------------------------------------------------------------
---------------------------------------------------------------------------------
Start Flattening Before IO Insertion
---------------------------------------------------------------------------------
---------------------------------------------------------------------------------
Finished Flattening Before IO Insertion
---------------------------------------------------------------------------------
---------------------------------------------------------------------------------
Start Final Netlist Cleanup
---------------------------------------------------------------------------------
---------------------------------------------------------------------------------
Finished Final Netlist Cleanup
---------------------------------------------------------------------------------
---------------------------------------------------------------------------------
Finished IO Insertion : Time (s): cpu = 00:00:22 ; elapsed = 00:00:22 . Memory (MB): peak = 2321.387 ; gain = 648.281 ; free physical = 179 ; free virtual = 14140
---------------------------------------------------------------------------------
---------------------------------------------------------------------------------
Start Renaming Generated Instances
---------------------------------------------------------------------------------
---------------------------------------------------------------------------------
Finished Renaming Generated Instances : Time (s): cpu = 00:00:22 ; elapsed = 00:00:22 . Memory (MB): peak = 2321.387 ; gain = 648.281 ; free physical = 179 ; free virtual = 14140
---------------------------------------------------------------------------------
---------------------------------------------------------------------------------
Start Rebuilding User Hierarchy
---------------------------------------------------------------------------------
---------------------------------------------------------------------------------
Finished Rebuilding User Hierarchy : Time (s): cpu = 00:00:22 ; elapsed = 00:00:22 . Memory (MB): peak = 2321.387 ; gain = 648.281 ; free physical = 179 ; free virtual = 14140
---------------------------------------------------------------------------------
---------------------------------------------------------------------------------
Start Renaming Generated Ports
---------------------------------------------------------------------------------
---------------------------------------------------------------------------------
Finished Renaming Generated Ports : Time (s): cpu = 00:00:22 ; elapsed = 00:00:22 . Memory (MB): peak = 2321.387 ; gain = 648.281 ; free physical = 179 ; free virtual = 14140
---------------------------------------------------------------------------------
---------------------------------------------------------------------------------
Start Handling Custom Attributes
---------------------------------------------------------------------------------
---------------------------------------------------------------------------------
Finished Handling Custom Attributes : Time (s): cpu = 00:00:22 ; elapsed = 00:00:22 . Memory (MB): peak = 2321.387 ; gain = 648.281 ; free physical = 179 ; free virtual = 14140
---------------------------------------------------------------------------------
---------------------------------------------------------------------------------
Start Renaming Generated Nets
---------------------------------------------------------------------------------
---------------------------------------------------------------------------------
Finished Renaming Generated Nets : Time (s): cpu = 00:00:22 ; elapsed = 00:00:22 . Memory (MB): peak = 2321.387 ; gain = 648.281 ; free physical = 179 ; free virtual = 14140
---------------------------------------------------------------------------------
---------------------------------------------------------------------------------
Start Writing Synthesis Report
---------------------------------------------------------------------------------

Report BlackBoxes: 
+-+--------------+----------+
| |BlackBox name |Instances |
+-+--------------+----------+
+-+--------------+----------+

Report Cell Usage: 
+------+-----+------+
|      |Cell |Count |
+------+-----+------+
|1     |LUT1 |     1|
|2     |LUT2 |     3|
|3     |LUT3 |    76|
|4     |LUT4 |     4|
|5     |LUT5 |     7|
|6     |LUT6 |    17|
|7     |FDRE |   182|
+------+-----+------+
---------------------------------------------------------------------------------
Finished Writing Synthesis Report : Time (s): cpu = 00:00:22 ; elapsed = 00:00:22 . Memory (MB): peak = 2321.387 ; gain = 648.281 ; free physical = 179 ; free virtual = 14140
---------------------------------------------------------------------------------
Synthesis finished with 0 errors, 0 critical warnings and 1 warnings.
Synthesis Optimization Runtime : Time (s): cpu = 00:00:20 ; elapsed = 00:00:20 . Memory (MB): peak = 2321.387 ; gain = 500.496 ; free physical = 179 ; free virtual = 14140
Synthesis Optimization Complete : Time (s): cpu = 00:00:22 ; elapsed = 00:00:22 . Memory (MB): peak = 2321.387 ; gain = 648.281 ; free physical = 179 ; free virtual = 14140
INFO: [Project 1-571] Translating synthesized netlist
Netlist sorting complete. Time (s): cpu = 00:00:00.01 ; elapsed = 00:00:00.01 . Memory (MB): peak = 2321.387 ; gain = 0.000 ; free physical = 178 ; free virtual = 14139
INFO: [Project 1-570] Preparing netlist for logic optimization
INFO: [Opt 31-138] Pushed 0 inverter(s) to 0 load pin(s).
Netlist sorting complete. Time (s): cpu = 00:00:00 ; elapsed = 00:00:00 . Memory (MB): peak = 2321.387 ; gain = 0.000 ; free physical = 457 ; free virtual = 14419
INFO: [Project 1-111] Unisim Transformation Summary:
No Unisim elements were transformed.

Synth Design complete | Checksum: 4f0c4b22
INFO: [Common 17-83] Releasing license: Synthesis
30 Infos, 2 Warnings, 0 Critical Warnings and 0 Errors encountered.
synth_design completed successfully
synth_design: Time (s): cpu = 00:00:29 ; elapsed = 00:00:26 . Memory (MB): peak = 2321.387 ; gain = 1027.914 ; free physical = 457 ; free virtual = 14419
INFO: [Common 17-2834] synth_design peak Physical Memory [PSS] (MB): overall = 1814.715; main = 1487.492; forked = 354.543
INFO: [Common 17-2834] synth_design peak Virtual Memory [VSS] (MB): overall = 3286.254; main = 2321.355; forked = 996.914
Write ShapeDB Complete: Time (s): cpu = 00:00:00 ; elapsed = 00:00:00 . Memory (MB): peak = 2345.363 ; gain = 0.000 ; free physical = 457 ; free virtual = 14419
INFO: [Common 17-1381] The checkpoint '/home/fluctlights/HlsProjects/bit_reversal/solution1/impl/verilog/project.runs/bd_0_hls_inst_0_synth_1/bd_0_hls_inst_0.dcp' has been generated.
INFO: [Coretcl 2-1648] Added synthesis output to IP cache for IP bd_0_hls_inst_0, cache-ID = b1ce259ff61eb05f
INFO: [Coretcl 2-1174] Renamed 5 cell refs.
Write ShapeDB Complete: Time (s): cpu = 00:00:00 ; elapsed = 00:00:00 . Memory (MB): peak = 2345.363 ; gain = 0.000 ; free physical = 447 ; free virtual = 14409
INFO: [Common 17-1381] The checkpoint '/home/fluctlights/HlsProjects/bit_reversal/solution1/impl/verilog/project.runs/bd_0_hls_inst_0_synth_1/bd_0_hls_inst_0.dcp' has been generated.
INFO: [runtcl-4] Executing : report_utilization -file bd_0_hls_inst_0_utilization_synth.rpt -pb bd_0_hls_inst_0_utilization_synth.pb
INFO: [Common 17-206] Exiting Vivado at Tue Aug  5 00:31:47 2025...
