INFO: [COSIM-47] Using XSIM for RTL simulation.
INFO: [COSIM-14] Instrumenting C test bench ...
   Build using "/home/fluctlights/Escritorio/PERTE/Diseño_de_Circuitos/Xilinx/Vitis_HLS/2023.2/tps/lnx64/gcc-8.3.0/bin/g++"
   Compiling apatb_bit_reverse_accel.cpp
   Compiling apatb_bit_reverse_accel_util.cpp
   Compiling bit_reversal_accel.cpp_pre.cpp.tb.cpp
   Compiling testbench.cpp_pre.cpp.tb.cpp
   Compiling apatb_bit_reverse_accel_ir.ll
   Generating cosim.tv.exe
INFO: [COSIM-302] Starting C TB testing ... 
INFO: [COSIM-333] Generating C post check test bench ...
INFO: [COSIM-12] Generating RTL test bench ...
INFO: [COSIM-1] *** C/RTL co-simulation file generation completed. ***
INFO: [COSIM-323] Starting verilog simulation. 
INFO: [COSIM-15] Starting XSIM ...
INFO: [COSIM-316] Starting C post checking ...
Reversed HW: {80000000, 40000000, c0000000, 20000000}
Reversed SW: {80000000, 40000000, c0000000, 20000000}
Err:0
INFO [HLS SIM]: The maximum depth reached by any hls::stream() instance in the design is 4
Vivado Simulator v2023.2
Copyright 1986-2022 Xilinx, Inc. All Rights Reserved.
Copyright 2022-2023 Advanced Micro Devices, Inc. All Rights Reserved.
Running: /home/fluctlights/Escritorio/PERTE/Diseño_de_Circuitos/Xilinx/Vivado/2023.2/bin/unwrapped/lnx64.o/xelab xil_defaultlib.apatb_bit_reverse_accel_top glbl -Oenable_linking_all_libraries -prj bit_reverse_accel.prj -L smartconnect_v1_0 -L axi_protocol_checker_v1_1_12 -L axi_protocol_checker_v1_1_13 -L axis_protocol_checker_v1_1_11 -L axis_protocol_checker_v1_1_12 -L xil_defaultlib -L unisims_ver -L xpm -L floating_point_v7_1_16 -L floating_point_v7_0_21 --lib ieee_proposed=./ieee_proposed -s bit_reverse_accel 
Multi-threading is on. Using 6 slave threads.
WARNING: [XSIM 43-3431] One or more environment variables have been detected which affect the operation of the C compiler. These are typically not set in standard installations and are not tested by AMD, however they may be appropriate for your system, so the flow will attempt to continue.  If errors occur, try running xelab with the "-mt off -v 1" switches to see more information from the C compiler. The following environment variables have been detected:
    LIBRARY_PATH
INFO: [VRFC 10-2263] Analyzing SystemVerilog file "/home/fluctlights/HlsProjects/bit_reversal/solution2/sim/verilog/glbl.v" into library work
INFO: [VRFC 10-311] analyzing module glbl
INFO: [VRFC 10-2263] Analyzing SystemVerilog file "/home/fluctlights/HlsProjects/bit_reversal/solution2/sim/verilog/bit_reverse_accel_regslice_both.v" into library xil_defaultlib
INFO: [VRFC 10-311] analyzing module bit_reverse_accel_regslice_both
INFO: [VRFC 10-311] analyzing module bit_reverse_accel_regslice_both_w1
INFO: [VRFC 10-2263] Analyzing SystemVerilog file "/home/fluctlights/HlsProjects/bit_reversal/solution2/sim/verilog/AESL_deadlock_idx0_monitor.v" into library xil_defaultlib
INFO: [VRFC 10-311] analyzing module AESL_deadlock_idx0_monitor
INFO: [VRFC 10-2263] Analyzing SystemVerilog file "/home/fluctlights/HlsProjects/bit_reversal/solution2/sim/verilog/bit_reverse_accel.v" into library xil_defaultlib
INFO: [VRFC 10-311] analyzing module bit_reverse_accel
INFO: [VRFC 10-2263] Analyzing SystemVerilog file "/home/fluctlights/HlsProjects/bit_reversal/solution2/sim/verilog/AESL_deadlock_kernel_monitor_top.v" into library xil_defaultlib
INFO: [VRFC 10-311] analyzing module AESL_deadlock_kernel_monitor_top
INFO: [VRFC 10-2263] Analyzing SystemVerilog file "/home/fluctlights/HlsProjects/bit_reversal/solution2/sim/verilog/AESL_axi_s_s_axis.v" into library xil_defaultlib
INFO: [VRFC 10-311] analyzing module AESL_axi_s_s_axis
INFO: [VRFC 10-2263] Analyzing SystemVerilog file "/home/fluctlights/HlsProjects/bit_reversal/solution2/sim/verilog/AESL_fifo.v" into library xil_defaultlib
INFO: [VRFC 10-311] analyzing module fifo
INFO: [VRFC 10-2263] Analyzing SystemVerilog file "/home/fluctlights/HlsProjects/bit_reversal/solution2/sim/verilog/AESL_axi_s_m_axis.v" into library xil_defaultlib
INFO: [VRFC 10-311] analyzing module AESL_axi_s_m_axis
INFO: [VRFC 10-2263] Analyzing SystemVerilog file "/home/fluctlights/HlsProjects/bit_reversal/solution2/sim/verilog/bit_reverse_accel.autotb.v" into library xil_defaultlib
INFO: [VRFC 10-311] analyzing module apatb_bit_reverse_accel_top
INFO: [VRFC 10-2263] Analyzing SystemVerilog file "/home/fluctlights/HlsProjects/bit_reversal/solution2/sim/verilog/dataflow_monitor.sv" into library xil_defaultlib
INFO: [VRFC 10-311] analyzing module dataflow_monitor
Starting static elaboration
Pass Through NonSizing Optimizer
Completed static elaboration
Starting simulation data flow analysis
Completed simulation data flow analysis
Time Resolution for simulation is 1ps
Compiling package xil_defaultlib.$unit_dataflow_monitor_sv
Compiling module xil_defaultlib.bit_reverse_accel_regslice_both
Compiling module xil_defaultlib.bit_reverse_accel_regslice_both(...
Compiling module xil_defaultlib.bit_reverse_accel_regslice_both(...
Compiling module xil_defaultlib.bit_reverse_accel
Compiling module xil_defaultlib.fifo(DEPTH=4,WIDTH=32)
Compiling module xil_defaultlib.fifo(DEPTH=4,WIDTH=4)
Compiling module xil_defaultlib.fifo(DEPTH=4,WIDTH=1)
Compiling module xil_defaultlib.AESL_axi_s_s_axis
Compiling module xil_defaultlib.AESL_axi_s_m_axis
Compiling module xil_defaultlib.AESL_deadlock_idx0_monitor
Compiling module xil_defaultlib.AESL_deadlock_kernel_monitor_top...
Compiling module xil_defaultlib.nodf_module_intf
Compiling module xil_defaultlib.dataflow_monitor
Compiling module xil_defaultlib.apatb_bit_reverse_accel_top
Compiling module work.glbl
Built simulation snapshot bit_reverse_accel

****** xsim v2023.2 (64-bit)
  **** SW Build 4029153 on Fri Oct 13 20:13:54 MDT 2023
  **** IP Build 4028589 on Sat Oct 14 00:45:43 MDT 2023
  **** SharedData Build 4025554 on Tue Oct 10 17:18:54 MDT 2023
    ** Copyright 1986-2022 Xilinx, Inc. All Rights Reserved.
    ** Copyright 2022-2023 Advanced Micro Devices, Inc. All Rights Reserved.

source xsim.dir/bit_reverse_accel/xsim_script.tcl
# xsim {bit_reverse_accel} -autoloadwcfg -tclbatch {bit_reverse_accel.tcl}
Time resolution is 1 ps
source bit_reverse_accel.tcl
## run all
////////////////////////////////////////////////////////////////////////////////////
// Inter-Transaction Progress: Completed Transaction / Total Transaction
// Intra-Transaction Progress: Measured Latency / Latency Estimation * 100%
//
// RTL Simulation : "Inter-Transaction Progress" ["Intra-Transaction Progress"] @ "Simulation Time"
////////////////////////////////////////////////////////////////////////////////////
// RTL Simulation : 0 / 1 [0.00%] @ "125000"
// RTL Simulation : 1 / 1 [100.00%] @ "195000"
////////////////////////////////////////////////////////////////////////////////////
$finish called at time : 255 ns : File "/home/fluctlights/HlsProjects/bit_reversal/solution2/sim/verilog/bit_reverse_accel.autotb.v" Line 250
## quit
INFO: [Common 17-206] Exiting xsim at Mon Sep  1 14:21:08 2025...
WARNING: [SIM 212-201] RTL produces unknown value 'x' or 'X' on some port, possible cause: There are uninitialized variables in the design.
WARNING: [SIM 212-201] RTL produces unknown value 'x' or 'X' on some port, possible cause: There are uninitialized variables in the design.
Reversed HW: {80000000, 40000000, c0000000, 20000000}
Reversed SW: {80000000, 40000000, c0000000, 20000000}
Err:0
INFO [HLS SIM]: The maximum depth reached by any hls::stream() instance in the design is 4
INFO: [COSIM-1000] *** C/RTL co-simulation finished: PASS ***
