

================================================================
== Vitis HLS Report for 'bit_reverse_accel'
================================================================
* Date:           Mon Sep  1 14:20:31 2025

* Version:        2023.2 (Build 4023990 on Oct 11 2023)
* Project:        bit_reversal
* Solution:       solution2 (Vivado IP Flow Target)
* Product family: artix7
* Target device:  xc7a100t-csg324-3


================================================================
== Performance Estimates
================================================================
+ Timing: 
    * Summary: 
    +--------+----------+----------+------------+
    |  Clock |  Target  | Estimated| Uncertainty|
    +--------+----------+----------+------------+
    |ap_clk  |  10.00 ns|  2.000 ns|     2.70 ns|
    +--------+----------+----------+------------+

+ Latency: 
    * Summary: 
    +---------+---------+-----------+-----------+-----+-----+---------+
    |  Latency (cycles) |   Latency (absolute)  |  Interval | Pipeline|
    |   min   |   max   |    min    |    max    | min | max |   Type  |
    +---------+---------+-----------+-----------+-----+-----+---------+
    |        4|        4|  40.000 ns|  40.000 ns|    4|    4|      yes|
    +---------+---------+-----------+-----------+-----+-----+---------+

    + Detail: 
        * Instance: 
        N/A

        * Loop: 
        N/A

============================================================
+ Verbose Summary: Synthesis Manager
============================================================
InlineROM: 1
ExposeGlobal: 0
============================================================
+ Verbose Summary: CDFG Model
============================================================
IsTopModel: 1
ResetActiveHigh: 1
IsCombinational: 0
IsDatapathOnly: 0
HasWiredReturn: 1
HasMFsm: 2
HasVarLatency: 0
IsPipeline: 1
IsRtlPipelined: 1
IsInstanceOverlapped: 0
IsDontTouch: 0
HasImplIP: 0
IsGatedGlobalClock: 0

+ Individual pipeline summary: 
  * Pipeline-0: initiation interval (II) = 4, depth = 5


============================================================
+ Verbose Summary: Schedule
============================================================
* Number of FSM states : 5
* Pipeline : 1
  Pipeline-0 : II = 4, D = 5, States = { 1 2 3 4 5 }
* Dataflow Pipeline: 0

* FSM state transitions: 
1 --> 2 
2 --> 3 
3 --> 4 
4 --> 5 
5 --> 

* FSM state operations: 

State 1 <SV = 0> <Delay = 2.00>
ST_1 : Operation 6 [1/1] (1.00ns)   --->   "%empty = read i41 @_ssdm_op_Read.axis.volatile.i32P0A.i4P0A.i4P0A.i1P0A, i32 %s_axis_V_data_V, i4 %s_axis_V_keep_V, i4 %s_axis_V_strb_V, i1 %s_axis_V_last_V" [bit_reversal/Diseno/bit_reversal_accel.cpp:18]   --->   Operation 6 'read' 'empty' <Predicate = true> <Delay = 1.00> <CoreInst = "axis">   --->   Core 115 'axis' <Latency = 0> <II = 1> <Delay = 1.00> <Adapter> <Opcode : >
ST_1 : Operation 7 [1/1] (0.00ns)   --->   "%input_word_data = extractvalue i41 %empty" [bit_reversal/Diseno/bit_reversal_accel.cpp:18]   --->   Operation 7 'extractvalue' 'input_word_data' <Predicate = true> <Delay = 0.00>
ST_1 : Operation 8 [1/1] (0.00ns)   --->   "%reversed = partselect i32 @_ssdm_op_PartSelect.i32.i32.i32.i32, i32 %input_word_data, i32 31, i32 0" [bit_reversal/Diseno/bit_reversal_accel.cpp:22]   --->   Operation 8 'partselect' 'reversed' <Predicate = true> <Delay = 0.00>
ST_1 : Operation 9 [2/2] (1.00ns)   --->   "%write_ln27 = write void @_ssdm_op_Write.axis.volatile.i32P0A.i4P0A.i4P0A.i1P0A, i32 %m_axis_V_data_V, i4 %m_axis_V_keep_V, i4 %m_axis_V_strb_V, i1 %m_axis_V_last_V, i32 %reversed, i4 0, i4 0, i1 0" [bit_reversal/Diseno/bit_reversal_accel.cpp:27]   --->   Operation 9 'write' 'write_ln27' <Predicate = true> <Delay = 1.00> <CoreInst = "axis">   --->   Core 115 'axis' <Latency = 0> <II = 1> <Delay = 1.00> <Adapter> <Opcode : >

State 2 <SV = 1> <Delay = 2.00>
ST_2 : Operation 10 [1/2] (1.00ns)   --->   "%write_ln27 = write void @_ssdm_op_Write.axis.volatile.i32P0A.i4P0A.i4P0A.i1P0A, i32 %m_axis_V_data_V, i4 %m_axis_V_keep_V, i4 %m_axis_V_strb_V, i1 %m_axis_V_last_V, i32 %reversed, i4 0, i4 0, i1 0" [bit_reversal/Diseno/bit_reversal_accel.cpp:27]   --->   Operation 10 'write' 'write_ln27' <Predicate = true> <Delay = 1.00> <CoreInst = "axis">   --->   Core 115 'axis' <Latency = 0> <II = 1> <Delay = 1.00> <Adapter> <Opcode : >
ST_2 : Operation 11 [1/1] (1.00ns)   --->   "%empty_10 = read i41 @_ssdm_op_Read.axis.volatile.i32P0A.i4P0A.i4P0A.i1P0A, i32 %s_axis_V_data_V, i4 %s_axis_V_keep_V, i4 %s_axis_V_strb_V, i1 %s_axis_V_last_V" [bit_reversal/Diseno/bit_reversal_accel.cpp:18]   --->   Operation 11 'read' 'empty_10' <Predicate = true> <Delay = 1.00> <CoreInst = "axis">   --->   Core 115 'axis' <Latency = 0> <II = 1> <Delay = 1.00> <Adapter> <Opcode : >
ST_2 : Operation 12 [1/1] (0.00ns)   --->   "%input_word_data_1 = extractvalue i41 %empty_10" [bit_reversal/Diseno/bit_reversal_accel.cpp:18]   --->   Operation 12 'extractvalue' 'input_word_data_1' <Predicate = true> <Delay = 0.00>
ST_2 : Operation 13 [1/1] (0.00ns)   --->   "%reversed_1 = partselect i32 @_ssdm_op_PartSelect.i32.i32.i32.i32, i32 %input_word_data_1, i32 31, i32 0" [bit_reversal/Diseno/bit_reversal_accel.cpp:22]   --->   Operation 13 'partselect' 'reversed_1' <Predicate = true> <Delay = 0.00>
ST_2 : Operation 14 [2/2] (1.00ns)   --->   "%write_ln27 = write void @_ssdm_op_Write.axis.volatile.i32P0A.i4P0A.i4P0A.i1P0A, i32 %m_axis_V_data_V, i4 %m_axis_V_keep_V, i4 %m_axis_V_strb_V, i1 %m_axis_V_last_V, i32 %reversed_1, i4 0, i4 0, i1 0" [bit_reversal/Diseno/bit_reversal_accel.cpp:27]   --->   Operation 14 'write' 'write_ln27' <Predicate = true> <Delay = 1.00> <CoreInst = "axis">   --->   Core 115 'axis' <Latency = 0> <II = 1> <Delay = 1.00> <Adapter> <Opcode : >

State 3 <SV = 2> <Delay = 2.00>
ST_3 : Operation 15 [1/2] (1.00ns)   --->   "%write_ln27 = write void @_ssdm_op_Write.axis.volatile.i32P0A.i4P0A.i4P0A.i1P0A, i32 %m_axis_V_data_V, i4 %m_axis_V_keep_V, i4 %m_axis_V_strb_V, i1 %m_axis_V_last_V, i32 %reversed_1, i4 0, i4 0, i1 0" [bit_reversal/Diseno/bit_reversal_accel.cpp:27]   --->   Operation 15 'write' 'write_ln27' <Predicate = true> <Delay = 1.00> <CoreInst = "axis">   --->   Core 115 'axis' <Latency = 0> <II = 1> <Delay = 1.00> <Adapter> <Opcode : >
ST_3 : Operation 16 [1/1] (1.00ns)   --->   "%empty_11 = read i41 @_ssdm_op_Read.axis.volatile.i32P0A.i4P0A.i4P0A.i1P0A, i32 %s_axis_V_data_V, i4 %s_axis_V_keep_V, i4 %s_axis_V_strb_V, i1 %s_axis_V_last_V" [bit_reversal/Diseno/bit_reversal_accel.cpp:18]   --->   Operation 16 'read' 'empty_11' <Predicate = true> <Delay = 1.00> <CoreInst = "axis">   --->   Core 115 'axis' <Latency = 0> <II = 1> <Delay = 1.00> <Adapter> <Opcode : >
ST_3 : Operation 17 [1/1] (0.00ns)   --->   "%input_word_data_2 = extractvalue i41 %empty_11" [bit_reversal/Diseno/bit_reversal_accel.cpp:18]   --->   Operation 17 'extractvalue' 'input_word_data_2' <Predicate = true> <Delay = 0.00>
ST_3 : Operation 18 [1/1] (0.00ns)   --->   "%reversed_2 = partselect i32 @_ssdm_op_PartSelect.i32.i32.i32.i32, i32 %input_word_data_2, i32 31, i32 0" [bit_reversal/Diseno/bit_reversal_accel.cpp:22]   --->   Operation 18 'partselect' 'reversed_2' <Predicate = true> <Delay = 0.00>
ST_3 : Operation 19 [2/2] (1.00ns)   --->   "%write_ln27 = write void @_ssdm_op_Write.axis.volatile.i32P0A.i4P0A.i4P0A.i1P0A, i32 %m_axis_V_data_V, i4 %m_axis_V_keep_V, i4 %m_axis_V_strb_V, i1 %m_axis_V_last_V, i32 %reversed_2, i4 0, i4 0, i1 0" [bit_reversal/Diseno/bit_reversal_accel.cpp:27]   --->   Operation 19 'write' 'write_ln27' <Predicate = true> <Delay = 1.00> <CoreInst = "axis">   --->   Core 115 'axis' <Latency = 0> <II = 1> <Delay = 1.00> <Adapter> <Opcode : >

State 4 <SV = 3> <Delay = 2.00>
ST_4 : Operation 20 [1/2] (1.00ns)   --->   "%write_ln27 = write void @_ssdm_op_Write.axis.volatile.i32P0A.i4P0A.i4P0A.i1P0A, i32 %m_axis_V_data_V, i4 %m_axis_V_keep_V, i4 %m_axis_V_strb_V, i1 %m_axis_V_last_V, i32 %reversed_2, i4 0, i4 0, i1 0" [bit_reversal/Diseno/bit_reversal_accel.cpp:27]   --->   Operation 20 'write' 'write_ln27' <Predicate = true> <Delay = 1.00> <CoreInst = "axis">   --->   Core 115 'axis' <Latency = 0> <II = 1> <Delay = 1.00> <Adapter> <Opcode : >
ST_4 : Operation 21 [1/1] (1.00ns)   --->   "%empty_12 = read i41 @_ssdm_op_Read.axis.volatile.i32P0A.i4P0A.i4P0A.i1P0A, i32 %s_axis_V_data_V, i4 %s_axis_V_keep_V, i4 %s_axis_V_strb_V, i1 %s_axis_V_last_V" [bit_reversal/Diseno/bit_reversal_accel.cpp:18]   --->   Operation 21 'read' 'empty_12' <Predicate = true> <Delay = 1.00> <CoreInst = "axis">   --->   Core 115 'axis' <Latency = 0> <II = 1> <Delay = 1.00> <Adapter> <Opcode : >
ST_4 : Operation 22 [1/1] (0.00ns)   --->   "%input_word_data_3 = extractvalue i41 %empty_12" [bit_reversal/Diseno/bit_reversal_accel.cpp:18]   --->   Operation 22 'extractvalue' 'input_word_data_3' <Predicate = true> <Delay = 0.00>
ST_4 : Operation 23 [1/1] (0.00ns)   --->   "%reversed_3 = partselect i32 @_ssdm_op_PartSelect.i32.i32.i32.i32, i32 %input_word_data_3, i32 31, i32 0" [bit_reversal/Diseno/bit_reversal_accel.cpp:22]   --->   Operation 23 'partselect' 'reversed_3' <Predicate = true> <Delay = 0.00>
ST_4 : Operation 24 [2/2] (1.00ns)   --->   "%write_ln27 = write void @_ssdm_op_Write.axis.volatile.i32P0A.i4P0A.i4P0A.i1P0A, i32 %m_axis_V_data_V, i4 %m_axis_V_keep_V, i4 %m_axis_V_strb_V, i1 %m_axis_V_last_V, i32 %reversed_3, i4 0, i4 0, i1 1" [bit_reversal/Diseno/bit_reversal_accel.cpp:27]   --->   Operation 24 'write' 'write_ln27' <Predicate = true> <Delay = 1.00> <CoreInst = "axis">   --->   Core 115 'axis' <Latency = 0> <II = 1> <Delay = 1.00> <Adapter> <Opcode : >

State 5 <SV = 4> <Delay = 1.00>
ST_5 : Operation 25 [1/1] (0.00ns)   --->   "%specpipeline_ln10 = specpipeline void @_ssdm_op_SpecPipeline, i32 3, i32 0, i32 0, i32 0, void @empty_1" [bit_reversal/Diseno/bit_reversal_accel.cpp:10]   --->   Operation 25 'specpipeline' 'specpipeline_ln10' <Predicate = true> <Delay = 0.00>
ST_5 : Operation 26 [1/1] (0.00ns)   --->   "%spectopmodule_ln4 = spectopmodule void @_ssdm_op_SpecTopModule, void @empty_4" [bit_reversal/Diseno/bit_reversal_accel.cpp:4]   --->   Operation 26 'spectopmodule' 'spectopmodule_ln4' <Predicate = true> <Delay = 0.00>
ST_5 : Operation 27 [1/1] (0.00ns)   --->   "%specinterface_ln4 = specinterface void @_ssdm_op_SpecInterface, i32 0, void @empty_5, i32 0, i32 0, void @empty_1, i32 0, i32 0, void @empty_1, void @empty_1, void @empty_1, i32 0, i32 0, i32 0, i32 0, void @empty_1, void @empty_1, i32 4294967295, i32 0" [bit_reversal/Diseno/bit_reversal_accel.cpp:4]   --->   Operation 27 'specinterface' 'specinterface_ln4' <Predicate = true> <Delay = 0.00>
ST_5 : Operation 28 [1/1] (0.00ns)   --->   "%specinterface_ln0 = specinterface void @_ssdm_op_SpecInterface, i32 %s_axis_V_data_V, i4 %s_axis_V_keep_V, i4 %s_axis_V_strb_V, i1 %s_axis_V_last_V, void @empty, i32 1, i32 1, void @empty_0, i32 0, i32 0, void @empty_1, void @empty_1, void @empty_1, i32 0, i32 0, i32 0, i32 0, void @empty_1, void @empty_1, i32 4294967295, i32 0"   --->   Operation 28 'specinterface' 'specinterface_ln0' <Predicate = true> <Delay = 0.00>
ST_5 : Operation 29 [1/1] (0.00ns)   --->   "%specbitsmap_ln0 = specbitsmap void @_ssdm_op_SpecBitsMap, i32 %s_axis_V_data_V"   --->   Operation 29 'specbitsmap' 'specbitsmap_ln0' <Predicate = true> <Delay = 0.00>
ST_5 : Operation 30 [1/1] (0.00ns)   --->   "%specbitsmap_ln0 = specbitsmap void @_ssdm_op_SpecBitsMap, i4 %s_axis_V_keep_V"   --->   Operation 30 'specbitsmap' 'specbitsmap_ln0' <Predicate = true> <Delay = 0.00>
ST_5 : Operation 31 [1/1] (0.00ns)   --->   "%specbitsmap_ln0 = specbitsmap void @_ssdm_op_SpecBitsMap, i4 %s_axis_V_strb_V"   --->   Operation 31 'specbitsmap' 'specbitsmap_ln0' <Predicate = true> <Delay = 0.00>
ST_5 : Operation 32 [1/1] (0.00ns)   --->   "%specbitsmap_ln0 = specbitsmap void @_ssdm_op_SpecBitsMap, i1 %s_axis_V_last_V"   --->   Operation 32 'specbitsmap' 'specbitsmap_ln0' <Predicate = true> <Delay = 0.00>
ST_5 : Operation 33 [1/1] (0.00ns)   --->   "%specinterface_ln0 = specinterface void @_ssdm_op_SpecInterface, i32 %m_axis_V_data_V, i4 %m_axis_V_keep_V, i4 %m_axis_V_strb_V, i1 %m_axis_V_last_V, void @empty, i32 1, i32 1, void @empty_0, i32 0, i32 0, void @empty_1, void @empty_1, void @empty_1, i32 0, i32 0, i32 0, i32 0, void @empty_1, void @empty_1, i32 4294967295, i32 0"   --->   Operation 33 'specinterface' 'specinterface_ln0' <Predicate = true> <Delay = 0.00>
ST_5 : Operation 34 [1/1] (0.00ns)   --->   "%specbitsmap_ln0 = specbitsmap void @_ssdm_op_SpecBitsMap, i32 %m_axis_V_data_V"   --->   Operation 34 'specbitsmap' 'specbitsmap_ln0' <Predicate = true> <Delay = 0.00>
ST_5 : Operation 35 [1/1] (0.00ns)   --->   "%specbitsmap_ln0 = specbitsmap void @_ssdm_op_SpecBitsMap, i4 %m_axis_V_keep_V"   --->   Operation 35 'specbitsmap' 'specbitsmap_ln0' <Predicate = true> <Delay = 0.00>
ST_5 : Operation 36 [1/1] (0.00ns)   --->   "%specbitsmap_ln0 = specbitsmap void @_ssdm_op_SpecBitsMap, i4 %m_axis_V_strb_V"   --->   Operation 36 'specbitsmap' 'specbitsmap_ln0' <Predicate = true> <Delay = 0.00>
ST_5 : Operation 37 [1/1] (0.00ns)   --->   "%specbitsmap_ln0 = specbitsmap void @_ssdm_op_SpecBitsMap, i1 %m_axis_V_last_V"   --->   Operation 37 'specbitsmap' 'specbitsmap_ln0' <Predicate = true> <Delay = 0.00>
ST_5 : Operation 38 [1/2] (1.00ns)   --->   "%write_ln27 = write void @_ssdm_op_Write.axis.volatile.i32P0A.i4P0A.i4P0A.i1P0A, i32 %m_axis_V_data_V, i4 %m_axis_V_keep_V, i4 %m_axis_V_strb_V, i1 %m_axis_V_last_V, i32 %reversed_3, i4 0, i4 0, i1 1" [bit_reversal/Diseno/bit_reversal_accel.cpp:27]   --->   Operation 38 'write' 'write_ln27' <Predicate = true> <Delay = 1.00> <CoreInst = "axis">   --->   Core 115 'axis' <Latency = 0> <II = 1> <Delay = 1.00> <Adapter> <Opcode : >
ST_5 : Operation 39 [1/1] (0.00ns)   --->   "%specaxissidechannel_ln29 = specaxissidechannel void @_ssdm_op_SpecAXISSideChannel, i32 %m_axis_V_data_V, i4 %m_axis_V_keep_V, i4 %m_axis_V_strb_V, i1 0, i1 %m_axis_V_last_V, i1 0, i1 0, void @empty_2" [bit_reversal/Diseno/bit_reversal_accel.cpp:29]   --->   Operation 39 'specaxissidechannel' 'specaxissidechannel_ln29' <Predicate = true> <Delay = 0.00>
ST_5 : Operation 40 [1/1] (0.00ns)   --->   "%specaxissidechannel_ln29 = specaxissidechannel void @_ssdm_op_SpecAXISSideChannel, i32 %s_axis_V_data_V, i4 %s_axis_V_keep_V, i4 %s_axis_V_strb_V, i1 0, i1 %s_axis_V_last_V, i1 0, i1 0, void @empty_3" [bit_reversal/Diseno/bit_reversal_accel.cpp:29]   --->   Operation 40 'specaxissidechannel' 'specaxissidechannel_ln29' <Predicate = true> <Delay = 0.00>
ST_5 : Operation 41 [1/1] (0.00ns)   --->   "%ret_ln29 = ret" [bit_reversal/Diseno/bit_reversal_accel.cpp:29]   --->   Operation 41 'ret' 'ret_ln29' <Predicate = true> <Delay = 0.00>


============================================================
+ Verbose Summary: Binding
============================================================
STG Binding: 
---------------- STG Properties BEGIN ----------------
- Is combinational: 0
- Is one-state seq: 0
- Is datapath-only: 0
- Is pipelined: 1
- Is top level: 1
Port [ Return ] is wired: 1; IO mode=ap_ctrl_none:ce=0
Port [ s_axis_V_data_V]:  wired=1; compound=1; hidden=0; nouse=0; global=0; static=0; extern=0; dir=0; type=0; pingpong=0; private_global=0; IO mode=axis:ce=0
Port [ s_axis_V_keep_V]:  wired=1; compound=1; hidden=0; nouse=0; global=0; static=0; extern=0; dir=0; type=0; pingpong=0; private_global=0; IO mode=axis:ce=0
Port [ s_axis_V_strb_V]:  wired=1; compound=1; hidden=0; nouse=0; global=0; static=0; extern=0; dir=0; type=0; pingpong=0; private_global=0; IO mode=axis:ce=0
Port [ s_axis_V_last_V]:  wired=1; compound=1; hidden=0; nouse=0; global=0; static=0; extern=0; dir=0; type=0; pingpong=0; private_global=0; IO mode=axis:ce=0
Port [ m_axis_V_data_V]:  wired=1; compound=1; hidden=0; nouse=0; global=0; static=0; extern=0; dir=1; type=0; pingpong=0; private_global=0; IO mode=axis:ce=0
Port [ m_axis_V_keep_V]:  wired=1; compound=1; hidden=0; nouse=0; global=0; static=0; extern=0; dir=1; type=0; pingpong=0; private_global=0; IO mode=axis:ce=0
Port [ m_axis_V_strb_V]:  wired=1; compound=1; hidden=0; nouse=0; global=0; static=0; extern=0; dir=1; type=0; pingpong=0; private_global=0; IO mode=axis:ce=0
Port [ m_axis_V_last_V]:  wired=1; compound=1; hidden=0; nouse=0; global=0; static=0; extern=0; dir=1; type=0; pingpong=0; private_global=0; IO mode=axis:ce=0
---------------- STG Properties END ------------------

---------------- Datapath Model BEGIN ----------------

<LifeTime>
<method=bitvector/>
empty                    (read               ) [ 000000]
input_word_data          (extractvalue       ) [ 000000]
reversed                 (partselect         ) [ 001000]
write_ln27               (write              ) [ 000000]
empty_10                 (read               ) [ 000000]
input_word_data_1        (extractvalue       ) [ 000000]
reversed_1               (partselect         ) [ 000100]
write_ln27               (write              ) [ 000000]
empty_11                 (read               ) [ 000000]
input_word_data_2        (extractvalue       ) [ 000000]
reversed_2               (partselect         ) [ 000010]
write_ln27               (write              ) [ 000000]
empty_12                 (read               ) [ 000000]
input_word_data_3        (extractvalue       ) [ 000000]
reversed_3               (partselect         ) [ 010001]
specpipeline_ln10        (specpipeline       ) [ 000000]
spectopmodule_ln4        (spectopmodule      ) [ 000000]
specinterface_ln4        (specinterface      ) [ 000000]
specinterface_ln0        (specinterface      ) [ 000000]
specbitsmap_ln0          (specbitsmap        ) [ 000000]
specbitsmap_ln0          (specbitsmap        ) [ 000000]
specbitsmap_ln0          (specbitsmap        ) [ 000000]
specbitsmap_ln0          (specbitsmap        ) [ 000000]
specinterface_ln0        (specinterface      ) [ 000000]
specbitsmap_ln0          (specbitsmap        ) [ 000000]
specbitsmap_ln0          (specbitsmap        ) [ 000000]
specbitsmap_ln0          (specbitsmap        ) [ 000000]
specbitsmap_ln0          (specbitsmap        ) [ 000000]
write_ln27               (write              ) [ 000000]
specaxissidechannel_ln29 (specaxissidechannel) [ 000000]
specaxissidechannel_ln29 (specaxissidechannel) [ 000000]
ret_ln29                 (ret                ) [ 000000]
</LifeTime>

<model>

<comp_list>
<comp id="0" class="1000" name="s_axis_V_data_V">
<pin_list>
<pin id="1" dir="1" index="0" bw="1" slack="0"/>
</pin_list>
<bind>
<StgValue><ssdm name="s_axis_V_data_V"/></StgValue>
</bind>
</comp>

<comp id="2" class="1000" name="s_axis_V_keep_V">
<pin_list>
<pin id="3" dir="1" index="0" bw="1" slack="0"/>
</pin_list>
<bind>
<StgValue><ssdm name="s_axis_V_keep_V"/></StgValue>
</bind>
</comp>

<comp id="4" class="1000" name="s_axis_V_strb_V">
<pin_list>
<pin id="5" dir="1" index="0" bw="1" slack="0"/>
</pin_list>
<bind>
<StgValue><ssdm name="s_axis_V_strb_V"/></StgValue>
</bind>
</comp>

<comp id="6" class="1000" name="s_axis_V_last_V">
<pin_list>
<pin id="7" dir="1" index="0" bw="1" slack="0"/>
</pin_list>
<bind>
<StgValue><ssdm name="s_axis_V_last_V"/></StgValue>
</bind>
</comp>

<comp id="8" class="1000" name="m_axis_V_data_V">
<pin_list>
<pin id="9" dir="1" index="0" bw="1" slack="0"/>
</pin_list>
<bind>
<StgValue><ssdm name="m_axis_V_data_V"/></StgValue>
</bind>
</comp>

<comp id="10" class="1000" name="m_axis_V_keep_V">
<pin_list>
<pin id="11" dir="1" index="0" bw="1" slack="0"/>
</pin_list>
<bind>
<StgValue><ssdm name="m_axis_V_keep_V"/></StgValue>
</bind>
</comp>

<comp id="12" class="1000" name="m_axis_V_strb_V">
<pin_list>
<pin id="13" dir="1" index="0" bw="1" slack="0"/>
</pin_list>
<bind>
<StgValue><ssdm name="m_axis_V_strb_V"/></StgValue>
</bind>
</comp>

<comp id="14" class="1000" name="m_axis_V_last_V">
<pin_list>
<pin id="15" dir="1" index="0" bw="1" slack="0"/>
</pin_list>
<bind>
<StgValue><ssdm name="m_axis_V_last_V"/></StgValue>
</bind>
</comp>

<comp id="16" class="1001" name="const_16">
<pin_list>
<pin id="17" dir="1" index="0" bw="1" slack="0"/>
</pin_list>
<bind>
<StgValue><ssdm name="_ssdm_op_Read.axis.volatile.i32P0A.i4P0A.i4P0A.i1P0A"/></StgValue>
</bind>
</comp>

<comp id="18" class="1001" name="const_18">
<pin_list>
<pin id="19" dir="1" index="0" bw="1" slack="0"/>
</pin_list>
<bind>
<StgValue><ssdm name="_ssdm_op_PartSelect.i32.i32.i32.i32"/></StgValue>
</bind>
</comp>

<comp id="20" class="1001" name="const_20">
<pin_list>
<pin id="21" dir="1" index="0" bw="1" slack="0"/>
</pin_list>
<bind>
<StgValue><ssdm name=""/></StgValue>
</bind>
</comp>

<comp id="22" class="1001" name="const_22">
<pin_list>
<pin id="23" dir="1" index="0" bw="1" slack="0"/>
</pin_list>
<bind>
<StgValue><ssdm name=""/></StgValue>
</bind>
</comp>

<comp id="24" class="1001" name="const_24">
<pin_list>
<pin id="25" dir="1" index="0" bw="1" slack="0"/>
</pin_list>
<bind>
<StgValue><ssdm name="_ssdm_op_Write.axis.volatile.i32P0A.i4P0A.i4P0A.i1P0A"/></StgValue>
</bind>
</comp>

<comp id="26" class="1001" name="const_26">
<pin_list>
<pin id="27" dir="1" index="0" bw="1" slack="0"/>
</pin_list>
<bind>
<StgValue><ssdm name=""/></StgValue>
</bind>
</comp>

<comp id="28" class="1001" name="const_28">
<pin_list>
<pin id="29" dir="1" index="0" bw="1" slack="0"/>
</pin_list>
<bind>
<StgValue><ssdm name=""/></StgValue>
</bind>
</comp>

<comp id="30" class="1001" name="const_30">
<pin_list>
<pin id="31" dir="1" index="0" bw="1" slack="0"/>
</pin_list>
<bind>
<StgValue><ssdm name=""/></StgValue>
</bind>
</comp>

<comp id="32" class="1001" name="const_32">
<pin_list>
<pin id="33" dir="1" index="0" bw="1" slack="2147483647"/>
</pin_list>
<bind>
<StgValue><ssdm name="_ssdm_op_SpecPipeline"/></StgValue>
</bind>
</comp>

<comp id="34" class="1001" name="const_34">
<pin_list>
<pin id="35" dir="1" index="0" bw="1" slack="2147483647"/>
</pin_list>
<bind>
<StgValue><ssdm name=""/></StgValue>
</bind>
</comp>

<comp id="36" class="1001" name="const_36">
<pin_list>
<pin id="37" dir="1" index="0" bw="1" slack="2147483647"/>
</pin_list>
<bind>
<StgValue><ssdm name="empty_1"/></StgValue>
</bind>
</comp>

<comp id="38" class="1001" name="const_38">
<pin_list>
<pin id="39" dir="1" index="0" bw="1" slack="2147483647"/>
</pin_list>
<bind>
<StgValue><ssdm name="_ssdm_op_SpecTopModule"/></StgValue>
</bind>
</comp>

<comp id="40" class="1001" name="const_40">
<pin_list>
<pin id="41" dir="1" index="0" bw="1" slack="2147483647"/>
</pin_list>
<bind>
<StgValue><ssdm name="empty_4"/></StgValue>
</bind>
</comp>

<comp id="42" class="1001" name="const_42">
<pin_list>
<pin id="43" dir="1" index="0" bw="1" slack="2147483647"/>
</pin_list>
<bind>
<StgValue><ssdm name="_ssdm_op_SpecInterface"/></StgValue>
</bind>
</comp>

<comp id="44" class="1001" name="const_44">
<pin_list>
<pin id="45" dir="1" index="0" bw="1" slack="2147483647"/>
</pin_list>
<bind>
<StgValue><ssdm name="empty_5"/></StgValue>
</bind>
</comp>

<comp id="46" class="1001" name="const_46">
<pin_list>
<pin id="47" dir="1" index="0" bw="1" slack="2147483647"/>
</pin_list>
<bind>
<StgValue><ssdm name=""/></StgValue>
</bind>
</comp>

<comp id="48" class="1001" name="const_48">
<pin_list>
<pin id="49" dir="1" index="0" bw="1" slack="2147483647"/>
</pin_list>
<bind>
<StgValue><ssdm name="empty"/></StgValue>
</bind>
</comp>

<comp id="50" class="1001" name="const_50">
<pin_list>
<pin id="51" dir="1" index="0" bw="1" slack="2147483647"/>
</pin_list>
<bind>
<StgValue><ssdm name=""/></StgValue>
</bind>
</comp>

<comp id="52" class="1001" name="const_52">
<pin_list>
<pin id="53" dir="1" index="0" bw="1" slack="2147483647"/>
</pin_list>
<bind>
<StgValue><ssdm name="empty_0"/></StgValue>
</bind>
</comp>

<comp id="54" class="1001" name="const_54">
<pin_list>
<pin id="55" dir="1" index="0" bw="1" slack="2147483647"/>
</pin_list>
<bind>
<StgValue><ssdm name="_ssdm_op_SpecBitsMap"/></StgValue>
</bind>
</comp>

<comp id="56" class="1001" name="const_56">
<pin_list>
<pin id="57" dir="1" index="0" bw="1" slack="2147483647"/>
</pin_list>
<bind>
<StgValue><ssdm name="_ssdm_op_SpecAXISSideChannel"/></StgValue>
</bind>
</comp>

<comp id="58" class="1001" name="const_58">
<pin_list>
<pin id="59" dir="1" index="0" bw="1" slack="2147483647"/>
</pin_list>
<bind>
<StgValue><ssdm name=""/></StgValue>
</bind>
</comp>

<comp id="60" class="1001" name="const_60">
<pin_list>
<pin id="61" dir="1" index="0" bw="1" slack="2147483647"/>
</pin_list>
<bind>
<StgValue><ssdm name="empty_2"/></StgValue>
</bind>
</comp>

<comp id="62" class="1001" name="const_62">
<pin_list>
<pin id="63" dir="1" index="0" bw="1" slack="2147483647"/>
</pin_list>
<bind>
<StgValue><ssdm name="empty_3"/></StgValue>
</bind>
</comp>

<comp id="64" class="1004" name="grp_read_fu_64">
<pin_list>
<pin id="65" dir="0" index="0" bw="41" slack="0"/>
<pin id="66" dir="0" index="1" bw="32" slack="0"/>
<pin id="67" dir="0" index="2" bw="4" slack="0"/>
<pin id="68" dir="0" index="3" bw="4" slack="0"/>
<pin id="69" dir="0" index="4" bw="1" slack="0"/>
<pin id="70" dir="1" index="5" bw="41" slack="0"/>
</pin_list>
<bind>
<opcode="read(1150) " fcode="read"/>
<opset="empty/1 empty_10/2 empty_11/3 empty_12/4 "/>
</bind>
</comp>

<comp id="76" class="1004" name="grp_write_fu_76">
<pin_list>
<pin id="77" dir="0" index="0" bw="0" slack="0"/>
<pin id="78" dir="0" index="1" bw="32" slack="0"/>
<pin id="79" dir="0" index="2" bw="4" slack="0"/>
<pin id="80" dir="0" index="3" bw="4" slack="0"/>
<pin id="81" dir="0" index="4" bw="1" slack="0"/>
<pin id="82" dir="0" index="5" bw="32" slack="0"/>
<pin id="83" dir="0" index="6" bw="1" slack="0"/>
<pin id="84" dir="0" index="7" bw="1" slack="0"/>
<pin id="85" dir="0" index="8" bw="1" slack="0"/>
<pin id="86" dir="1" index="9" bw="0" slack="2147483647"/>
</pin_list>
<bind>
<opcode="write(1151) " fcode="write"/>
<opset="write_ln27/1 write_ln27/2 write_ln27/3 write_ln27/4 "/>
</bind>
</comp>

<comp id="96" class="1004" name="grp_fu_96">
<pin_list>
<pin id="97" dir="0" index="0" bw="41" slack="0"/>
<pin id="98" dir="1" index="1" bw="32" slack="0"/>
</pin_list>
<bind>
<opcode="extractvalue(56) " fcode="extractvalue"/>
<opset="input_word_data/1 input_word_data_1/2 input_word_data_2/3 input_word_data_3/4 "/>
</bind>
</comp>

<comp id="100" class="1004" name="grp_fu_100">
<pin_list>
<pin id="101" dir="0" index="0" bw="32" slack="0"/>
<pin id="102" dir="0" index="1" bw="32" slack="0"/>
<pin id="103" dir="0" index="2" bw="6" slack="0"/>
<pin id="104" dir="0" index="3" bw="1" slack="0"/>
<pin id="105" dir="1" index="4" bw="32" slack="0"/>
</pin_list>
<bind>
<opcode="partselect(1002) " fcode="partselect"/>
<opset="reversed/1 reversed_1/2 reversed_2/3 reversed_3/4 "/>
</bind>
</comp>

<comp id="111" class="1005" name="reg_111">
<pin_list>
<pin id="112" dir="0" index="0" bw="32" slack="1"/>
<pin id="113" dir="1" index="1" bw="32" slack="1"/>
</pin_list>
<bind>
<opset="reversed reversed_1 reversed_2 reversed_3 "/>
</bind>
</comp>

</comp_list>

<net_list>
<net id="71"><net_src comp="16" pin="0"/><net_sink comp="64" pin=0"/></net>

<net id="72"><net_src comp="0" pin="0"/><net_sink comp="64" pin=1"/></net>

<net id="73"><net_src comp="2" pin="0"/><net_sink comp="64" pin=2"/></net>

<net id="74"><net_src comp="4" pin="0"/><net_sink comp="64" pin=3"/></net>

<net id="75"><net_src comp="6" pin="0"/><net_sink comp="64" pin=4"/></net>

<net id="87"><net_src comp="24" pin="0"/><net_sink comp="76" pin=0"/></net>

<net id="88"><net_src comp="8" pin="0"/><net_sink comp="76" pin=1"/></net>

<net id="89"><net_src comp="10" pin="0"/><net_sink comp="76" pin=2"/></net>

<net id="90"><net_src comp="12" pin="0"/><net_sink comp="76" pin=3"/></net>

<net id="91"><net_src comp="14" pin="0"/><net_sink comp="76" pin=4"/></net>

<net id="92"><net_src comp="26" pin="0"/><net_sink comp="76" pin=6"/></net>

<net id="93"><net_src comp="26" pin="0"/><net_sink comp="76" pin=7"/></net>

<net id="94"><net_src comp="28" pin="0"/><net_sink comp="76" pin=8"/></net>

<net id="95"><net_src comp="30" pin="0"/><net_sink comp="76" pin=8"/></net>

<net id="99"><net_src comp="64" pin="5"/><net_sink comp="96" pin=0"/></net>

<net id="106"><net_src comp="18" pin="0"/><net_sink comp="100" pin=0"/></net>

<net id="107"><net_src comp="96" pin="1"/><net_sink comp="100" pin=1"/></net>

<net id="108"><net_src comp="20" pin="0"/><net_sink comp="100" pin=2"/></net>

<net id="109"><net_src comp="22" pin="0"/><net_sink comp="100" pin=3"/></net>

<net id="110"><net_src comp="100" pin="4"/><net_sink comp="76" pin=5"/></net>

<net id="114"><net_src comp="100" pin="4"/><net_sink comp="111" pin=0"/></net>

<net id="115"><net_src comp="111" pin="1"/><net_sink comp="76" pin=5"/></net>

</net_list>

</model> 
---------------- Datapath Model END ------------------

* FSMD analyzer results:
  - Output states:
	Port: m_axis_V_data_V | {2 3 4 5 }
	Port: m_axis_V_keep_V | {2 3 4 5 }
	Port: m_axis_V_strb_V | {2 3 4 5 }
	Port: m_axis_V_last_V | {2 3 4 5 }
 - Input state : 
	Port: bit_reverse_accel : s_axis_V_data_V | {1 2 3 4 }
	Port: bit_reverse_accel : s_axis_V_keep_V | {1 2 3 4 }
	Port: bit_reverse_accel : s_axis_V_strb_V | {1 2 3 4 }
	Port: bit_reverse_accel : s_axis_V_last_V | {1 2 3 4 }
  - Chain level:
	State 1
		reversed : 1
		write_ln27 : 2
	State 2
		reversed_1 : 1
		write_ln27 : 2
	State 3
		reversed_2 : 1
		write_ln27 : 2
	State 4
		reversed_3 : 1
		write_ln27 : 2
	State 5


============================================================
+ Verbose Summary: Datapath Resource usage 
============================================================

* Functional unit list:
|----------|-----------------|
| Operation| Functional Unit |
|----------|-----------------|
|   read   |  grp_read_fu_64 |
|----------|-----------------|
|   write  | grp_write_fu_76 |
|----------|-----------------|
|extractvalue|    grp_fu_96    |
|----------|-----------------|
|partselect|    grp_fu_100   |
|----------|-----------------|
|   Total  |                 |
|----------|-----------------|

Memories:
N/A

* Register list:
+-------+--------+
|       |   FF   |
+-------+--------+
|reg_111|   32   |
+-------+--------+
| Total |   32   |
+-------+--------+

* Multiplexer (MUX) list: 
|-----------------|------|------|------|--------||---------||---------|
|       Comp      |  Pin | Size |  BW  | S x BW ||  Delay  ||   LUT   |
|-----------------|------|------|------|--------||---------||---------|
| grp_write_fu_76 |  p5  |   2  |  32  |   64   ||    9    |
| grp_write_fu_76 |  p8  |   2  |   1  |    2   |
|-----------------|------|------|------|--------||---------||---------|
|      Total      |      |      |      |   66   ||  2.346  ||    9    |
|-----------------|------|------|------|--------||---------||---------|



* Summary:
+-----------+--------+--------+--------+
|           |  Delay |   FF   |   LUT  |
+-----------+--------+--------+--------+
|  Function |    -   |    -   |    -   |
|   Memory  |    -   |    -   |    -   |
|Multiplexer|    2   |    -   |    9   |
|  Register |    -   |   32   |    -   |
+-----------+--------+--------+--------+
|   Total   |    2   |   32   |    9   |
+-----------+--------+--------+--------+
