/home/fluctlights/HlsProjects/bit_reversal/solution2/.autopilot/db/bit_reversal_accel.pp.0.cpp:1448:7: warning: Added loop label VITIS_LOOP_1207_1:   [xilinx-label-all-loops]
      for (i = 0; i < __N - 1; ++i) {
      ^~~
      VITIS_LOOP_1207_1: 
/home/fluctlights/HlsProjects/bit_reversal/solution2/.autopilot/db/bit_reversal_accel.pp.0.cpp:1448:7: note: FIX-IT applied suggested code changes
/home/fluctlights/HlsProjects/bit_reversal/solution2/.autopilot/db/bit_reversal_accel.pp.0.cpp:2422:5: warning: Added loop label VITIS_LOOP_676_1:   [xilinx-label-all-loops]
    for (unsigned i = low; i != high; ++i) {
    ^~~
    VITIS_LOOP_676_1: 
/home/fluctlights/HlsProjects/bit_reversal/solution2/.autopilot/db/bit_reversal_accel.pp.0.cpp:2422:5: note: FIX-IT applied suggested code changes
/home/fluctlights/HlsProjects/bit_reversal/solution2/.autopilot/db/bit_reversal_accel.pp.0.cpp:2436:5: warning: Added loop label VITIS_LOOP_690_1:   [xilinx-label-all-loops]
    for (unsigned i = low; i != high; ++i) {
    ^~~
    VITIS_LOOP_690_1: 
/home/fluctlights/HlsProjects/bit_reversal/solution2/.autopilot/db/bit_reversal_accel.pp.0.cpp:2436:5: note: FIX-IT applied suggested code changes
/home/fluctlights/HlsProjects/bit_reversal/solution2/.autopilot/db/bit_reversal_accel.pp.0.cpp:2450:5: warning: Added loop label VITIS_LOOP_704_1:   [xilinx-label-all-loops]
    for (unsigned i = low; i != high; ++i) {
    ^~~
    VITIS_LOOP_704_1: 
/home/fluctlights/HlsProjects/bit_reversal/solution2/.autopilot/db/bit_reversal_accel.pp.0.cpp:2450:5: note: FIX-IT applied suggested code changes
/home/fluctlights/HlsProjects/bit_reversal/solution2/.autopilot/db/bit_reversal_accel.pp.0.cpp:4079:7: warning: Added loop label VITIS_LOOP_1247_1:   [xilinx-label-all-loops]
      for (i = 0; i < __N - 1; ++i) {
      ^~~
      VITIS_LOOP_1247_1: 
/home/fluctlights/HlsProjects/bit_reversal/solution2/.autopilot/db/bit_reversal_accel.pp.0.cpp:4079:7: note: FIX-IT applied suggested code changes
/home/fluctlights/HlsProjects/bit_reversal/solution2/.autopilot/db/bit_reversal_accel.pp.0.cpp:9044:5: warning: Added loop label VITIS_LOOP_17_1:   [xilinx-label-all-loops]
    for (i = 0; i < 4; i++) {
    ^~~
    VITIS_LOOP_17_1: 
/home/fluctlights/HlsProjects/bit_reversal/solution2/.autopilot/db/bit_reversal_accel.pp.0.cpp:9044:5: note: FIX-IT applied suggested code changes
/home/fluctlights/HlsProjects/bit_reversal/solution2/.autopilot/db/bit_reversal_accel.pp.0.cpp:9047:9: warning: Added loop label VITIS_LOOP_20_2:   [xilinx-label-all-loops]
        for (j = 0; j < 32; j++) {
        ^~~
        VITIS_LOOP_20_2: 
/home/fluctlights/HlsProjects/bit_reversal/solution2/.autopilot/db/bit_reversal_accel.pp.0.cpp:9047:9: note: FIX-IT applied suggested code changes
