================================================================
== Vivado RTL Synthesis Results
================================================================
+ General Information:
    * Date:            Tue Aug 05 00:32:47 CEST 2025
    * Version:         2023.2 (Build 4023990 on Oct 11 2023)
    * Project:         bit_reversal
    * Solution:        solution1 (Vivado IP Flow Target)
    * Product family:  artix7
    * Target device:   xc7a200t-fbg676-2


================================================================
== Run Constraints & Options
================================================================
+ Design Constraints & Options:
    * RTL Synthesis target clock:  10 ns
    * C-Synthesis target clock:    10 ns
    * C-Synthesis uncertainty:     27%

+ RTL Synthesis Options:
    * config_export -vivado_synth_strategy:     default
    * config_export -vivado_synth_design_args:  -directive sdx_optimization_effort_high

+ Reporting Options:
    * config_export -vivado_report_level:      2
    * config_export -vivado_max_timing_paths:  10


================================================================
== RTL Synthesis Resource Summary
================================================================
LUT:              68
FF:               182
DSP:              0
BRAM:             0
URAM:             0
SRL:              0


================================================================
== RTL Synthesis Timing Summary
================================================================
* Timing was met
+----------------+-------------+
| Timing         | Period (ns) |
+----------------+-------------+
| Target         | 10.000      |
| Post-Synthesis | 2.617       |
+----------------+-------------+


================================================================
== RTL Synthesis Resources
================================================================
+-----------------------------------+-----+-----+-----+------+------+-----+--------+------+---------+----------+--------+
| Name                              | LUT | FF  | DSP | BRAM | URAM | SRL | Pragma | Impl | Latency | Variable | Source |
+-----------------------------------+-----+-----+-----+------+------+-----+--------+------+---------+----------+--------+
| inst                              | 68  | 182 |     |      |      |     |        |      |         |          |        |
|   (inst)                          | 1   | 39  |     |      |      |     |        |      |         |          |        |
|   flow_control_loop_pipe_U        | 8   | 1   |     |      |      |     |        |      |         |          |        |
|   regslice_both_m_axis_V_data_V_U | 24  | 68  |     |      |      |     |        |      |         |          |        |
|   regslice_both_m_axis_V_last_V_U | 7   | 6   |     |      |      |     |        |      |         |          |        |
|   regslice_both_s_axis_V_data_V_U | 28  | 68  |     |      |      |     |        |      |         |          |        |
+-----------------------------------+-----+-----+-----+------+------+-----+--------+------+---------+----------+--------+


================================================================
== RTL Synthesis Fail Fast
================================================================
+-----------------------------------------------------------+-----------+--------+--------+
| Criteria                                                  | Guideline | Actual | Status |
+-----------------------------------------------------------+-----------+--------+--------+
| LUT                                                       | 70%       | 0.05%  | OK     |
| FD                                                        | 50%       | 0.07%  | OK     |
| LUTRAM+SRL                                                | 25%       | 0.00%  | OK     |
| MUXF7                                                     | 15%       | 0.00%  | OK     |
| DSP                                                       | 80%       | 0.00%  | OK     |
| RAMB/FIFO                                                 | 80%       | 0.00%  | OK     |
| DSP+RAMB+URAM (Avg)                                       | 70%       | 0.00%  | OK     |
| BUFGCE* + BUFGCTRL                                        | 24        | 0      | OK     |
| DONT_TOUCH (cells/nets)                                   | 0         | 0      | OK     |
| MARK_DEBUG (nets)                                         | 0         | 0      | OK     |
| Control Sets                                              | 2524      | 7      | OK     |
| Average Fanout for modules > 100k cells                   | 4         | 2.08   | OK     |
| Max Average Fanout for modules > 100k cells               | 4         | 0      | OK     |
| Non-FD high fanout nets > 10k loads                       | 0         | 0      | OK     |
+-----------------------------------------------------------+-----------+--------+--------+
| TIMING-6 (No common primary clock between related clocks) | 0         | 0      | OK     |
| TIMING-7 (No common node between related clocks)          | 0         | 0      | OK     |
| TIMING-8 (No common period between related clocks)        | 0         | 0      | OK     |
| TIMING-14 (LUT on the clock tree)                         | 0         | 0      | OK     |
| TIMING-35 (No common node in paths with the same clock)   | 0         | 0      | OK     |
+-----------------------------------------------------------+-----------+--------+--------+
| Number of paths above max LUT budgeting (0.500ns)         | 0         | 0      | OK     |
| Number of paths above max Net budgeting (0.350ns)         | 0         | 0      | OK     |
+-----------------------------------------------------------+-----------+--------+--------+


================================================================
== RTL Synthesis Timing Paths
================================================================
* Timing was met
+-------+-------+-----------------------------------------------------------+-----------------------------------------+--------------+------------+----------------+----------------+--------------+
| Path  | SLACK | STARTPOINT PIN                                            | ENDPOINT PIN                            | LOGIC LEVELS | MAX FANOUT | DATAPATH DELAY | DATAPATH LOGIC | DATAPATH NET |
|       |       |                                                           |                                         |              |            |                |          DELAY |        DELAY |
+-------+-------+-----------------------------------------------------------+-----------------------------------------+--------------+------------+----------------+----------------+--------------+
| Path1 | 7.383 | regslice_both_m_axis_V_data_V_U/B_V_data_1_state_reg[0]/C | ap_loop_exit_ready_pp0_iter1_reg_reg/CE |            2 |         33 |          2.377 |          0.719 |        1.658 |
| Path2 | 7.383 | regslice_both_m_axis_V_data_V_U/B_V_data_1_state_reg[0]/C | reversed_reg_162_reg[0]/CE              |            2 |         33 |          2.377 |          0.719 |        1.658 |
| Path3 | 7.383 | regslice_both_m_axis_V_data_V_U/B_V_data_1_state_reg[0]/C | reversed_reg_162_reg[10]/CE             |            2 |         33 |          2.377 |          0.719 |        1.658 |
| Path4 | 7.383 | regslice_both_m_axis_V_data_V_U/B_V_data_1_state_reg[0]/C | reversed_reg_162_reg[11]/CE             |            2 |         33 |          2.377 |          0.719 |        1.658 |
| Path5 | 7.383 | regslice_both_m_axis_V_data_V_U/B_V_data_1_state_reg[0]/C | reversed_reg_162_reg[12]/CE             |            2 |         33 |          2.377 |          0.719 |        1.658 |
+-------+-------+-----------------------------------------------------------+-----------------------------------------+--------------+------------+----------------+----------------+--------------+

    +----------------------------------------------------------+----------------------+
    | Path1 Cells                                              | Primitive Type       |
    +----------------------------------------------------------+----------------------+
    | regslice_both_m_axis_V_data_V_U/B_V_data_1_state_reg[0]  | FLOP_LATCH.flop.FDRE |
    | regslice_both_m_axis_V_data_V_U/ap_ready_INST_0_i_1      | LUT.others.LUT6      |
    | regslice_both_s_axis_V_data_V_U/reversed_reg_162[31]_i_1 | LUT.others.LUT4      |
    | ap_loop_exit_ready_pp0_iter1_reg_reg                     | FLOP_LATCH.flop.FDRE |
    +----------------------------------------------------------+----------------------+

    +----------------------------------------------------------+----------------------+
    | Path2 Cells                                              | Primitive Type       |
    +----------------------------------------------------------+----------------------+
    | regslice_both_m_axis_V_data_V_U/B_V_data_1_state_reg[0]  | FLOP_LATCH.flop.FDRE |
    | regslice_both_m_axis_V_data_V_U/ap_ready_INST_0_i_1      | LUT.others.LUT6      |
    | regslice_both_s_axis_V_data_V_U/reversed_reg_162[31]_i_1 | LUT.others.LUT4      |
    | reversed_reg_162_reg[0]                                  | FLOP_LATCH.flop.FDRE |
    +----------------------------------------------------------+----------------------+

    +----------------------------------------------------------+----------------------+
    | Path3 Cells                                              | Primitive Type       |
    +----------------------------------------------------------+----------------------+
    | regslice_both_m_axis_V_data_V_U/B_V_data_1_state_reg[0]  | FLOP_LATCH.flop.FDRE |
    | regslice_both_m_axis_V_data_V_U/ap_ready_INST_0_i_1      | LUT.others.LUT6      |
    | regslice_both_s_axis_V_data_V_U/reversed_reg_162[31]_i_1 | LUT.others.LUT4      |
    | reversed_reg_162_reg[10]                                 | FLOP_LATCH.flop.FDRE |
    +----------------------------------------------------------+----------------------+

    +----------------------------------------------------------+----------------------+
    | Path4 Cells                                              | Primitive Type       |
    +----------------------------------------------------------+----------------------+
    | regslice_both_m_axis_V_data_V_U/B_V_data_1_state_reg[0]  | FLOP_LATCH.flop.FDRE |
    | regslice_both_m_axis_V_data_V_U/ap_ready_INST_0_i_1      | LUT.others.LUT6      |
    | regslice_both_s_axis_V_data_V_U/reversed_reg_162[31]_i_1 | LUT.others.LUT4      |
    | reversed_reg_162_reg[11]                                 | FLOP_LATCH.flop.FDRE |
    +----------------------------------------------------------+----------------------+

    +----------------------------------------------------------+----------------------+
    | Path5 Cells                                              | Primitive Type       |
    +----------------------------------------------------------+----------------------+
    | regslice_both_m_axis_V_data_V_U/B_V_data_1_state_reg[0]  | FLOP_LATCH.flop.FDRE |
    | regslice_both_m_axis_V_data_V_U/ap_ready_INST_0_i_1      | LUT.others.LUT6      |
    | regslice_both_s_axis_V_data_V_U/reversed_reg_162[31]_i_1 | LUT.others.LUT4      |
    | reversed_reg_162_reg[12]                                 | FLOP_LATCH.flop.FDRE |
    +----------------------------------------------------------+----------------------+


================================================================
== RTL Synthesis Vivado Reports
================================================================
+--------------------------+--------------------------------------------------------------------------+
| Report Type              | Report Location                                                          |
+--------------------------+--------------------------------------------------------------------------+
| design_analysis          | impl/verilog/report/bit_reverse_accel_design_analysis_synth.rpt          |
| failfast                 | impl/verilog/report/bit_reverse_accel_failfast_synth.rpt                 |
| timing                   | impl/verilog/report/bit_reverse_accel_timing_synth.rpt                   |
| timing_paths             | impl/verilog/report/bit_reverse_accel_timing_paths_synth.rpt             |
| utilization              | impl/verilog/report/bit_reverse_accel_utilization_synth.rpt              |
| utilization_hierarchical | impl/verilog/report/bit_reverse_accel_utilization_hierarchical_synth.rpt |
+--------------------------+--------------------------------------------------------------------------+


