

================================================================
== Synthesis Summary Report of 'bit_reverse_accel'
================================================================
+ General Information: 
    * Date:           Tue Aug  5 00:26:11 2025
    * Version:        2023.2 (Build 4023990 on Oct 11 2023)
    * Project:        bit_reversal
    * Solution:       solution1 (Vivado IP Flow Target)
    * Product family: artix7
    * Target device:  xc7a200t-fbg676-2
    

+ Performance & Resource Estimates: 
    
    PS: '+' for module; 'o' for loop; '*' for dataflow
    +---------------------+------+------+---------+--------+----------+---------+------+----------+------+----+----------+-----------+-----+
    |       Modules       | Issue|      | Latency | Latency| Iteration|         | Trip |          |      |    |          |           |     |
    |       & Loops       | Type | Slack| (cycles)|  (ns)  |  Latency | Interval| Count| Pipelined| BRAM | DSP|    FF    |    LUT    | URAM|
    +---------------------+------+------+---------+--------+----------+---------+------+----------+------+----+----------+-----------+-----+
    |+ bit_reverse_accel  |     -|  3.30|        7|  70.000|         -|        8|     -|        no|     -|   -|  41 (~0%)|  103 (~0%)|    -|
    | o VITIS_LOOP_25_1   |     -|  7.30|        5|  50.000|         3|        1|     4|       yes|     -|   -|         -|          -|    -|
    +---------------------+------+------+---------+--------+----------+---------+------+----------+------+----+----------+-----------+-----+


================================================================
== HW Interfaces
================================================================
* AXIS
+-----------+-----------+---------------+-------+-------+-------+--------+-------+--------+
| Interface | Direction | Register Mode | TDATA | TKEEP | TLAST | TREADY | TSTRB | TVALID |
+-----------+-----------+---------------+-------+-------+-------+--------+-------+--------+
| m_axis    | out       | both          | 32    | 4     | 1     | 1      | 4     | 1      |
| s_axis    | in        | both          | 32    | 4     | 1     | 1      | 4     | 1      |
+-----------+-----------+---------------+-------+-------+-------+--------+-------+--------+

* TOP LEVEL CONTROL
+-----------+------------+-----------------------------------+
| Interface | Type       | Ports                             |
+-----------+------------+-----------------------------------+
| ap_clk    | clock      | ap_clk                            |
| ap_rst_n  | reset      | ap_rst_n                          |
| ap_ctrl   | ap_ctrl_hs | ap_done ap_idle ap_ready ap_start |
+-----------+------------+-----------------------------------+


================================================================
== SW I/O Information
================================================================
* Top Function Arguments
+----------+-----------+---------------------------------------------------------+
| Argument | Direction | Datatype                                                |
+----------+-----------+---------------------------------------------------------+
| s_axis   | in        | stream<hls::axis<ap_uint<32>, 0, 0, 0, '8', false>, 0>& |
| m_axis   | out       | stream<hls::axis<ap_uint<32>, 0, 0, 0, '8', false>, 0>& |
+----------+-----------+---------------------------------------------------------+

* SW-to-HW Mapping
+----------+--------------+-----------+
| Argument | HW Interface | HW Type   |
+----------+--------------+-----------+
| s_axis   | s_axis       | interface |
| m_axis   | m_axis       | interface |
+----------+--------------+-----------+


================================================================
== Bind Op Report
================================================================
+---------------------+-----+--------+----------+-----+--------+---------+
| Name                | DSP | Pragma | Variable | Op  | Impl   | Latency |
+---------------------+-----+--------+----------+-----+--------+---------+
| + bit_reverse_accel | 0   |        |          |     |        |         |
|   i_2_fu_120_p2     |     |        | i_2      | add | fabric | 0       |
+---------------------+-----+--------+----------+-----+--------+---------+


================================================================
== Storage Report
================================================================
  No bind storage info in design

================================================================
== Pragma Report
================================================================
* Valid Pragma Syntax
+-----------+------------------+----------------------------------------------------------------------------+
| Type      | Options          | Location                                                                   |
+-----------+------------------+----------------------------------------------------------------------------+
| pipeline  | II=3             | bit_reversal/Diseno/bit_reversal_accel.cpp:6 in reverse_bits               |
| unroll    |                  | bit_reversal/Diseno/bit_reversal_accel.cpp:8 in reverse_bits               |
| interface | axis port=s_axis | bit_reversal/Diseno/bit_reversal_accel.cpp:18 in bit_reverse_accel, s_axis |
| interface | axis port=m_axis | bit_reversal/Diseno/bit_reversal_accel.cpp:19 in bit_reverse_accel, m_axis |
| pipeline  | II=1             | bit_reversal/Diseno/bit_reversal_accel.cpp:26 in bit_reverse_accel         |
+-----------+------------------+----------------------------------------------------------------------------+


