================================================================
== Design Size Report
================================================================

* Total Instructions per Compilation Phase
+---------------+-----------------------------+--------------+----------------------------------------------------------------------------------------+
| Phase         | Step                        | Instructions | Description                                                                            |
+---------------+-----------------------------+--------------+----------------------------------------------------------------------------------------+
| Compile/Link  |                             | 255          | After all functions are compiled and linked into a single design                       |
|               |                             |              |                                                                                        |
| Unroll/Inline |                             |              | After user unroll and inline pragmas are applied                                       |
|               | (1) unroll                  | 206          | user unroll pragmas are applied                                                        |
|               | (2) simplification          | 160          | simplification of applied user unroll pragmas                                          |
|               | (3) inline                  | 159          | user inline pragmas are applied                                                        |
|               | (4) simplification          | 128          | simplification of applied user inline pragmas                                          |
|               |                             |              |                                                                                        |
| Array/Struct  |                             |              | After user array partition and struct aggregate/disaggregate pragmas are applied       |
|               | (1) array partition         | 128          | user array partition pragmas are applied                                               |
|               | (2) simplification          | 128          | simplification of applied user array partition & struct aggregate/disaggregate pragmas |
|               | (3) aggregate/disaggregate  | 128          | user struct aggregate/disaggregate pragmas are applied                                 |
|               | (4) array reshape           | 128          | apply array reshape pragmas                                                            |
|               | (5) access patterns         | 149          | array access pattern optmizations                                                      |
|               |                             |              |                                                                                        |
| Performance   |                             |              | After transformations are applied to meet performance pragma targets                   |
|               | (1) loop simplification     | 145          | loop and instruction simplification                                                    |
|               | (2) parallelization         | 135          | loops are unrolled or pipelined to meet performance targets                            |
|               | (3) array partition         | 113          | arrays are partitioned to meet performance targets                                     |
|               | (4) simplification          | 113          | simplification of design after performance transformations                             |
|               |                             |              |                                                                                        |
| HW Transforms |                             |              | After hardware transfomations                                                          |
|               | (1) lowering                | 105          | initial conversion to HW specific instructions                                         |
|               | (2) optimizations           | 104          | high level synthesis optimizations                                                     |
+---------------+-----------------------------+--------------+----------------------------------------------------------------------------------------+

* Instructions per Function for each Compilation Phase
+---------------------+---------------------------+--------------+---------------+--------------+-------------+---------------+
| Function            | Location                  | Compile/Link | Unroll/Inline | Array/Struct | Performance | HW Transforms |
+---------------------+---------------------------+--------------+---------------+--------------+-------------+---------------+
| + bit_reverse_accel | bit_reversal_accel.cpp:15 | 255          | 128           | 149          | 113         | 104           |
|    reverse_bits     | bit_reversal_accel.cpp:4  |  87          |  68           |  68          |             |               |
+---------------------+---------------------------+--------------+---------------+--------------+-------------+---------------+

* Design Size Message Settings
+---------------------------------------------+--------+------------------------------------------------------------------+
| Message Setting                             | Value  | Description                                                      |
+---------------------------------------------+--------+------------------------------------------------------------------+
| config_compile -design_size_maximum_warning | 100000 | Show a warning when total design instructions exceeds this value |
+---------------------------------------------+--------+------------------------------------------------------------------+


