Copyright 1986-2022 Xilinx, Inc. All Rights Reserved. Copyright 2022-2023 Advanced Micro Devices, Inc. All Rights Reserved.
---------------------------------------------------------------------------------------------------------------------------------------------
| Tool Version : Vivado v.2023.2 (lin64) Build 4029153 Fri Oct 13 20:13:54 MDT 2023
| Date         : Tue Aug  5 00:32:41 2025
| Host         : ubuntu running 64-bit Ubuntu 22.04.5 LTS
| Command      : report_timing_summary -file ./report/bit_reverse_accel_timing_synth.rpt
| Design       : bd_0_wrapper
| Device       : 7a200t-fbg676
| Speed File   : -2  PRODUCTION 1.23 2018-06-13
| Design State : Synthesized
---------------------------------------------------------------------------------------------------------------------------------------------

Timing Summary Report

------------------------------------------------------------------------------------------------
| Timer Settings
| --------------
------------------------------------------------------------------------------------------------

  Enable Multi Corner Analysis               :  Yes
  Enable Pessimism Removal                   :  Yes
  Pessimism Removal Resolution               :  Nearest Common Node
  Enable Input Delay Default Clock           :  No
  Enable Preset / Clear Arcs                 :  No
  Disable Flight Delays                      :  No
  Ignore I/O Paths                           :  No
  Timing Early Launch at Borrowing Latches   :  No
  Borrow Time for Max Delay Exceptions       :  Yes
  Merge Timing Exceptions                    :  Yes
  Inter-SLR Compensation                     :  Conservative

  Corner  Analyze    Analyze    
  Name    Max Paths  Min Paths  
  ------  ---------  ---------  
  Slow    Yes        Yes        
  Fast    Yes        Yes        


------------------------------------------------------------------------------------------------
| Report Methodology
| ------------------
------------------------------------------------------------------------------------------------

No report available as report_methodology has not been run prior. Run report_methodology on the current design for the summary of methodology violations.



check_timing report

Table of Contents
-----------------
1. checking no_clock (0)
2. checking constant_clock (0)
3. checking pulse_width_clock (0)
4. checking unconstrained_internal_endpoints (0)
5. checking no_input_delay (36)
6. checking no_output_delay (38)
7. checking multiple_clock (0)
8. checking generated_clocks (0)
9. checking loops (0)
10. checking partial_input_delay (0)
11. checking partial_output_delay (0)
12. checking latch_loops (0)

1. checking no_clock (0)
------------------------
 There are 0 register/latch pins with no clock.


2. checking constant_clock (0)
------------------------------
 There are 0 register/latch pins with constant_clock.


3. checking pulse_width_clock (0)
---------------------------------
 There are 0 register/latch pins which need pulse_width check


4. checking unconstrained_internal_endpoints (0)
------------------------------------------------
 There are 0 pins that are not constrained for maximum delay.

 There are 0 pins that are not constrained for maximum delay due to constant clock.


5. checking no_input_delay (36)
-------------------------------
 There are 36 input ports with no input delay specified. (HIGH)

 There are 0 input ports with no input delay but user has a false path constraint.


6. checking no_output_delay (38)
--------------------------------
 There are 38 ports with no output delay specified. (HIGH)

 There are 0 ports with no output delay but user has a false path constraint

 There are 0 ports with no output delay but with a timing clock defined on it or propagating through it


7. checking multiple_clock (0)
------------------------------
 There are 0 register/latch pins with multiple clocks.


8. checking generated_clocks (0)
--------------------------------
 There are 0 generated clocks that are not connected to a clock source.


9. checking loops (0)
---------------------
 There are 0 combinational loops in the design.


10. checking partial_input_delay (0)
------------------------------------
 There are 0 input ports with partial input delay specified.


11. checking partial_output_delay (0)
-------------------------------------
 There are 0 ports with partial output delay specified.


12. checking latch_loops (0)
----------------------------
 There are 0 combinational latch loops in the design through latch input



------------------------------------------------------------------------------------------------
| Design Timing Summary
| ---------------------
------------------------------------------------------------------------------------------------

    WNS(ns)      TNS(ns)  TNS Failing Endpoints  TNS Total Endpoints      WHS(ns)      THS(ns)  THS Failing Endpoints  THS Total Endpoints     WPWS(ns)     TPWS(ns)  TPWS Failing Endpoints  TPWS Total Endpoints  
    -------      -------  ---------------------  -------------------      -------      -------  ---------------------  -------------------     --------     --------  ----------------------  --------------------  
      7.383        0.000                      0                  279        0.252        0.000                      0                  279        4.500        0.000                       0                   182  


All user specified timing constraints are met.


------------------------------------------------------------------------------------------------
| Clock Summary
| -------------
------------------------------------------------------------------------------------------------

Clock   Waveform(ns)       Period(ns)      Frequency(MHz)
-----   ------------       ----------      --------------
ap_clk  {0.000 5.000}      10.000          100.000         


------------------------------------------------------------------------------------------------
| Intra Clock Table
| -----------------
------------------------------------------------------------------------------------------------

Clock             WNS(ns)      TNS(ns)  TNS Failing Endpoints  TNS Total Endpoints      WHS(ns)      THS(ns)  THS Failing Endpoints  THS Total Endpoints     WPWS(ns)     TPWS(ns)  TPWS Failing Endpoints  TPWS Total Endpoints  
-----             -------      -------  ---------------------  -------------------      -------      -------  ---------------------  -------------------     --------     --------  ----------------------  --------------------  
ap_clk              7.383        0.000                      0                  279        0.252        0.000                      0                  279        4.500        0.000                       0                   182  


------------------------------------------------------------------------------------------------
| Inter Clock Table
| -----------------
------------------------------------------------------------------------------------------------

From Clock    To Clock          WNS(ns)      TNS(ns)  TNS Failing Endpoints  TNS Total Endpoints      WHS(ns)      THS(ns)  THS Failing Endpoints  THS Total Endpoints  
----------    --------          -------      -------  ---------------------  -------------------      -------      -------  ---------------------  -------------------  


------------------------------------------------------------------------------------------------
| Other Path Groups Table
| -----------------------
------------------------------------------------------------------------------------------------

Path Group    From Clock    To Clock          WNS(ns)      TNS(ns)  TNS Failing Endpoints  TNS Total Endpoints      WHS(ns)      THS(ns)  THS Failing Endpoints  THS Total Endpoints  
----------    ----------    --------          -------      -------  ---------------------  -------------------      -------      -------  ---------------------  -------------------  


------------------------------------------------------------------------------------------------
| Timing Details
| --------------
------------------------------------------------------------------------------------------------


---------------------------------------------------------------------------------------------------
From Clock:  ap_clk
  To Clock:  ap_clk

Setup :            0  Failing Endpoints,  Worst Slack        7.383ns,  Total Violation        0.000ns
Hold  :            0  Failing Endpoints,  Worst Slack        0.252ns,  Total Violation        0.000ns
PW    :            0  Failing Endpoints,  Worst Slack        4.500ns,  Total Violation        0.000ns
---------------------------------------------------------------------------------------------------


Max Delay Paths
--------------------------------------------------------------------------------------
Slack (MET) :             7.383ns  (required time - arrival time)
  Source:                 bd_0_i/hls_inst/inst/regslice_both_m_axis_V_data_V_U/B_V_data_1_state_reg[0]/C
                            (rising edge-triggered cell FDRE clocked by ap_clk  {rise@0.000ns fall@5.000ns period=10.000ns})
  Destination:            bd_0_i/hls_inst/inst/ap_loop_exit_ready_pp0_iter1_reg_reg/CE
                            (rising edge-triggered cell FDRE clocked by ap_clk  {rise@0.000ns fall@5.000ns period=10.000ns})
  Path Group:             ap_clk
  Path Type:              Setup (Max at Slow Process Corner)
  Requirement:            10.000ns  (ap_clk rise@10.000ns - ap_clk rise@0.000ns)
  Data Path Delay:        2.377ns  (logic 0.719ns (30.248%)  route 1.658ns (69.752%))
  Logic Levels:           2  (LUT4=1 LUT6=1)
  Clock Path Skew:        -0.039ns (DCD - SCD + CPR)
    Destination Clock Delay (DCD):    0.748ns = ( 10.748 - 10.000 ) 
    Source Clock Delay      (SCD):    0.787ns
    Clock Pessimism Removal (CPR):    0.000ns
  Clock Uncertainty:      0.035ns  ((TSJ^2 + TIJ^2)^1/2 + DJ) / 2 + PE
    Total System Jitter     (TSJ):    0.071ns
    Total Input Jitter      (TIJ):    0.000ns
    Discrete Jitter          (DJ):    0.000ns
    Phase Error              (PE):    0.000ns

    Location             Delay type                Incr(ns)  Path(ns)    Netlist Resource(s)
  -------------------------------------------------------------------    -------------------
                         (clock ap_clk rise edge)     0.000     0.000 r  
                                                      0.000     0.000 r  ap_clk (IN)
                         net (fo=181, unset)          0.787     0.787    bd_0_i/hls_inst/inst/regslice_both_m_axis_V_data_V_U/ap_clk
                         FDRE                                         r  bd_0_i/hls_inst/inst/regslice_both_m_axis_V_data_V_U/B_V_data_1_state_reg[0]/C
  -------------------------------------------------------------------    -------------------
                         FDRE (Prop_fdre_C_Q)         0.379     1.166 f  bd_0_i/hls_inst/inst/regslice_both_m_axis_V_data_V_U/B_V_data_1_state_reg[0]/Q
                         net (fo=11, unplaced)        0.825     1.991    bd_0_i/hls_inst/inst/regslice_both_m_axis_V_data_V_U/B_V_data_1_state_reg[0]_0
                         LUT6 (Prop_lut6_I0_O)        0.232     2.223 f  bd_0_i/hls_inst/inst/regslice_both_m_axis_V_data_V_U/ap_ready_INST_0_i_1/O
                         net (fo=12, unplaced)        0.395     2.618    bd_0_i/hls_inst/inst/regslice_both_s_axis_V_data_V_U/i_fu_72_reg[0]
                         LUT4 (Prop_lut4_I3_O)        0.108     2.726 r  bd_0_i/hls_inst/inst/regslice_both_s_axis_V_data_V_U/reversed_reg_162[31]_i_1/O
                         net (fo=33, unplaced)        0.438     3.164    bd_0_i/hls_inst/inst/ap_block_pp0_stage0_subdone
                         FDRE                                         r  bd_0_i/hls_inst/inst/ap_loop_exit_ready_pp0_iter1_reg_reg/CE
  -------------------------------------------------------------------    -------------------

                         (clock ap_clk rise edge)    10.000    10.000 r  
                                                      0.000    10.000 r  ap_clk (IN)
                         net (fo=181, unset)          0.748    10.748    bd_0_i/hls_inst/inst/ap_clk
                         FDRE                                         r  bd_0_i/hls_inst/inst/ap_loop_exit_ready_pp0_iter1_reg_reg/C
                         clock pessimism              0.000    10.748    
                         clock uncertainty           -0.035    10.712    
                         FDRE (Setup_fdre_C_CE)      -0.165    10.547    bd_0_i/hls_inst/inst/ap_loop_exit_ready_pp0_iter1_reg_reg
  -------------------------------------------------------------------
                         required time                         10.547    
                         arrival time                          -3.164    
  -------------------------------------------------------------------
                         slack                                  7.383    





Min Delay Paths
--------------------------------------------------------------------------------------
Slack (MET) :             0.252ns  (arrival time - required time)
  Source:                 bd_0_i/hls_inst/inst/regslice_both_m_axis_V_last_V_U/B_V_data_1_payload_A_reg[0]/C
                            (rising edge-triggered cell FDRE clocked by ap_clk  {rise@0.000ns fall@5.000ns period=10.000ns})
  Destination:            bd_0_i/hls_inst/inst/regslice_both_m_axis_V_last_V_U/B_V_data_1_payload_A_reg[0]/D
                            (rising edge-triggered cell FDRE clocked by ap_clk  {rise@0.000ns fall@5.000ns period=10.000ns})
  Path Group:             ap_clk
  Path Type:              Hold (Min at Fast Process Corner)
  Requirement:            0.000ns  (ap_clk rise@0.000ns - ap_clk rise@0.000ns)
  Data Path Delay:        0.363ns  (logic 0.239ns (65.755%)  route 0.124ns (34.245%))
  Logic Levels:           1  (LUT5=1)
  Clock Path Skew:        0.021ns (DCD - SCD - CPR)
    Destination Clock Delay (DCD):    0.411ns
    Source Clock Delay      (SCD):    0.390ns
    Clock Pessimism Removal (CPR):    -0.000ns

    Location             Delay type                Incr(ns)  Path(ns)    Netlist Resource(s)
  -------------------------------------------------------------------    -------------------
                         (clock ap_clk rise edge)     0.000     0.000 r  
                                                      0.000     0.000 r  ap_clk (IN)
                         net (fo=181, unset)          0.390     0.390    bd_0_i/hls_inst/inst/regslice_both_m_axis_V_last_V_U/ap_clk
                         FDRE                                         r  bd_0_i/hls_inst/inst/regslice_both_m_axis_V_last_V_U/B_V_data_1_payload_A_reg[0]/C
  -------------------------------------------------------------------    -------------------
                         FDRE (Prop_fdre_C_Q)         0.141     0.531 r  bd_0_i/hls_inst/inst/regslice_both_m_axis_V_last_V_U/B_V_data_1_payload_A_reg[0]/Q
                         net (fo=2, unplaced)         0.124     0.656    bd_0_i/hls_inst/inst/regslice_both_m_axis_V_last_V_U/B_V_data_1_payload_A
                         LUT5 (Prop_lut5_I4_O)        0.098     0.754 r  bd_0_i/hls_inst/inst/regslice_both_m_axis_V_last_V_U/B_V_data_1_payload_A[0]_i_1/O
                         net (fo=1, unplaced)         0.000     0.754    bd_0_i/hls_inst/inst/regslice_both_m_axis_V_last_V_U/B_V_data_1_payload_A[0]_i_1_n_3
                         FDRE                                         r  bd_0_i/hls_inst/inst/regslice_both_m_axis_V_last_V_U/B_V_data_1_payload_A_reg[0]/D
  -------------------------------------------------------------------    -------------------

                         (clock ap_clk rise edge)     0.000     0.000 r  
                                                      0.000     0.000 r  ap_clk (IN)
                         net (fo=181, unset)          0.411     0.411    bd_0_i/hls_inst/inst/regslice_both_m_axis_V_last_V_U/ap_clk
                         FDRE                                         r  bd_0_i/hls_inst/inst/regslice_both_m_axis_V_last_V_U/B_V_data_1_payload_A_reg[0]/C
                         clock pessimism              0.000     0.411    
                         FDRE (Hold_fdre_C_D)         0.091     0.502    bd_0_i/hls_inst/inst/regslice_both_m_axis_V_last_V_U/B_V_data_1_payload_A_reg[0]
  -------------------------------------------------------------------
                         required time                         -0.502    
                         arrival time                           0.754    
  -------------------------------------------------------------------
                         slack                                  0.252    





Pulse Width Checks
--------------------------------------------------------------------------------------
Clock Name:         ap_clk
Waveform(ns):       { 0.000 5.000 }
Period(ns):         10.000
Sources:            { ap_clk }

Check Type        Corner  Lib Pin  Reference Pin  Required(ns)  Actual(ns)  Slack(ns)  Location  Pin
Min Period        n/a     FDRE/C   n/a            1.000         10.000      9.000                bd_0_i/hls_inst/inst/ap_enable_reg_pp0_iter1_reg/C
Low Pulse Width   Slow    FDRE/C   n/a            0.500         5.000       4.500                bd_0_i/hls_inst/inst/ap_enable_reg_pp0_iter1_reg/C
High Pulse Width  Slow    FDRE/C   n/a            0.500         5.000       4.500                bd_0_i/hls_inst/inst/ap_enable_reg_pp0_iter1_reg/C



