Copyright 1986-2022 Xilinx, Inc. All Rights Reserved. Copyright 2022-2023 Advanced Micro Devices, Inc. All Rights Reserved.
---------------------------------------------------------------------------------------------------------------------------------------------
| Tool Version : Vivado v.2023.2 (lin64) Build 4029153 Fri Oct 13 20:13:54 MDT 2023
| Date         : Tue Aug  5 00:32:34 2025
| Host         : ubuntu running 64-bit Ubuntu 22.04.5 LTS
| Command      : report_utilization -hierarchical -hierarchical_depth 5 -file ./report/bit_reverse_accel_utilization_hierarchical_synth.rpt
| Design       : bd_0_wrapper
| Device       : xc7a200tfbg676-2
| Speed File   : -2
| Design State : Synthesized
---------------------------------------------------------------------------------------------------------------------------------------------

Utilization Design Information

Table of Contents
-----------------
1. Utilization by Hierarchy

1. Utilization by Hierarchy
---------------------------

+-----------------------------------------+-----------------------------------------------------------------+------------+------------+---------+------+-----+--------+--------+------------+
|                 Instance                |                              Module                             | Total LUTs | Logic LUTs | LUTRAMs | SRLs | FFs | RAMB36 | RAMB18 | DSP Blocks |
+-----------------------------------------+-----------------------------------------------------------------+------------+------------+---------+------+-----+--------+--------+------------+
| bd_0_wrapper                            |                                                           (top) |         68 |         68 |       0 |    0 | 182 |      0 |      0 |          0 |
|   bd_0_i                                |                                                            bd_0 |         68 |         68 |       0 |    0 | 182 |      0 |      0 |          0 |
|     hls_inst                            |                                                 bd_0_hls_inst_0 |         68 |         68 |       0 |    0 | 182 |      0 |      0 |          0 |
|       (hls_inst)                        |                                                 bd_0_hls_inst_0 |          0 |          0 |       0 |    0 |   0 |      0 |      0 |          0 |
|       inst                              |                               bd_0_hls_inst_0_bit_reverse_accel |         68 |         68 |       0 |    0 | 182 |      0 |      0 |          0 |
|         (inst)                          |                               bd_0_hls_inst_0_bit_reverse_accel |          1 |          1 |       0 |    0 |  39 |      0 |      0 |          0 |
|         flow_control_loop_pipe_U        |        bd_0_hls_inst_0_bit_reverse_accel_flow_control_loop_pipe |          8 |          8 |       0 |    0 |   1 |      0 |      0 |          0 |
|         regslice_both_m_axis_V_data_V_U |                 bd_0_hls_inst_0_bit_reverse_accel_regslice_both |         24 |         24 |       0 |    0 |  68 |      0 |      0 |          0 |
|         regslice_both_m_axis_V_last_V_U | bd_0_hls_inst_0_bit_reverse_accel_regslice_both__parameterized1 |          7 |          7 |       0 |    0 |   6 |      0 |      0 |          0 |
|         regslice_both_s_axis_V_data_V_U |               bd_0_hls_inst_0_bit_reverse_accel_regslice_both_0 |         28 |         28 |       0 |    0 |  68 |      0 |      0 |          0 |
+-----------------------------------------+-----------------------------------------------------------------+------------+------------+---------+------+-----+--------+--------+------------+


