==============================================================
Vitis HLS - High-Level Synthesis from C, C++ and OpenCL v2023.2 (64-bit)
Tool Version Limit: 2023.10
Copyright 1986-2022 Xilinx, Inc. All Rights Reserved.
Copyright 2022-2023 Advanced Micro Devices, Inc. All Rights Reserved.

==============================================================
INFO: [SYN 201-201] Setting up clock 'default' with a period of 10ns.
INFO: [HLS 200-1611] Setting target device to 'xc7a200t-fbg676-2'
INFO: [HLS 200-1505] Using flow_target 'vivado'
INFO: [HLS 200-1464] Running solution command: config_cosim -tool=xsim
INFO: [HLS 200-1464] Running solution command: config_export -flow=syn
INFO: [HLS 200-1464] Running solution command: config_export -format=ip_catalog
INFO: [HLS 200-1464] Running solution command: config_export -output=/home/fluctlights/HlsProjects/bit_reversal/RTL_export
INFO: [HLS 200-1464] Running solution command: config_export -rtl=verilog
INFO: [HLS 200-1464] Running solution command: config_export -vivado_clock=10
INFO: [HLS 200-1510] Running: set_part xc7a200t-fbg676-2 
INFO: [HLS 200-1510] Running: create_clock -period 10 -name default 
INFO: [HLS 200-1510] Running: config_cosim -tool xsim 
INFO: [HLS 200-1510] Running: config_export -flow syn -format ip_catalog -output /home/fluctlights/HlsProjects/bit_reversal/RTL_export -rtl verilog -vivado_clock 10 
INFO: [HLS 200-1510] Running: source ./bit_reversal/solution2/directives.tcl
INFO: [HLS 200-1510] Running: set_directive_top -name bit_reverse_accel bit_reverse_accel 
INFO: [HLS 200-1510] Running: csim_design -quiet 
INFO: [SIM 211-2] *************** CSIM start ***************
INFO: [SIM 211-4] CSIM will launch GCC as the compiler.
INFO: [HLS 200-2036] Building debug C Simulation binaries
ERROR: [SIM 211-100] 'csim_design' failed: compilation error(s).
INFO: [SIM 211-3] *************** CSIM finish ***************
INFO: [HLS 200-111] Finished Command csim_design CPU user time: 16.25 seconds. CPU system time: 1.44 seconds. Elapsed time: 17.77 seconds; current allocated memory: 0.000 MB.
==============================================================
Vitis HLS - High-Level Synthesis from C, C++ and OpenCL v2023.2 (64-bit)
Tool Version Limit: 2023.10
Copyright 1986-2022 Xilinx, Inc. All Rights Reserved.
Copyright 2022-2023 Advanced Micro Devices, Inc. All Rights Reserved.

==============================================================
INFO: [SYN 201-201] Setting up clock 'default' with a period of 10ns.
INFO: [HLS 200-1611] Setting target device to 'xc7a200t-fbg676-2'
INFO: [HLS 200-1505] Using flow_target 'vivado'
INFO: [HLS 200-1464] Running solution command: config_cosim -tool=xsim
INFO: [HLS 200-1464] Running solution command: config_export -flow=syn
INFO: [HLS 200-1464] Running solution command: config_export -format=ip_catalog
INFO: [HLS 200-1464] Running solution command: config_export -output=/home/fluctlights/HlsProjects/bit_reversal/RTL_export
INFO: [HLS 200-1464] Running solution command: config_export -rtl=verilog
INFO: [HLS 200-1464] Running solution command: config_export -vivado_clock=10
INFO: [HLS 200-1510] Running: set_part xc7a200t-fbg676-2 
INFO: [HLS 200-1510] Running: create_clock -period 10 -name default 
INFO: [HLS 200-1510] Running: config_cosim -tool xsim 
INFO: [HLS 200-1510] Running: config_export -flow syn -format ip_catalog -output /home/fluctlights/HlsProjects/bit_reversal/RTL_export -rtl verilog -vivado_clock 10 
INFO: [HLS 200-1510] Running: source ./bit_reversal/solution2/directives.tcl
INFO: [HLS 200-1510] Running: set_directive_top -name bit_reverse_accel bit_reverse_accel 
INFO: [HLS 200-1510] Running: csim_design -quiet 
INFO: [SIM 211-2] *************** CSIM start ***************
INFO: [SIM 211-4] CSIM will launch GCC as the compiler.
INFO: [HLS 200-2036] Building debug C Simulation binaries
ERROR: [SIM 211-100] 'csim_design' failed: compilation error(s).
INFO: [SIM 211-3] *************** CSIM finish ***************
INFO: [HLS 200-111] Finished Command csim_design CPU user time: 6.44 seconds. CPU system time: 0.66 seconds. Elapsed time: 7.1 seconds; current allocated memory: 0.000 MB.
==============================================================
Vitis HLS - High-Level Synthesis from C, C++ and OpenCL v2023.2 (64-bit)
Tool Version Limit: 2023.10
Copyright 1986-2022 Xilinx, Inc. All Rights Reserved.
Copyright 2022-2023 Advanced Micro Devices, Inc. All Rights Reserved.

==============================================================
INFO: [SYN 201-201] Setting up clock 'default' with a period of 10ns.
INFO: [HLS 200-1611] Setting target device to 'xc7a200t-fbg676-2'
INFO: [HLS 200-1505] Using flow_target 'vivado'
INFO: [HLS 200-1464] Running solution command: config_cosim -tool=xsim
INFO: [HLS 200-1464] Running solution command: config_export -flow=syn
INFO: [HLS 200-1464] Running solution command: config_export -format=ip_catalog
INFO: [HLS 200-1464] Running solution command: config_export -output=/home/fluctlights/HlsProjects/bit_reversal/RTL_export
INFO: [HLS 200-1464] Running solution command: config_export -rtl=verilog
INFO: [HLS 200-1464] Running solution command: config_export -vivado_clock=10
INFO: [HLS 200-1510] Running: set_part xc7a200t-fbg676-2 
INFO: [HLS 200-1510] Running: create_clock -period 10 -name default 
INFO: [HLS 200-1510] Running: config_cosim -tool xsim 
INFO: [HLS 200-1510] Running: config_export -flow syn -format ip_catalog -output /home/fluctlights/HlsProjects/bit_reversal/RTL_export -rtl verilog -vivado_clock 10 
INFO: [HLS 200-1510] Running: source ./bit_reversal/solution2/directives.tcl
INFO: [HLS 200-1510] Running: set_directive_top -name bit_reverse_accel bit_reverse_accel 
INFO: [HLS 200-1510] Running: csim_design -quiet 
INFO: [SIM 211-2] *************** CSIM start ***************
INFO: [SIM 211-4] CSIM will launch GCC as the compiler.
INFO: [HLS 200-2036] Building debug C Simulation binaries
ERROR: [SIM 211-100] 'csim_design' failed: compilation error(s).
INFO: [SIM 211-3] *************** CSIM finish ***************
INFO: [HLS 200-111] Finished Command csim_design CPU user time: 4.65 seconds. CPU system time: 0.57 seconds. Elapsed time: 5.22 seconds; current allocated memory: 0.000 MB.
==============================================================
Vitis HLS - High-Level Synthesis from C, C++ and OpenCL v2023.2 (64-bit)
Tool Version Limit: 2023.10
Copyright 1986-2022 Xilinx, Inc. All Rights Reserved.
Copyright 2022-2023 Advanced Micro Devices, Inc. All Rights Reserved.

==============================================================
INFO: [SYN 201-201] Setting up clock 'default' with a period of 10ns.
INFO: [HLS 200-1611] Setting target device to 'xc7a200t-fbg676-2'
INFO: [HLS 200-1505] Using flow_target 'vivado'
INFO: [HLS 200-1464] Running solution command: config_cosim -tool=xsim
INFO: [HLS 200-1464] Running solution command: config_export -flow=syn
INFO: [HLS 200-1464] Running solution command: config_export -format=ip_catalog
INFO: [HLS 200-1464] Running solution command: config_export -output=/home/fluctlights/HlsProjects/bit_reversal/RTL_export
INFO: [HLS 200-1464] Running solution command: config_export -rtl=verilog
INFO: [HLS 200-1464] Running solution command: config_export -vivado_clock=10
INFO: [HLS 200-1510] Running: set_part xc7a200t-fbg676-2 
INFO: [HLS 200-1510] Running: create_clock -period 10 -name default 
INFO: [HLS 200-1510] Running: config_cosim -tool xsim 
INFO: [HLS 200-1510] Running: config_export -flow syn -format ip_catalog -output /home/fluctlights/HlsProjects/bit_reversal/RTL_export -rtl verilog -vivado_clock 10 
INFO: [HLS 200-1510] Running: source ./bit_reversal/solution2/directives.tcl
INFO: [HLS 200-1510] Running: set_directive_top -name bit_reverse_accel bit_reverse_accel 
INFO: [HLS 200-1510] Running: csim_design -quiet 
INFO: [SIM 211-2] *************** CSIM start ***************
INFO: [SIM 211-4] CSIM will launch GCC as the compiler.
INFO: [HLS 200-2036] Building debug C Simulation binaries
INFO: [SIM 211-1] CSim done with 0 errors.
INFO: [SIM 211-3] *************** CSIM finish ***************
INFO: [HLS 200-111] Finished Command csim_design CPU user time: 5.77 seconds. CPU system time: 0.7 seconds. Elapsed time: 6.5 seconds; current allocated memory: 0.000 MB.
==============================================================
Vitis HLS - High-Level Synthesis from C, C++ and OpenCL v2023.2 (64-bit)
Tool Version Limit: 2023.10
Copyright 1986-2022 Xilinx, Inc. All Rights Reserved.
Copyright 2022-2023 Advanced Micro Devices, Inc. All Rights Reserved.

==============================================================
INFO: [SYN 201-201] Setting up clock 'default' with a period of 10ns.
INFO: [HLS 200-1611] Setting target device to 'xc7a200t-fbg676-2'
INFO: [HLS 200-1505] Using flow_target 'vivado'
INFO: [HLS 200-1464] Running solution command: config_cosim -tool=xsim
INFO: [HLS 200-1464] Running solution command: config_export -flow=syn
INFO: [HLS 200-1464] Running solution command: config_export -format=ip_catalog
INFO: [HLS 200-1464] Running solution command: config_export -output=/home/fluctlights/HlsProjects/bit_reversal/RTL_export
INFO: [HLS 200-1464] Running solution command: config_export -rtl=verilog
INFO: [HLS 200-1464] Running solution command: config_export -vivado_clock=10
INFO: [HLS 200-1510] Running: set_part xc7a200t-fbg676-2 
INFO: [HLS 200-1510] Running: create_clock -period 10 -name default 
INFO: [HLS 200-1510] Running: config_cosim -tool xsim 
INFO: [HLS 200-1510] Running: config_export -flow syn -format ip_catalog -output /home/fluctlights/HlsProjects/bit_reversal/RTL_export -rtl verilog -vivado_clock 10 
INFO: [HLS 200-1510] Running: source ./bit_reversal/solution2/directives.tcl
INFO: [HLS 200-1510] Running: set_directive_top -name bit_reverse_accel bit_reverse_accel 
INFO: [HLS 200-1510] Running: csynth_design 
INFO: [HLS 200-111] Finished File checks and directory preparation: CPU user time: 0.19 seconds. CPU system time: 0.01 seconds. Elapsed time: 0.2 seconds; current allocated memory: 269.312 MB.
INFO: [HLS 200-10] Analyzing design file 'bit_reversal/Diseno/bit_reversal_accel.cpp' ... 
INFO: [HLS 200-111] Finished Source Code Analysis and Preprocessing: CPU user time: 7.99 seconds. CPU system time: 1.01 seconds. Elapsed time: 9.31 seconds; current allocated memory: 270.465 MB.
INFO: [HLS 200-777] Using interface defaults for 'Vivado' flow target.
INFO: [HLS 200-1995] There were 233 instructions in the design after the 'Compile/Link' phase of compilation. See the Design Size Report for more details: /home/fluctlights/HlsProjects/bit_reversal/solution2/syn/report/csynth_design_size.rpt
INFO: [HLS 200-1995] There were 494 instructions in the design after the 'Unroll/Inline (step 1)' phase of compilation. See the Design Size Report for more details: /home/fluctlights/HlsProjects/bit_reversal/solution2/syn/report/csynth_design_size.rpt
INFO: [HLS 200-1995] There were 482 instructions in the design after the 'Unroll/Inline (step 2)' phase of compilation. See the Design Size Report for more details: /home/fluctlights/HlsProjects/bit_reversal/solution2/syn/report/csynth_design_size.rpt
INFO: [HLS 200-1995] There were 482 instructions in the design after the 'Unroll/Inline (step 3)' phase of compilation. See the Design Size Report for more details: /home/fluctlights/HlsProjects/bit_reversal/solution2/syn/report/csynth_design_size.rpt
INFO: [HLS 200-1995] There were 358 instructions in the design after the 'Unroll/Inline (step 4)' phase of compilation. See the Design Size Report for more details: /home/fluctlights/HlsProjects/bit_reversal/solution2/syn/report/csynth_design_size.rpt
INFO: [HLS 200-1995] There were 358 instructions in the design after the 'Array/Struct (step 1)' phase of compilation. See the Design Size Report for more details: /home/fluctlights/HlsProjects/bit_reversal/solution2/syn/report/csynth_design_size.rpt
INFO: [HLS 200-1995] There were 358 instructions in the design after the 'Array/Struct (step 2)' phase of compilation. See the Design Size Report for more details: /home/fluctlights/HlsProjects/bit_reversal/solution2/syn/report/csynth_design_size.rpt
INFO: [HLS 200-1995] There were 358 instructions in the design after the 'Array/Struct (step 3)' phase of compilation. See the Design Size Report for more details: /home/fluctlights/HlsProjects/bit_reversal/solution2/syn/report/csynth_design_size.rpt
INFO: [HLS 200-1995] There were 358 instructions in the design after the 'Array/Struct (step 4)' phase of compilation. See the Design Size Report for more details: /home/fluctlights/HlsProjects/bit_reversal/solution2/syn/report/csynth_design_size.rpt
INFO: [HLS 200-1995] There were 454 instructions in the design after the 'Array/Struct (step 5)' phase of compilation. See the Design Size Report for more details: /home/fluctlights/HlsProjects/bit_reversal/solution2/syn/report/csynth_design_size.rpt
INFO: [HLS 200-1995] There were 459 instructions in the design after the 'Performance (step 1)' phase of compilation. See the Design Size Report for more details: /home/fluctlights/HlsProjects/bit_reversal/solution2/syn/report/csynth_design_size.rpt
INFO: [HLS 200-1995] There were 451 instructions in the design after the 'Performance (step 2)' phase of compilation. See the Design Size Report for more details: /home/fluctlights/HlsProjects/bit_reversal/solution2/syn/report/csynth_design_size.rpt
INFO: [HLS 200-1995] There were 382 instructions in the design after the 'Performance (step 3)' phase of compilation. See the Design Size Report for more details: /home/fluctlights/HlsProjects/bit_reversal/solution2/syn/report/csynth_design_size.rpt
INFO: [HLS 200-1995] There were 382 instructions in the design after the 'Performance (step 4)' phase of compilation. See the Design Size Report for more details: /home/fluctlights/HlsProjects/bit_reversal/solution2/syn/report/csynth_design_size.rpt
INFO: [HLS 200-1995] There were 346 instructions in the design after the 'HW Transforms (step 1)' phase of compilation. See the Design Size Report for more details: /home/fluctlights/HlsProjects/bit_reversal/solution2/syn/report/csynth_design_size.rpt
INFO: [HLS 200-1995] There were 336 instructions in the design after the 'HW Transforms (step 2)' phase of compilation. See the Design Size Report for more details: /home/fluctlights/HlsProjects/bit_reversal/solution2/syn/report/csynth_design_size.rpt
INFO: [HLS 214-291] Loop 'VITIS_LOOP_17_1' is marked as complete unroll implied by the pipeline pragma (bit_reversal/Diseno/bit_reversal_accel.cpp:17:22)
INFO: [HLS 214-291] Loop 'VITIS_LOOP_20_2' is marked as complete unroll implied by the pipeline pragma (bit_reversal/Diseno/bit_reversal_accel.cpp:20:26)
INFO: [HLS 214-186] Unrolling loop 'VITIS_LOOP_17_1' (bit_reversal/Diseno/bit_reversal_accel.cpp:17:22) in function 'bit_reverse_accel' completely with a factor of 4 (bit_reversal/Diseno/bit_reversal_accel.cpp:5:0)
INFO: [HLS 214-186] Unrolling loop 'VITIS_LOOP_20_2' (bit_reversal/Diseno/bit_reversal_accel.cpp:20:26) in function 'bit_reverse_accel' completely with a factor of 32 (bit_reversal/Diseno/bit_reversal_accel.cpp:5:0)
INFO: [HLS 200-111] Finished Compiling Optimization and Transform: CPU user time: 6.28 seconds. CPU system time: 0.86 seconds. Elapsed time: 11.37 seconds; current allocated memory: 273.090 MB.
INFO: [HLS 200-111] Finished Checking Pragmas: CPU user time: 0 seconds. CPU system time: 0 seconds. Elapsed time: 0 seconds; current allocated memory: 273.090 MB.
INFO: [HLS 200-10] Starting code transformations ...
INFO: [HLS 200-111] Finished Standard Transforms: CPU user time: 0.05 seconds. CPU system time: 0.02 seconds. Elapsed time: 0.1 seconds; current allocated memory: 273.383 MB.
INFO: [HLS 200-10] Checking synthesizability ...
INFO: [HLS 200-111] Finished Checking Synthesizability: CPU user time: 0.05 seconds. CPU system time: 0 seconds. Elapsed time: 0.06 seconds; current allocated memory: 273.398 MB.
INFO: [HLS 200-111] Finished Loop, function and other optimizations: CPU user time: 0.17 seconds. CPU system time: 0.03 seconds. Elapsed time: 0.2 seconds; current allocated memory: 296.066 MB.
INFO: [HLS 200-111] Finished Architecture Synthesis: CPU user time: 0.17 seconds. CPU system time: 0 seconds. Elapsed time: 0.18 seconds; current allocated memory: 296.066 MB.
INFO: [HLS 200-10] Starting hardware synthesis ...
INFO: [HLS 200-10] Synthesizing 'bit_reverse_accel' ...
INFO: [HLS 200-10] ----------------------------------------------------------------
INFO: [HLS 200-42] -- Implementing module 'bit_reverse_accel' 
INFO: [HLS 200-10] ----------------------------------------------------------------
INFO: [SCHED 204-11] Starting scheduling ...
INFO: [SCHED 204-61] Pipelining function 'bit_reverse_accel'.
WARNING: [HLS 200-880] The II Violation in module 'bit_reverse_accel' (function 'bit_reverse_accel'): Unable to enforce a carried dependence constraint (II = 3, distance = 1, offset = 1) between axis read operation ('empty_12', bit_reversal/Diseno/bit_reversal_accel.cpp:18) on port 's_axis_V_data_V' (bit_reversal/Diseno/bit_reversal_accel.cpp:18) and axis read operation ('empty', bit_reversal/Diseno/bit_reversal_accel.cpp:18) on port 's_axis_V_data_V' (bit_reversal/Diseno/bit_reversal_accel.cpp:18).
INFO: [HLS 200-1470] Pipelining result : Target II = 3, Final II = 4, Depth = 5, function 'bit_reverse_accel'
INFO: [SCHED 204-11] Finished scheduling.
INFO: [HLS 200-111] Finished Scheduling: CPU user time: 0.09 seconds. CPU system time: 0.05 seconds. Elapsed time: 0.14 seconds; current allocated memory: 296.066 MB.
INFO: [BIND 205-100] Starting micro-architecture generation ...
INFO: [BIND 205-101] Performing variable lifetime analysis.
INFO: [BIND 205-101] Exploring resource sharing.
INFO: [BIND 205-101] Binding ...
INFO: [BIND 205-100] Finished micro-architecture generation.
INFO: [HLS 200-111] Finished Binding: CPU user time: 0.05 seconds. CPU system time: 0.01 seconds. Elapsed time: 0.05 seconds; current allocated memory: 296.066 MB.
INFO: [HLS 200-10] ----------------------------------------------------------------
INFO: [HLS 200-10] -- Generating RTL for module 'bit_reverse_accel' 
INFO: [HLS 200-10] ----------------------------------------------------------------
WARNING: [RTGEN 206-101] Design contains AXI ports. Reset is fixed to synchronous and active low.
INFO: [RTGEN 206-500] Setting interface mode on port 'bit_reverse_accel/s_axis_V_data_V' to 'axis' (register, both mode).
INFO: [RTGEN 206-500] Setting interface mode on port 'bit_reverse_accel/s_axis_V_keep_V' to 'axis' (register, both mode).
INFO: [RTGEN 206-500] Setting interface mode on port 'bit_reverse_accel/s_axis_V_strb_V' to 'axis' (register, both mode).
INFO: [RTGEN 206-500] Setting interface mode on port 'bit_reverse_accel/s_axis_V_last_V' to 'axis' (register, both mode).
INFO: [RTGEN 206-500] Setting interface mode on port 'bit_reverse_accel/m_axis_V_data_V' to 'axis' (register, both mode).
INFO: [RTGEN 206-500] Setting interface mode on port 'bit_reverse_accel/m_axis_V_keep_V' to 'axis' (register, both mode).
INFO: [RTGEN 206-500] Setting interface mode on port 'bit_reverse_accel/m_axis_V_strb_V' to 'axis' (register, both mode).
INFO: [RTGEN 206-500] Setting interface mode on port 'bit_reverse_accel/m_axis_V_last_V' to 'axis' (register, both mode).
INFO: [RTGEN 206-500] Setting interface mode on function 'bit_reverse_accel' to 'ap_ctrl_none'.
INFO: [HLS 200-1030] Apply Unified Pipeline Control on module 'bit_reverse_accel' pipeline 'bit_reverse_accel' pipeline type 'function pipeline'
INFO: [RTGEN 206-100] Finished creating RTL model for 'bit_reverse_accel'.
INFO: [HLS 200-111] Finished Creating RTL model: CPU user time: 0.09 seconds. CPU system time: 0.01 seconds. Elapsed time: 0.12 seconds; current allocated memory: 296.066 MB.
INFO: [HLS 200-111] Finished Generating all RTL models: CPU user time: 0.54 seconds. CPU system time: 0.03 seconds. Elapsed time: 0.58 seconds; current allocated memory: 296.066 MB.
INFO: [HLS 200-111] Finished Updating report files: CPU user time: 0.54 seconds. CPU system time: 0.04 seconds. Elapsed time: 0.58 seconds; current allocated memory: 300.117 MB.
INFO: [VHDL 208-304] Generating VHDL RTL for bit_reverse_accel.
INFO: [VLOG 209-307] Generating Verilog RTL for bit_reverse_accel.
INFO: [HLS 200-789] **** Estimated Fmax: 500.00 MHz
INFO: [HLS 200-111] Finished Command csynth_design CPU user time: 16.24 seconds. CPU system time: 2.09 seconds. Elapsed time: 22.91 seconds; current allocated memory: 30.996 MB.
==============================================================
Vitis HLS - High-Level Synthesis from C, C++ and OpenCL v2023.2 (64-bit)
Tool Version Limit: 2023.10
Copyright 1986-2022 Xilinx, Inc. All Rights Reserved.
Copyright 2022-2023 Advanced Micro Devices, Inc. All Rights Reserved.

==============================================================
INFO: [SYN 201-201] Setting up clock 'default' with a period of 10ns.
INFO: [HLS 200-1611] Setting target device to 'xc7a200t-fbg676-2'
INFO: [HLS 200-1505] Using flow_target 'vivado'
INFO: [HLS 200-1464] Running solution command: config_cosim -tool=xsim
INFO: [HLS 200-1464] Running solution command: config_export -flow=syn
INFO: [HLS 200-1464] Running solution command: config_export -format=ip_catalog
INFO: [HLS 200-1464] Running solution command: config_export -output=/home/fluctlights/HlsProjects/bit_reversal/RTL_export
INFO: [HLS 200-1464] Running solution command: config_export -rtl=verilog
INFO: [HLS 200-1464] Running solution command: config_export -vivado_clock=10
INFO: [HLS 200-1510] Running: set_part xc7a200t-fbg676-2 
INFO: [HLS 200-1510] Running: create_clock -period 10 -name default 
INFO: [HLS 200-1510] Running: config_cosim -tool xsim 
INFO: [HLS 200-1510] Running: config_export -flow syn -format ip_catalog -output /home/fluctlights/HlsProjects/bit_reversal/RTL_export -rtl verilog -vivado_clock 10 
INFO: [HLS 200-1510] Running: source ./bit_reversal/solution2/directives.tcl
INFO: [HLS 200-1510] Running: set_directive_top -name bit_reverse_accel bit_reverse_accel 
INFO: [HLS 200-1510] Running: cosim_design 
INFO: [COSIM 212-47] Using XSIM for RTL simulation.
INFO: [COSIM 212-14] Instrumenting C test bench ...
INFO: [COSIM 212-302] Starting C TB testing ... 
INFO: [COSIM 212-333] Generating C post check test bench ...
INFO: [COSIM 212-12] Generating RTL test bench ...
INFO: [COSIM 212-1] *** C/RTL co-simulation file generation completed. ***
INFO: [COSIM 212-323] Starting verilog simulation. 
INFO: [COSIM 212-15] Starting XSIM ...
INFO: [COSIM 212-316] Starting C post checking ...
INFO: [COSIM 212-1000] *** C/RTL co-simulation finished: PASS ***
INFO: [HLS 200-111] Finished Command cosim_design CPU user time: 54.87 seconds. CPU system time: 4.86 seconds. Elapsed time: 59.64 seconds; current allocated memory: 12.660 MB.
==============================================================
Vitis HLS - High-Level Synthesis from C, C++ and OpenCL v2023.2 (64-bit)
Tool Version Limit: 2023.10
Copyright 1986-2022 Xilinx, Inc. All Rights Reserved.
Copyright 2022-2023 Advanced Micro Devices, Inc. All Rights Reserved.

==============================================================
INFO: [SYN 201-201] Setting up clock 'default' with a period of 10ns.
INFO: [HLS 200-1611] Setting target device to 'xc7a200t-fbg676-2'
INFO: [HLS 200-1505] Using flow_target 'vivado'
INFO: [HLS 200-1464] Running solution command: config_cosim -tool=xsim
INFO: [HLS 200-1464] Running solution command: config_export -flow=syn
INFO: [HLS 200-1464] Running solution command: config_export -format=ip_catalog
INFO: [HLS 200-1464] Running solution command: config_export -output=/home/fluctlights/HlsProjects/bit_reversal/RTL_export
INFO: [HLS 200-1464] Running solution command: config_export -rtl=verilog
INFO: [HLS 200-1464] Running solution command: config_export -vivado_clock=10
INFO: [HLS 200-1510] Running: set_part xc7a200t-fbg676-2 
INFO: [HLS 200-1510] Running: create_clock -period 10 -name default 
INFO: [HLS 200-1510] Running: config_cosim -tool xsim 
INFO: [HLS 200-1510] Running: config_export -flow syn -format ip_catalog -output /home/fluctlights/HlsProjects/bit_reversal/RTL_export -rtl verilog -vivado_clock 10 
INFO: [HLS 200-1510] Running: source ./bit_reversal/solution2/directives.tcl
INFO: [HLS 200-1510] Running: set_directive_top -name bit_reverse_accel bit_reverse_accel 
INFO: [HLS 200-1510] Running: export_design -rtl verilog -format ip_catalog -output /home/fluctlights/HlsProjects/bit_reversal/RTL_export 
INFO: [IMPL 213-8] Exporting RTL as a Vivado IP.
INFO: [IMPL 213-8] Starting RTL evaluation using Vivado ...
INFO: [HLS 200-802] Generated output file bit_reversal/RTL_export/export.zip
INFO: [HLS 200-111] Finished Command export_design CPU user time: 156.78 seconds. CPU system time: 6.08 seconds. Elapsed time: 147.31 seconds; current allocated memory: 7.277 MB.
==============================================================
Vitis HLS - High-Level Synthesis from C, C++ and OpenCL v2023.2 (64-bit)
Tool Version Limit: 2023.10
Copyright 1986-2022 Xilinx, Inc. All Rights Reserved.
Copyright 2022-2023 Advanced Micro Devices, Inc. All Rights Reserved.

==============================================================
INFO: [SYN 201-201] Setting up clock 'default' with a period of 10ns.
INFO: [HLS 200-1611] Setting target device to 'xc7a200t-fbg676-2'
INFO: [HLS 200-1505] Using flow_target 'vivado'
INFO: [HLS 200-1464] Running solution command: config_cosim -tool=xsim
INFO: [HLS 200-1464] Running solution command: config_export -flow=syn
INFO: [HLS 200-1464] Running solution command: config_export -format=ip_catalog
INFO: [HLS 200-1464] Running solution command: config_export -output=/home/fluctlights/HlsProjects/bit_reversal/RTL_export
INFO: [HLS 200-1464] Running solution command: config_export -rtl=verilog
INFO: [HLS 200-1464] Running solution command: config_export -vivado_clock=10
INFO: [HLS 200-1510] Running: set_part xc7a200t-fbg676-2 
INFO: [HLS 200-1510] Running: create_clock -period 10 -name default 
INFO: [HLS 200-1510] Running: config_cosim -tool xsim 
INFO: [HLS 200-1510] Running: config_export -flow syn -format ip_catalog -output /home/fluctlights/HlsProjects/bit_reversal/RTL_export -rtl verilog -vivado_clock 10 
INFO: [HLS 200-1510] Running: source ./bit_reversal/solution2/directives.tcl
INFO: [HLS 200-1510] Running: set_directive_top -name bit_reverse_accel bit_reverse_accel 
INFO: [HLS 200-1510] Running: csim_design -quiet 
INFO: [SIM 211-2] *************** CSIM start ***************
INFO: [SIM 211-4] CSIM will launch GCC as the compiler.
INFO: [HLS 200-2036] Building debug C Simulation binaries
ERROR: [SIM 211-100] 'csim_design' failed: compilation error(s).
INFO: [SIM 211-3] *************** CSIM finish ***************
INFO: [HLS 200-111] Finished Command csim_design CPU user time: 1.64 seconds. CPU system time: 0.2 seconds. Elapsed time: 1.84 seconds; current allocated memory: 0.000 MB.
==============================================================
Vitis HLS - High-Level Synthesis from C, C++ and OpenCL v2023.2 (64-bit)
Tool Version Limit: 2023.10
Copyright 1986-2022 Xilinx, Inc. All Rights Reserved.
Copyright 2022-2023 Advanced Micro Devices, Inc. All Rights Reserved.

==============================================================
INFO: [SYN 201-201] Setting up clock 'default' with a period of 10ns.
INFO: [HLS 200-1611] Setting target device to 'xc7a200t-fbg676-2'
INFO: [HLS 200-1505] Using flow_target 'vivado'
INFO: [HLS 200-1464] Running solution command: config_cosim -tool=xsim
INFO: [HLS 200-1464] Running solution command: config_export -flow=syn
INFO: [HLS 200-1464] Running solution command: config_export -format=ip_catalog
INFO: [HLS 200-1464] Running solution command: config_export -output=/home/fluctlights/HlsProjects/bit_reversal/RTL_export
INFO: [HLS 200-1464] Running solution command: config_export -rtl=verilog
INFO: [HLS 200-1464] Running solution command: config_export -vivado_clock=10
INFO: [HLS 200-1510] Running: set_part xc7a200t-fbg676-2 
INFO: [HLS 200-1510] Running: create_clock -period 10 -name default 
INFO: [HLS 200-1510] Running: config_cosim -tool xsim 
INFO: [HLS 200-1510] Running: config_export -flow syn -format ip_catalog -output /home/fluctlights/HlsProjects/bit_reversal/RTL_export -rtl verilog -vivado_clock 10 
INFO: [HLS 200-1510] Running: source ./bit_reversal/solution2/directives.tcl
INFO: [HLS 200-1510] Running: set_directive_top -name bit_reverse_accel bit_reverse_accel 
INFO: [HLS 200-1510] Running: csim_design -quiet 
INFO: [SIM 211-2] *************** CSIM start ***************
INFO: [SIM 211-4] CSIM will launch GCC as the compiler.
INFO: [HLS 200-2036] Building debug C Simulation binaries
ERROR: [SIM 211-100] 'csim_design' failed: compilation error(s).
INFO: [SIM 211-3] *************** CSIM finish ***************
INFO: [HLS 200-111] Finished Command csim_design CPU user time: 1.74 seconds. CPU system time: 0.23 seconds. Elapsed time: 1.97 seconds; current allocated memory: 0.000 MB.
==============================================================
Vitis HLS - High-Level Synthesis from C, C++ and OpenCL v2023.2 (64-bit)
Tool Version Limit: 2023.10
Copyright 1986-2022 Xilinx, Inc. All Rights Reserved.
Copyright 2022-2023 Advanced Micro Devices, Inc. All Rights Reserved.

==============================================================
INFO: [SYN 201-201] Setting up clock 'default' with a period of 10ns.
INFO: [HLS 200-1611] Setting target device to 'xc7a200t-fbg676-2'
INFO: [HLS 200-1505] Using flow_target 'vivado'
INFO: [HLS 200-1464] Running solution command: config_cosim -tool=xsim
INFO: [HLS 200-1464] Running solution command: config_export -flow=syn
INFO: [HLS 200-1464] Running solution command: config_export -format=ip_catalog
INFO: [HLS 200-1464] Running solution command: config_export -output=/home/fluctlights/HlsProjects/bit_reversal/RTL_export
INFO: [HLS 200-1464] Running solution command: config_export -rtl=verilog
INFO: [HLS 200-1464] Running solution command: config_export -vivado_clock=10
INFO: [HLS 200-1510] Running: set_part xc7a200t-fbg676-2 
INFO: [HLS 200-1510] Running: create_clock -period 10 -name default 
INFO: [HLS 200-1510] Running: config_cosim -tool xsim 
INFO: [HLS 200-1510] Running: config_export -flow syn -format ip_catalog -output /home/fluctlights/HlsProjects/bit_reversal/RTL_export -rtl verilog -vivado_clock 10 
INFO: [HLS 200-1510] Running: source ./bit_reversal/solution2/directives.tcl
INFO: [HLS 200-1510] Running: set_directive_top -name bit_reverse_accel bit_reverse_accel 
INFO: [HLS 200-1510] Running: csim_design -quiet 
INFO: [SIM 211-2] *************** CSIM start ***************
INFO: [SIM 211-4] CSIM will launch GCC as the compiler.
INFO: [HLS 200-2036] Building debug C Simulation binaries
ERROR: [SIM 211-100] 'csim_design' failed: compilation error(s).
INFO: [SIM 211-3] *************** CSIM finish ***************
INFO: [HLS 200-111] Finished Command csim_design CPU user time: 1.99 seconds. CPU system time: 0.21 seconds. Elapsed time: 2.19 seconds; current allocated memory: 0.000 MB.
==============================================================
Vitis HLS - High-Level Synthesis from C, C++ and OpenCL v2023.2 (64-bit)
Tool Version Limit: 2023.10
Copyright 1986-2022 Xilinx, Inc. All Rights Reserved.
Copyright 2022-2023 Advanced Micro Devices, Inc. All Rights Reserved.

==============================================================
INFO: [SYN 201-201] Setting up clock 'default' with a period of 10ns.
INFO: [HLS 200-1611] Setting target device to 'xc7a200t-fbg676-2'
INFO: [HLS 200-1505] Using flow_target 'vivado'
INFO: [HLS 200-1464] Running solution command: config_cosim -tool=xsim
INFO: [HLS 200-1464] Running solution command: config_export -flow=syn
INFO: [HLS 200-1464] Running solution command: config_export -format=ip_catalog
INFO: [HLS 200-1464] Running solution command: config_export -output=/home/fluctlights/HlsProjects/bit_reversal/RTL_export
INFO: [HLS 200-1464] Running solution command: config_export -rtl=verilog
INFO: [HLS 200-1464] Running solution command: config_export -vivado_clock=10
INFO: [HLS 200-1510] Running: set_part xc7a200t-fbg676-2 
INFO: [HLS 200-1510] Running: create_clock -period 10 -name default 
INFO: [HLS 200-1510] Running: config_cosim -tool xsim 
INFO: [HLS 200-1510] Running: config_export -flow syn -format ip_catalog -output /home/fluctlights/HlsProjects/bit_reversal/RTL_export -rtl verilog -vivado_clock 10 
INFO: [HLS 200-1510] Running: source ./bit_reversal/solution2/directives.tcl
INFO: [HLS 200-1510] Running: set_directive_top -name bit_reverse_accel bit_reverse_accel 
INFO: [HLS 200-1510] Running: csim_design -quiet 
INFO: [SIM 211-2] *************** CSIM start ***************
INFO: [SIM 211-4] CSIM will launch GCC as the compiler.
INFO: [HLS 200-2036] Building debug C Simulation binaries
ERROR: [SIM 211-100] 'csim_design' failed: compilation error(s).
INFO: [SIM 211-3] *************** CSIM finish ***************
INFO: [HLS 200-111] Finished Command csim_design CPU user time: 1.64 seconds. CPU system time: 0.22 seconds. Elapsed time: 1.86 seconds; current allocated memory: 0.000 MB.
==============================================================
Vitis HLS - High-Level Synthesis from C, C++ and OpenCL v2023.2 (64-bit)
Tool Version Limit: 2023.10
Copyright 1986-2022 Xilinx, Inc. All Rights Reserved.
Copyright 2022-2023 Advanced Micro Devices, Inc. All Rights Reserved.

==============================================================
INFO: [SYN 201-201] Setting up clock 'default' with a period of 10ns.
INFO: [HLS 200-1611] Setting target device to 'xc7a200t-fbg676-2'
INFO: [HLS 200-1505] Using flow_target 'vivado'
INFO: [HLS 200-1464] Running solution command: config_cosim -tool=xsim
INFO: [HLS 200-1464] Running solution command: config_export -flow=syn
INFO: [HLS 200-1464] Running solution command: config_export -format=ip_catalog
INFO: [HLS 200-1464] Running solution command: config_export -output=/home/fluctlights/HlsProjects/bit_reversal/RTL_export
INFO: [HLS 200-1464] Running solution command: config_export -rtl=verilog
INFO: [HLS 200-1464] Running solution command: config_export -vivado_clock=10
INFO: [HLS 200-1510] Running: set_part xc7a200t-fbg676-2 
INFO: [HLS 200-1510] Running: create_clock -period 10 -name default 
INFO: [HLS 200-1510] Running: config_cosim -tool xsim 
INFO: [HLS 200-1510] Running: config_export -flow syn -format ip_catalog -output /home/fluctlights/HlsProjects/bit_reversal/RTL_export -rtl verilog -vivado_clock 10 
INFO: [HLS 200-1510] Running: source ./bit_reversal/solution2/directives.tcl
INFO: [HLS 200-1510] Running: set_directive_top -name bit_reverse_accel bit_reverse_accel 
INFO: [HLS 200-1510] Running: csim_design -quiet 
INFO: [SIM 211-2] *************** CSIM start ***************
INFO: [SIM 211-4] CSIM will launch GCC as the compiler.
INFO: [HLS 200-2036] Building debug C Simulation binaries
INFO: [SIM 211-1] CSim done with 0 errors.
INFO: [SIM 211-3] *************** CSIM finish ***************
INFO: [HLS 200-111] Finished Command csim_design CPU user time: 2.01 seconds. CPU system time: 0.26 seconds. Elapsed time: 2.31 seconds; current allocated memory: 0.000 MB.
==============================================================
Vitis HLS - High-Level Synthesis from C, C++ and OpenCL v2023.2 (64-bit)
Tool Version Limit: 2023.10
Copyright 1986-2022 Xilinx, Inc. All Rights Reserved.
Copyright 2022-2023 Advanced Micro Devices, Inc. All Rights Reserved.

==============================================================
INFO: [SYN 201-201] Setting up clock 'default' with a period of 10ns.
INFO: [HLS 200-1611] Setting target device to 'xc7a200t-fbg676-2'
INFO: [HLS 200-1505] Using flow_target 'vivado'
INFO: [HLS 200-1464] Running solution command: config_cosim -tool=xsim
INFO: [HLS 200-1464] Running solution command: config_export -flow=syn
INFO: [HLS 200-1464] Running solution command: config_export -format=ip_catalog
INFO: [HLS 200-1464] Running solution command: config_export -output=/home/fluctlights/HlsProjects/bit_reversal/RTL_export
INFO: [HLS 200-1464] Running solution command: config_export -rtl=verilog
INFO: [HLS 200-1464] Running solution command: config_export -vivado_clock=10
INFO: [HLS 200-1510] Running: set_part xc7a200t-fbg676-2 
INFO: [HLS 200-1510] Running: create_clock -period 10 -name default 
INFO: [HLS 200-1510] Running: config_cosim -tool xsim 
INFO: [HLS 200-1510] Running: config_export -flow syn -format ip_catalog -output /home/fluctlights/HlsProjects/bit_reversal/RTL_export -rtl verilog -vivado_clock 10 
INFO: [HLS 200-1510] Running: source ./bit_reversal/solution2/directives.tcl
INFO: [HLS 200-1510] Running: set_directive_top -name bit_reverse_accel bit_reverse_accel 
INFO: [HLS 200-1510] Running: csim_design -quiet 
INFO: [SIM 211-2] *************** CSIM start ***************
INFO: [SIM 211-4] CSIM will launch GCC as the compiler.
INFO: [HLS 200-2036] Building debug C Simulation binaries
INFO: [SIM 211-1] CSim done with 0 errors.
INFO: [SIM 211-3] *************** CSIM finish ***************
INFO: [HLS 200-111] Finished Command csim_design CPU user time: 0.11 seconds. CPU system time: 0.08 seconds. Elapsed time: 0.18 seconds; current allocated memory: 0.000 MB.
==============================================================
Vitis HLS - High-Level Synthesis from C, C++ and OpenCL v2023.2 (64-bit)
Tool Version Limit: 2023.10
Copyright 1986-2022 Xilinx, Inc. All Rights Reserved.
Copyright 2022-2023 Advanced Micro Devices, Inc. All Rights Reserved.

==============================================================
INFO: [SYN 201-201] Setting up clock 'default' with a period of 10ns.
INFO: [HLS 200-1611] Setting target device to 'xc7a200t-fbg676-2'
INFO: [HLS 200-1505] Using flow_target 'vivado'
INFO: [HLS 200-1464] Running solution command: config_cosim -tool=xsim
INFO: [HLS 200-1464] Running solution command: config_export -flow=syn
INFO: [HLS 200-1464] Running solution command: config_export -format=ip_catalog
INFO: [HLS 200-1464] Running solution command: config_export -output=/home/fluctlights/HlsProjects/bit_reversal/RTL_export
INFO: [HLS 200-1464] Running solution command: config_export -rtl=verilog
INFO: [HLS 200-1464] Running solution command: config_export -vivado_clock=10
INFO: [HLS 200-1510] Running: set_part xc7a200t-fbg676-2 
INFO: [HLS 200-1510] Running: create_clock -period 10 -name default 
INFO: [HLS 200-1510] Running: config_cosim -tool xsim 
INFO: [HLS 200-1510] Running: config_export -flow syn -format ip_catalog -output /home/fluctlights/HlsProjects/bit_reversal/RTL_export -rtl verilog -vivado_clock 10 
INFO: [HLS 200-1510] Running: source ./bit_reversal/solution2/directives.tcl
INFO: [HLS 200-1510] Running: set_directive_top -name bit_reverse_accel bit_reverse_accel 
INFO: [HLS 200-1510] Running: csim_design -quiet 
INFO: [SIM 211-2] *************** CSIM start ***************
INFO: [SIM 211-4] CSIM will launch GCC as the compiler.
INFO: [HLS 200-2036] Building debug C Simulation binaries
INFO: [SIM 211-1] CSim done with 0 errors.
INFO: [SIM 211-3] *************** CSIM finish ***************
INFO: [HLS 200-111] Finished Command csim_design CPU user time: 2.09 seconds. CPU system time: 0.27 seconds. Elapsed time: 2.36 seconds; current allocated memory: 0.000 MB.
==============================================================
Vitis HLS - High-Level Synthesis from C, C++ and OpenCL v2023.2 (64-bit)
Tool Version Limit: 2023.10
Copyright 1986-2022 Xilinx, Inc. All Rights Reserved.
Copyright 2022-2023 Advanced Micro Devices, Inc. All Rights Reserved.

==============================================================
INFO: [SYN 201-201] Setting up clock 'default' with a period of 10ns.
INFO: [HLS 200-1611] Setting target device to 'xc7a100t-csg324-3'
INFO: [HLS 200-1505] Using flow_target 'vivado'
INFO: [HLS 200-1464] Running solution command: config_cosim -tool=xsim
INFO: [HLS 200-1464] Running solution command: config_export -flow=syn
INFO: [HLS 200-1464] Running solution command: config_export -format=ip_catalog
INFO: [HLS 200-1464] Running solution command: config_export -output=/home/fluctlights/HlsProjects/bit_reversal/RTL_export
INFO: [HLS 200-1464] Running solution command: config_export -rtl=verilog
INFO: [HLS 200-1464] Running solution command: config_export -vivado_clock=10
INFO: [HLS 200-1510] Running: set_part xc7a100tcsg324-3 
INFO: [HLS 200-1510] Running: create_clock -period 10 -name default 
INFO: [HLS 200-1510] Running: config_cosim -tool xsim 
INFO: [HLS 200-1510] Running: config_export -flow syn -format ip_catalog -output /home/fluctlights/HlsProjects/bit_reversal/RTL_export -rtl verilog -vivado_clock 10 
INFO: [HLS 200-1510] Running: source ./bit_reversal/solution2/directives.tcl
INFO: [HLS 200-1510] Running: set_directive_top -name bit_reverse_accel bit_reverse_accel 
INFO: [HLS 200-1510] Running: csynth_design 
INFO: [HLS 200-111] Finished File checks and directory preparation: CPU user time: 0.07 seconds. CPU system time: 0.01 seconds. Elapsed time: 0.09 seconds; current allocated memory: 269.348 MB.
INFO: [HLS 200-10] Analyzing design file 'bit_reversal/Diseno/bit_reversal_accel.cpp' ... 
INFO: [HLS 200-111] Finished Source Code Analysis and Preprocessing: CPU user time: 2.91 seconds. CPU system time: 0.42 seconds. Elapsed time: 3.64 seconds; current allocated memory: 270.473 MB.
INFO: [HLS 200-777] Using interface defaults for 'Vivado' flow target.
INFO: [HLS 200-1995] There were 233 instructions in the design after the 'Compile/Link' phase of compilation. See the Design Size Report for more details: /home/fluctlights/HlsProjects/bit_reversal/solution2/syn/report/csynth_design_size.rpt
INFO: [HLS 200-1995] There were 494 instructions in the design after the 'Unroll/Inline (step 1)' phase of compilation. See the Design Size Report for more details: /home/fluctlights/HlsProjects/bit_reversal/solution2/syn/report/csynth_design_size.rpt
INFO: [HLS 200-1995] There were 482 instructions in the design after the 'Unroll/Inline (step 2)' phase of compilation. See the Design Size Report for more details: /home/fluctlights/HlsProjects/bit_reversal/solution2/syn/report/csynth_design_size.rpt
INFO: [HLS 200-1995] There were 482 instructions in the design after the 'Unroll/Inline (step 3)' phase of compilation. See the Design Size Report for more details: /home/fluctlights/HlsProjects/bit_reversal/solution2/syn/report/csynth_design_size.rpt
INFO: [HLS 200-1995] There were 358 instructions in the design after the 'Unroll/Inline (step 4)' phase of compilation. See the Design Size Report for more details: /home/fluctlights/HlsProjects/bit_reversal/solution2/syn/report/csynth_design_size.rpt
INFO: [HLS 200-1995] There were 358 instructions in the design after the 'Array/Struct (step 1)' phase of compilation. See the Design Size Report for more details: /home/fluctlights/HlsProjects/bit_reversal/solution2/syn/report/csynth_design_size.rpt
INFO: [HLS 200-1995] There were 358 instructions in the design after the 'Array/Struct (step 2)' phase of compilation. See the Design Size Report for more details: /home/fluctlights/HlsProjects/bit_reversal/solution2/syn/report/csynth_design_size.rpt
INFO: [HLS 200-1995] There were 358 instructions in the design after the 'Array/Struct (step 3)' phase of compilation. See the Design Size Report for more details: /home/fluctlights/HlsProjects/bit_reversal/solution2/syn/report/csynth_design_size.rpt
INFO: [HLS 200-1995] There were 358 instructions in the design after the 'Array/Struct (step 4)' phase of compilation. See the Design Size Report for more details: /home/fluctlights/HlsProjects/bit_reversal/solution2/syn/report/csynth_design_size.rpt
INFO: [HLS 200-1995] There were 454 instructions in the design after the 'Array/Struct (step 5)' phase of compilation. See the Design Size Report for more details: /home/fluctlights/HlsProjects/bit_reversal/solution2/syn/report/csynth_design_size.rpt
INFO: [HLS 200-1995] There were 459 instructions in the design after the 'Performance (step 1)' phase of compilation. See the Design Size Report for more details: /home/fluctlights/HlsProjects/bit_reversal/solution2/syn/report/csynth_design_size.rpt
INFO: [HLS 200-1995] There were 451 instructions in the design after the 'Performance (step 2)' phase of compilation. See the Design Size Report for more details: /home/fluctlights/HlsProjects/bit_reversal/solution2/syn/report/csynth_design_size.rpt
INFO: [HLS 200-1995] There were 382 instructions in the design after the 'Performance (step 3)' phase of compilation. See the Design Size Report for more details: /home/fluctlights/HlsProjects/bit_reversal/solution2/syn/report/csynth_design_size.rpt
INFO: [HLS 200-1995] There were 382 instructions in the design after the 'Performance (step 4)' phase of compilation. See the Design Size Report for more details: /home/fluctlights/HlsProjects/bit_reversal/solution2/syn/report/csynth_design_size.rpt
INFO: [HLS 200-1995] There were 346 instructions in the design after the 'HW Transforms (step 1)' phase of compilation. See the Design Size Report for more details: /home/fluctlights/HlsProjects/bit_reversal/solution2/syn/report/csynth_design_size.rpt
INFO: [HLS 200-1995] There were 336 instructions in the design after the 'HW Transforms (step 2)' phase of compilation. See the Design Size Report for more details: /home/fluctlights/HlsProjects/bit_reversal/solution2/syn/report/csynth_design_size.rpt
INFO: [HLS 214-291] Loop 'VITIS_LOOP_17_1' is marked as complete unroll implied by the pipeline pragma (bit_reversal/Diseno/bit_reversal_accel.cpp:17:22)
INFO: [HLS 214-291] Loop 'VITIS_LOOP_20_2' is marked as complete unroll implied by the pipeline pragma (bit_reversal/Diseno/bit_reversal_accel.cpp:20:26)
INFO: [HLS 214-186] Unrolling loop 'VITIS_LOOP_17_1' (bit_reversal/Diseno/bit_reversal_accel.cpp:17:22) in function 'bit_reverse_accel' completely with a factor of 4 (bit_reversal/Diseno/bit_reversal_accel.cpp:5:0)
INFO: [HLS 214-186] Unrolling loop 'VITIS_LOOP_20_2' (bit_reversal/Diseno/bit_reversal_accel.cpp:20:26) in function 'bit_reverse_accel' completely with a factor of 32 (bit_reversal/Diseno/bit_reversal_accel.cpp:5:0)
INFO: [HLS 200-111] Finished Compiling Optimization and Transform: CPU user time: 2.3 seconds. CPU system time: 0.36 seconds. Elapsed time: 7.41 seconds; current allocated memory: 273.098 MB.
INFO: [HLS 200-111] Finished Checking Pragmas: CPU user time: 0 seconds. CPU system time: 0 seconds. Elapsed time: 0 seconds; current allocated memory: 273.098 MB.
INFO: [HLS 200-10] Starting code transformations ...
INFO: [HLS 200-111] Finished Standard Transforms: CPU user time: 0.01 seconds. CPU system time: 0 seconds. Elapsed time: 0.05 seconds; current allocated memory: 273.383 MB.
INFO: [HLS 200-10] Checking synthesizability ...
INFO: [HLS 200-111] Finished Checking Synthesizability: CPU user time: 0.01 seconds. CPU system time: 0 seconds. Elapsed time: 0.01 seconds; current allocated memory: 273.410 MB.
INFO: [HLS 200-111] Finished Loop, function and other optimizations: CPU user time: 0.04 seconds. CPU system time: 0.01 seconds. Elapsed time: 0.05 seconds; current allocated memory: 296.066 MB.
INFO: [HLS 200-111] Finished Architecture Synthesis: CPU user time: 0.05 seconds. CPU system time: 0 seconds. Elapsed time: 0.05 seconds; current allocated memory: 296.066 MB.
INFO: [HLS 200-10] Starting hardware synthesis ...
INFO: [HLS 200-10] Synthesizing 'bit_reverse_accel' ...
INFO: [HLS 200-10] ----------------------------------------------------------------
INFO: [HLS 200-42] -- Implementing module 'bit_reverse_accel' 
INFO: [HLS 200-10] ----------------------------------------------------------------
INFO: [SCHED 204-11] Starting scheduling ...
INFO: [SCHED 204-61] Pipelining function 'bit_reverse_accel'.
WARNING: [HLS 200-880] The II Violation in module 'bit_reverse_accel' (function 'bit_reverse_accel'): Unable to enforce a carried dependence constraint (II = 3, distance = 1, offset = 1) between axis read operation ('empty_12', bit_reversal/Diseno/bit_reversal_accel.cpp:18) on port 's_axis_V_data_V' (bit_reversal/Diseno/bit_reversal_accel.cpp:18) and axis read operation ('empty', bit_reversal/Diseno/bit_reversal_accel.cpp:18) on port 's_axis_V_data_V' (bit_reversal/Diseno/bit_reversal_accel.cpp:18).
INFO: [HLS 200-1470] Pipelining result : Target II = 3, Final II = 4, Depth = 5, function 'bit_reverse_accel'
INFO: [SCHED 204-11] Finished scheduling.
INFO: [HLS 200-111] Finished Scheduling: CPU user time: 0.02 seconds. CPU system time: 0.01 seconds. Elapsed time: 0.06 seconds; current allocated memory: 296.066 MB.
INFO: [BIND 205-100] Starting micro-architecture generation ...
INFO: [BIND 205-101] Performing variable lifetime analysis.
INFO: [BIND 205-101] Exploring resource sharing.
INFO: [BIND 205-101] Binding ...
INFO: [BIND 205-100] Finished micro-architecture generation.
INFO: [HLS 200-111] Finished Binding: CPU user time: 0.02 seconds. CPU system time: 0 seconds. Elapsed time: 0.02 seconds; current allocated memory: 296.066 MB.
INFO: [HLS 200-10] ----------------------------------------------------------------
INFO: [HLS 200-10] -- Generating RTL for module 'bit_reverse_accel' 
INFO: [HLS 200-10] ----------------------------------------------------------------
WARNING: [RTGEN 206-101] Design contains AXI ports. Reset is fixed to synchronous and active low.
INFO: [RTGEN 206-500] Setting interface mode on port 'bit_reverse_accel/s_axis_V_data_V' to 'axis' (register, both mode).
INFO: [RTGEN 206-500] Setting interface mode on port 'bit_reverse_accel/s_axis_V_keep_V' to 'axis' (register, both mode).
INFO: [RTGEN 206-500] Setting interface mode on port 'bit_reverse_accel/s_axis_V_strb_V' to 'axis' (register, both mode).
INFO: [RTGEN 206-500] Setting interface mode on port 'bit_reverse_accel/s_axis_V_last_V' to 'axis' (register, both mode).
INFO: [RTGEN 206-500] Setting interface mode on port 'bit_reverse_accel/m_axis_V_data_V' to 'axis' (register, both mode).
INFO: [RTGEN 206-500] Setting interface mode on port 'bit_reverse_accel/m_axis_V_keep_V' to 'axis' (register, both mode).
INFO: [RTGEN 206-500] Setting interface mode on port 'bit_reverse_accel/m_axis_V_strb_V' to 'axis' (register, both mode).
INFO: [RTGEN 206-500] Setting interface mode on port 'bit_reverse_accel/m_axis_V_last_V' to 'axis' (register, both mode).
INFO: [RTGEN 206-500] Setting interface mode on function 'bit_reverse_accel' to 'ap_ctrl_none'.
INFO: [HLS 200-1030] Apply Unified Pipeline Control on module 'bit_reverse_accel' pipeline 'bit_reverse_accel' pipeline type 'function pipeline'
INFO: [RTGEN 206-100] Finished creating RTL model for 'bit_reverse_accel'.
INFO: [HLS 200-111] Finished Creating RTL model: CPU user time: 0.04 seconds. CPU system time: 0 seconds. Elapsed time: 0.05 seconds; current allocated memory: 296.066 MB.
INFO: [HLS 200-111] Finished Generating all RTL models: CPU user time: 0.18 seconds. CPU system time: 0.02 seconds. Elapsed time: 0.2 seconds; current allocated memory: 296.066 MB.
INFO: [HLS 200-111] Finished Updating report files: CPU user time: 0.21 seconds. CPU system time: 0.02 seconds. Elapsed time: 0.23 seconds; current allocated memory: 300.133 MB.
INFO: [VHDL 208-304] Generating VHDL RTL for bit_reverse_accel.
INFO: [VLOG 209-307] Generating Verilog RTL for bit_reverse_accel.
INFO: [HLS 200-789] **** Estimated Fmax: 500.00 MHz
INFO: [HLS 200-111] Finished Command csynth_design CPU user time: 5.87 seconds. CPU system time: 0.85 seconds. Elapsed time: 11.86 seconds; current allocated memory: 30.965 MB.
==============================================================
Vitis HLS - High-Level Synthesis from C, C++ and OpenCL v2023.2 (64-bit)
Tool Version Limit: 2023.10
Copyright 1986-2022 Xilinx, Inc. All Rights Reserved.
Copyright 2022-2023 Advanced Micro Devices, Inc. All Rights Reserved.

==============================================================
INFO: [SYN 201-201] Setting up clock 'default' with a period of 10ns.
INFO: [HLS 200-1611] Setting target device to 'xc7a100t-csg324-3'
INFO: [HLS 200-1505] Using flow_target 'vivado'
INFO: [HLS 200-1464] Running solution command: config_cosim -tool=xsim
INFO: [HLS 200-1464] Running solution command: config_export -flow=syn
INFO: [HLS 200-1464] Running solution command: config_export -format=ip_catalog
INFO: [HLS 200-1464] Running solution command: config_export -output=/home/fluctlights/HlsProjects/bit_reversal/RTL_export
INFO: [HLS 200-1464] Running solution command: config_export -rtl=verilog
INFO: [HLS 200-1464] Running solution command: config_export -vivado_clock=10
INFO: [HLS 200-1510] Running: set_part xc7a100tcsg324-3 
INFO: [HLS 200-1510] Running: create_clock -period 10 -name default 
INFO: [HLS 200-1510] Running: config_cosim -tool xsim 
INFO: [HLS 200-1510] Running: config_export -flow syn -format ip_catalog -output /home/fluctlights/HlsProjects/bit_reversal/RTL_export -rtl verilog -vivado_clock 10 
INFO: [HLS 200-1510] Running: source ./bit_reversal/solution2/directives.tcl
INFO: [HLS 200-1510] Running: set_directive_top -name bit_reverse_accel bit_reverse_accel 
INFO: [HLS 200-1510] Running: cosim_design 
INFO: [COSIM 212-47] Using XSIM for RTL simulation.
INFO: [COSIM 212-14] Instrumenting C test bench ...
INFO: [COSIM 212-302] Starting C TB testing ... 
INFO: [COSIM 212-333] Generating C post check test bench ...
INFO: [COSIM 212-12] Generating RTL test bench ...
INFO: [COSIM 212-1] *** C/RTL co-simulation file generation completed. ***
INFO: [COSIM 212-323] Starting verilog simulation. 
INFO: [COSIM 212-15] Starting XSIM ...
INFO: [COSIM 212-316] Starting C post checking ...
INFO: [COSIM 212-1000] *** C/RTL co-simulation finished: PASS ***
INFO: [HLS 200-111] Finished Command cosim_design CPU user time: 21.91 seconds. CPU system time: 1.87 seconds. Elapsed time: 24.14 seconds; current allocated memory: 12.660 MB.
