bit_reversal/Diseno/bit_reversal_accel.cpp:6:9: warning: HLS pragma dump _XLX_SEP_ PragmaIsValid=1_XLX_SEP_ PragmaType=pipeline_XLX_SEP_ PragmaContext=_XLX_SEP_ PragmaFunction=reverse_bits_XLX_SEP_ PragmaOptions=II=3_XLX_SEP_ [-Wdump-hls-pragmas]
#pragma HLS PIPELINE II=3
        ^
bit_reversal/Diseno/bit_reversal_accel.cpp:8:9: warning: HLS pragma dump _XLX_SEP_ PragmaIsValid=1_XLX_SEP_ PragmaType=unroll_XLX_SEP_ PragmaContext=_XLX_SEP_ PragmaFunction=reverse_bits_XLX_SEP_ PragmaOptions=_XLX_SEP_ [-Wdump-hls-pragmas]
#pragma HLS UNROLL
        ^
/home/fluctlights/HlsProjects/bit_reversal/solution1/csynth.tcl:18:9: warning: HLS pragma dump _XLX_SEP_ PragmaIsValid=1_XLX_SEP_ PragmaType=top_XLX_SEP_ PragmaContext=directive_XLX_SEP_ PragmaFunction=bit_reverse_accel_XLX_SEP_ PragmaOptions=name=bit_reverse_accel_XLX_SEP_ [-Wdump-hls-pragmas]
#pragma HLSDIRECTIVE TOP name=bit_reverse_accel
        ^
/home/fluctlights/HlsProjects/bit_reversal/solution1/directives.tcl:7:9: warning: HLS pragma dump _XLX_SEP_ PragmaIsValid=1_XLX_SEP_ PragmaType=top_XLX_SEP_ PragmaContext=directive_XLX_SEP_ PragmaFunction=bit_reverse_accel_XLX_SEP_ PragmaOptions=name=bit_reverse_accel_XLX_SEP_ [-Wdump-hls-pragmas]
#pragma HLSDIRECTIVE TOP name=bit_reverse_accel
        ^
bit_reversal/Diseno/bit_reversal_accel.cpp:18:9: warning: HLS pragma dump _XLX_SEP_ PragmaIsValid=1_XLX_SEP_ PragmaType=interface_XLX_SEP_ PragmaContext=_XLX_SEP_ PragmaFunction=bit_reverse_accel_XLX_SEP_ PragmaOptions=axis port=s_axis_XLX_SEP_ [-Wdump-hls-pragmas]
#pragma HLS INTERFACE axis port=s_axis
        ^
bit_reversal/Diseno/bit_reversal_accel.cpp:19:9: warning: HLS pragma dump _XLX_SEP_ PragmaIsValid=1_XLX_SEP_ PragmaType=interface_XLX_SEP_ PragmaContext=_XLX_SEP_ PragmaFunction=bit_reverse_accel_XLX_SEP_ PragmaOptions=axis port=m_axis_XLX_SEP_ [-Wdump-hls-pragmas]
#pragma HLS INTERFACE axis port=m_axis
        ^
bit_reversal/Diseno/bit_reversal_accel.cpp:26:9: warning: HLS pragma dump _XLX_SEP_ PragmaIsValid=1_XLX_SEP_ PragmaType=pipeline_XLX_SEP_ PragmaContext=_XLX_SEP_ PragmaFunction=bit_reverse_accel_XLX_SEP_ PragmaOptions=II=1_XLX_SEP_ [-Wdump-hls-pragmas]
#pragma HLS PIPELINE II=1
        ^
7 warnings generated.
