

================================================================
== Vitis HLS Report for 'bit_reverse_accel'
================================================================
* Date:           Tue Aug  5 00:26:11 2025

* Version:        2023.2 (Build 4023990 on Oct 11 2023)
* Project:        bit_reversal
* Solution:       solution1 (Vivado IP Flow Target)
* Product family: artix7
* Target device:  xc7a200t-fbg676-2


================================================================
== Performance Estimates
================================================================
+ Timing: 
    * Summary: 
    +--------+----------+----------+------------+
    |  Clock |  Target  | Estimated| Uncertainty|
    +--------+----------+----------+------------+
    |ap_clk  |  10.00 ns|  3.995 ns|     2.70 ns|
    +--------+----------+----------+------------+

+ Latency: 
    * Summary: 
    +---------+---------+-----------+-----------+-----+-----+---------+
    |  Latency (cycles) |   Latency (absolute)  |  Interval | Pipeline|
    |   min   |   max   |    min    |    max    | min | max |   Type  |
    +---------+---------+-----------+-----------+-----+-----+---------+
    |        7|        7|  70.000 ns|  70.000 ns|    8|    8|       no|
    +---------+---------+-----------+-----------+-----+-----+---------+

    + Detail: 
        * Instance: 
        N/A

        * Loop: 
        +-------------------+---------+---------+----------+-----------+-----------+------+----------+
        |                   |  Latency (cycles) | Iteration|  Initiation Interval  | Trip |          |
        |     Loop Name     |   min   |   max   |  Latency |  achieved |   target  | Count| Pipelined|
        +-------------------+---------+---------+----------+-----------+-----------+------+----------+
        |- VITIS_LOOP_25_1  |        5|        5|         3|          1|          1|     4|       yes|
        +-------------------+---------+---------+----------+-----------+-----------+------+----------+

============================================================
+ Verbose Summary: Synthesis Manager
============================================================
InlineROM: 1
ExposeGlobal: 0
============================================================
+ Verbose Summary: CDFG Model
============================================================
IsTopModel: 1
ResetActiveHigh: 1
IsCombinational: 0
IsDatapathOnly: 0
HasWiredReturn: 1
HasMFsm: 2
HasVarLatency: 1
IsPipeline: 0
IsRtlPipelined: 0
IsInstanceOverlapped: 0
IsDontTouch: 0
HasImplIP: 0
IsGatedGlobalClock: 0

+ Individual pipeline summary: 
  * Pipeline-0: initiation interval (II) = 1, depth = 3


============================================================
+ Verbose Summary: Schedule
============================================================
* Number of FSM states : 3
* Pipeline : 1
  Pipeline-0 : II = 1, D = 3, States = { 1 2 3 }
* Dataflow Pipeline: 0

* FSM state transitions: 
1 --> 2 
2 --> 3 
3 --> 

* FSM state operations: 

State 1 <SV = 0> <Delay = 3.99>
ST_1 : Operation 6 [1/1] (0.00ns)   --->   "%i = alloca i32 1" [bit_reversal/Diseno/bit_reversal_accel.cpp:25]   --->   Operation 6 'alloca' 'i' <Predicate = true> <Delay = 0.00>
ST_1 : Operation 7 [1/1] (0.00ns)   --->   "%spectopmodule_ln15 = spectopmodule void @_ssdm_op_SpecTopModule, void @empty_4" [bit_reversal/Diseno/bit_reversal_accel.cpp:15]   --->   Operation 7 'spectopmodule' 'spectopmodule_ln15' <Predicate = true> <Delay = 0.00>
ST_1 : Operation 8 [1/1] (0.00ns)   --->   "%specinterface_ln0 = specinterface void @_ssdm_op_SpecInterface, i32 %s_axis_V_data_V, i4 %s_axis_V_keep_V, i4 %s_axis_V_strb_V, i1 %s_axis_V_last_V, void @empty, i32 1, i32 1, void @empty_0, i32 0, i32 0, void @empty_1, void @empty_1, void @empty_1, i32 0, i32 0, i32 0, i32 0, void @empty_1, void @empty_1, i32 4294967295, i32 0"   --->   Operation 8 'specinterface' 'specinterface_ln0' <Predicate = true> <Delay = 0.00>
ST_1 : Operation 9 [1/1] (0.00ns)   --->   "%specbitsmap_ln0 = specbitsmap void @_ssdm_op_SpecBitsMap, i32 %s_axis_V_data_V"   --->   Operation 9 'specbitsmap' 'specbitsmap_ln0' <Predicate = true> <Delay = 0.00>
ST_1 : Operation 10 [1/1] (0.00ns)   --->   "%specbitsmap_ln0 = specbitsmap void @_ssdm_op_SpecBitsMap, i4 %s_axis_V_keep_V"   --->   Operation 10 'specbitsmap' 'specbitsmap_ln0' <Predicate = true> <Delay = 0.00>
ST_1 : Operation 11 [1/1] (0.00ns)   --->   "%specbitsmap_ln0 = specbitsmap void @_ssdm_op_SpecBitsMap, i4 %s_axis_V_strb_V"   --->   Operation 11 'specbitsmap' 'specbitsmap_ln0' <Predicate = true> <Delay = 0.00>
ST_1 : Operation 12 [1/1] (0.00ns)   --->   "%specbitsmap_ln0 = specbitsmap void @_ssdm_op_SpecBitsMap, i1 %s_axis_V_last_V"   --->   Operation 12 'specbitsmap' 'specbitsmap_ln0' <Predicate = true> <Delay = 0.00>
ST_1 : Operation 13 [1/1] (0.00ns)   --->   "%specinterface_ln0 = specinterface void @_ssdm_op_SpecInterface, i32 %m_axis_V_data_V, i4 %m_axis_V_keep_V, i4 %m_axis_V_strb_V, i1 %m_axis_V_last_V, void @empty, i32 1, i32 1, void @empty_0, i32 0, i32 0, void @empty_1, void @empty_1, void @empty_1, i32 0, i32 0, i32 0, i32 0, void @empty_1, void @empty_1, i32 4294967295, i32 0"   --->   Operation 13 'specinterface' 'specinterface_ln0' <Predicate = true> <Delay = 0.00>
ST_1 : Operation 14 [1/1] (0.00ns)   --->   "%specbitsmap_ln0 = specbitsmap void @_ssdm_op_SpecBitsMap, i32 %m_axis_V_data_V"   --->   Operation 14 'specbitsmap' 'specbitsmap_ln0' <Predicate = true> <Delay = 0.00>
ST_1 : Operation 15 [1/1] (0.00ns)   --->   "%specbitsmap_ln0 = specbitsmap void @_ssdm_op_SpecBitsMap, i4 %m_axis_V_keep_V"   --->   Operation 15 'specbitsmap' 'specbitsmap_ln0' <Predicate = true> <Delay = 0.00>
ST_1 : Operation 16 [1/1] (0.00ns)   --->   "%specbitsmap_ln0 = specbitsmap void @_ssdm_op_SpecBitsMap, i4 %m_axis_V_strb_V"   --->   Operation 16 'specbitsmap' 'specbitsmap_ln0' <Predicate = true> <Delay = 0.00>
ST_1 : Operation 17 [1/1] (0.00ns)   --->   "%specbitsmap_ln0 = specbitsmap void @_ssdm_op_SpecBitsMap, i1 %m_axis_V_last_V"   --->   Operation 17 'specbitsmap' 'specbitsmap_ln0' <Predicate = true> <Delay = 0.00>
ST_1 : Operation 18 [1/1] (0.00ns)   --->   "%specaxissidechannel_ln25 = specaxissidechannel void @_ssdm_op_SpecAXISSideChannel, i32 %m_axis_V_data_V, i4 %m_axis_V_keep_V, i4 %m_axis_V_strb_V, i1 0, i1 %m_axis_V_last_V, i1 0, i1 0, void @empty_2" [bit_reversal/Diseno/bit_reversal_accel.cpp:25]   --->   Operation 18 'specaxissidechannel' 'specaxissidechannel_ln25' <Predicate = true> <Delay = 0.00>
ST_1 : Operation 19 [1/1] (0.00ns)   --->   "%specaxissidechannel_ln25 = specaxissidechannel void @_ssdm_op_SpecAXISSideChannel, i32 %s_axis_V_data_V, i4 %s_axis_V_keep_V, i4 %s_axis_V_strb_V, i1 0, i1 %s_axis_V_last_V, i1 0, i1 0, void @empty_3" [bit_reversal/Diseno/bit_reversal_accel.cpp:25]   --->   Operation 19 'specaxissidechannel' 'specaxissidechannel_ln25' <Predicate = true> <Delay = 0.00>
ST_1 : Operation 20 [1/1] (1.32ns)   --->   "%store_ln25 = store i3 0, i3 %i" [bit_reversal/Diseno/bit_reversal_accel.cpp:25]   --->   Operation 20 'store' 'store_ln25' <Predicate = true> <Delay = 1.32>
ST_1 : Operation 21 [1/1] (0.00ns)   --->   "%br_ln25 = br void %for.inc" [bit_reversal/Diseno/bit_reversal_accel.cpp:25]   --->   Operation 21 'br' 'br_ln25' <Predicate = true> <Delay = 0.00>
ST_1 : Operation 22 [1/1] (0.00ns)   --->   "%i_1 = load i3 %i" [bit_reversal/Diseno/bit_reversal_accel.cpp:25]   --->   Operation 22 'load' 'i_1' <Predicate = true> <Delay = 0.00>
ST_1 : Operation 23 [1/1] (1.34ns)   --->   "%icmp_ln25 = icmp_eq  i3 %i_1, i3 4" [bit_reversal/Diseno/bit_reversal_accel.cpp:25]   --->   Operation 23 'icmp' 'icmp_ln25' <Predicate = true> <Delay = 1.34> <CoreInst = "Cmp">   --->   Core 9 'Cmp' <Latency = 0> <II = 1> <Delay = 1.34> <FuncUnit> <Opcode : 'icmp'> <InPorts = 2> <OutPorts = 1>
ST_1 : Operation 24 [1/1] (1.34ns)   --->   "%i_2 = add i3 %i_1, i3 1" [bit_reversal/Diseno/bit_reversal_accel.cpp:25]   --->   Operation 24 'add' 'i_2' <Predicate = true> <Delay = 1.34> <CoreInst = "Adder">   --->   Core 1 'Adder' <Latency = 0> <II = 1> <Delay = 1.34> <FuncUnit> <Opcode : 'add' 'sub'> <InPorts = 2> <OutPorts = 1>
ST_1 : Operation 25 [1/1] (0.00ns)   --->   "%br_ln25 = br i1 %icmp_ln25, void %for.inc.split, void %for.end" [bit_reversal/Diseno/bit_reversal_accel.cpp:25]   --->   Operation 25 'br' 'br_ln25' <Predicate = true> <Delay = 0.00>
ST_1 : Operation 26 [1/1] (1.00ns)   --->   "%empty = read i41 @_ssdm_op_Read.axis.volatile.i32P0A.i4P0A.i4P0A.i1P0A, i32 %s_axis_V_data_V, i4 %s_axis_V_keep_V, i4 %s_axis_V_strb_V, i1 %s_axis_V_last_V" [bit_reversal/Diseno/bit_reversal_accel.cpp:27]   --->   Operation 26 'read' 'empty' <Predicate = (!icmp_ln25)> <Delay = 1.00> <CoreInst = "axis">   --->   Core 115 'axis' <Latency = 0> <II = 1> <Delay = 1.00> <Adapter> <Opcode : >
ST_1 : Operation 27 [1/1] (0.00ns)   --->   "%input_word_data = extractvalue i41 %empty" [bit_reversal/Diseno/bit_reversal_accel.cpp:27]   --->   Operation 27 'extractvalue' 'input_word_data' <Predicate = (!icmp_ln25)> <Delay = 0.00>
ST_1 : Operation 28 [1/1] (0.00ns)   --->   "%reversed = partselect i32 @_ssdm_op_PartSelect.i32.i32.i32.i32, i32 %input_word_data, i32 31, i32 0" [bit_reversal/Diseno/bit_reversal_accel.cpp:9->bit_reversal/Diseno/bit_reversal_accel.cpp:29]   --->   Operation 28 'partselect' 'reversed' <Predicate = (!icmp_ln25)> <Delay = 0.00>
ST_1 : Operation 29 [1/1] (1.34ns)   --->   "%output_word_last = icmp_eq  i3 %i_1, i3 3" [bit_reversal/Diseno/bit_reversal_accel.cpp:32]   --->   Operation 29 'icmp' 'output_word_last' <Predicate = (!icmp_ln25)> <Delay = 1.34> <CoreInst = "Cmp">   --->   Core 9 'Cmp' <Latency = 0> <II = 1> <Delay = 1.34> <FuncUnit> <Opcode : 'icmp'> <InPorts = 2> <OutPorts = 1>
ST_1 : Operation 30 [1/1] (1.32ns)   --->   "%store_ln25 = store i3 %i_2, i3 %i" [bit_reversal/Diseno/bit_reversal_accel.cpp:25]   --->   Operation 30 'store' 'store_ln25' <Predicate = (!icmp_ln25)> <Delay = 1.32>

State 2 <SV = 1> <Delay = 1.00>
ST_2 : Operation 31 [2/2] (1.00ns)   --->   "%write_ln34 = write void @_ssdm_op_Write.axis.volatile.i32P0A.i4P0A.i4P0A.i1P0A, i32 %m_axis_V_data_V, i4 %m_axis_V_keep_V, i4 %m_axis_V_strb_V, i1 %m_axis_V_last_V, i32 %reversed, i4 0, i4 0, i1 %output_word_last" [bit_reversal/Diseno/bit_reversal_accel.cpp:34]   --->   Operation 31 'write' 'write_ln34' <Predicate = true> <Delay = 1.00> <CoreInst = "axis">   --->   Core 115 'axis' <Latency = 0> <II = 1> <Delay = 1.00> <Adapter> <Opcode : >
ST_2 : Operation 37 [1/1] (0.00ns)   --->   "%ret_ln36 = ret" [bit_reversal/Diseno/bit_reversal_accel.cpp:36]   --->   Operation 37 'ret' 'ret_ln36' <Predicate = (icmp_ln25)> <Delay = 0.00>

State 3 <SV = 2> <Delay = 1.00>
ST_3 : Operation 32 [1/1] (0.00ns)   --->   "%specpipeline_ln26 = specpipeline void @_ssdm_op_SpecPipeline, i32 1, i32 0, i32 0, i32 0, void @empty_1" [bit_reversal/Diseno/bit_reversal_accel.cpp:26]   --->   Operation 32 'specpipeline' 'specpipeline_ln26' <Predicate = true> <Delay = 0.00>
ST_3 : Operation 33 [1/1] (0.00ns)   --->   "%speclooptripcount_ln25 = speclooptripcount void @_ssdm_op_SpecLoopTripCount, i64 4, i64 4, i64 4" [bit_reversal/Diseno/bit_reversal_accel.cpp:25]   --->   Operation 33 'speclooptripcount' 'speclooptripcount_ln25' <Predicate = true> <Delay = 0.00>
ST_3 : Operation 34 [1/1] (0.00ns)   --->   "%specloopname_ln25 = specloopname void @_ssdm_op_SpecLoopName, void @empty_5" [bit_reversal/Diseno/bit_reversal_accel.cpp:25]   --->   Operation 34 'specloopname' 'specloopname_ln25' <Predicate = true> <Delay = 0.00>
ST_3 : Operation 35 [1/2] (1.00ns)   --->   "%write_ln34 = write void @_ssdm_op_Write.axis.volatile.i32P0A.i4P0A.i4P0A.i1P0A, i32 %m_axis_V_data_V, i4 %m_axis_V_keep_V, i4 %m_axis_V_strb_V, i1 %m_axis_V_last_V, i32 %reversed, i4 0, i4 0, i1 %output_word_last" [bit_reversal/Diseno/bit_reversal_accel.cpp:34]   --->   Operation 35 'write' 'write_ln34' <Predicate = true> <Delay = 1.00> <CoreInst = "axis">   --->   Core 115 'axis' <Latency = 0> <II = 1> <Delay = 1.00> <Adapter> <Opcode : >
ST_3 : Operation 36 [1/1] (0.00ns)   --->   "%br_ln25 = br void %for.inc" [bit_reversal/Diseno/bit_reversal_accel.cpp:25]   --->   Operation 36 'br' 'br_ln25' <Predicate = true> <Delay = 0.00>


============================================================
+ Verbose Summary: Timing violations
============================================================
Target clock period: 10.000ns, clock uncertainty: 2.700ns.

 <State 1>: 3.995ns
The critical path consists of the following:
	'store' operation 0 bit ('store_ln25', bit_reversal/Diseno/bit_reversal_accel.cpp:25) of constant 0 on local variable 'i', bit_reversal/Diseno/bit_reversal_accel.cpp:25 [23]  (1.324 ns)
	'load' operation 3 bit ('i', bit_reversal/Diseno/bit_reversal_accel.cpp:25) on local variable 'i', bit_reversal/Diseno/bit_reversal_accel.cpp:25 [26]  (0.000 ns)
	'icmp' operation 1 bit ('icmp_ln25', bit_reversal/Diseno/bit_reversal_accel.cpp:25) [27]  (1.347 ns)
	'store' operation 0 bit ('store_ln25', bit_reversal/Diseno/bit_reversal_accel.cpp:25) of variable 'i', bit_reversal/Diseno/bit_reversal_accel.cpp:25 on local variable 'i', bit_reversal/Diseno/bit_reversal_accel.cpp:25 [39]  (1.324 ns)

 <State 2>: 1.000ns
The critical path consists of the following:
	axis write operation ('write_ln34', bit_reversal/Diseno/bit_reversal_accel.cpp:34) on port 'm_axis_V_data_V' (bit_reversal/Diseno/bit_reversal_accel.cpp:34) [38]  (1.000 ns)

 <State 3>: 1.000ns
The critical path consists of the following:
	axis write operation ('write_ln34', bit_reversal/Diseno/bit_reversal_accel.cpp:34) on port 'm_axis_V_data_V' (bit_reversal/Diseno/bit_reversal_accel.cpp:34) [38]  (1.000 ns)


============================================================
+ Verbose Summary: Binding
============================================================
N/A
* FSMD analyzer results:
  - Output states:
 - Input state : 
  - Chain level:
	State 1
	State 2
	State 3


============================================================
+ Verbose Summary: Datapath Resource usage 
============================================================
N/A
