

================================================================
== Vitis HLS Report for 'bit_reverse_accel'
================================================================
* Date:           Tue Aug  5 00:26:11 2025

* Version:        2023.2 (Build 4023990 on Oct 11 2023)
* Project:        bit_reversal
* Solution:       solution1 (Vivado IP Flow Target)
* Product family: artix7
* Target device:  xc7a200t-fbg676-2


================================================================
== Performance Estimates
================================================================
+ Timing: 
    * Summary: 
    +--------+----------+----------+------------+
    |  Clock |  Target  | Estimated| Uncertainty|
    +--------+----------+----------+------------+
    |ap_clk  |  10.00 ns|  3.995 ns|     2.70 ns|
    +--------+----------+----------+------------+

+ Latency: 
    * Summary: 
    +---------+---------+-----------+-----------+-----+-----+---------+
    |  Latency (cycles) |   Latency (absolute)  |  Interval | Pipeline|
    |   min   |   max   |    min    |    max    | min | max |   Type  |
    +---------+---------+-----------+-----------+-----+-----+---------+
    |        7|        7|  70.000 ns|  70.000 ns|    8|    8|       no|
    +---------+---------+-----------+-----------+-----+-----+---------+

    + Detail: 
        * Instance: 
        N/A

        * Loop: 
        +-------------------+---------+---------+----------+-----------+-----------+------+----------+
        |                   |  Latency (cycles) | Iteration|  Initiation Interval  | Trip |          |
        |     Loop Name     |   min   |   max   |  Latency |  achieved |   target  | Count| Pipelined|
        +-------------------+---------+---------+----------+-----------+-----------+------+----------+
        |- VITIS_LOOP_25_1  |        5|        5|         3|          1|          1|     4|       yes|
        +-------------------+---------+---------+----------+-----------+-----------+------+----------+



================================================================
== Utilization Estimates
================================================================
* Summary: 
+-----------------+---------+-----+--------+--------+-----+
|       Name      | BRAM_18K| DSP |   FF   |   LUT  | URAM|
+-----------------+---------+-----+--------+--------+-----+
|DSP              |        -|    -|       -|       -|    -|
|Expression       |        -|    -|       0|      47|    -|
|FIFO             |        -|    -|       -|       -|    -|
|Instance         |        -|    -|       -|       -|    -|
|Memory           |        -|    -|       -|       -|    -|
|Multiplexer      |        -|    -|       -|      54|    -|
|Register         |        -|    -|      41|       -|    -|
+-----------------+---------+-----+--------+--------+-----+
|Total            |        0|    0|      41|     101|    0|
+-----------------+---------+-----+--------+--------+-----+
|Available        |      730|  740|  269200|  134600|    0|
+-----------------+---------+-----+--------+--------+-----+
|Utilization (%)  |        0|    0|      ~0|      ~0|    0|
+-----------------+---------+-----+--------+--------+-----+

+ Detail: 
    * Instance: 
    N/A

    * DSP: 
    N/A

    * Memory: 
    N/A

    * FIFO: 
    N/A

    * Expression: 
    +----------------------------------+----------+----+---+----+------------+------------+
    |           Variable Name          | Operation| DSP| FF| LUT| Bitwidth P0| Bitwidth P1|
    +----------------------------------+----------+----+---+----+------------+------------+
    |i_2_fu_120_p2                     |         +|   0|  0|  11|           3|           1|
    |ap_block_state1_pp0_stage0_iter0  |       and|   0|  0|   2|           1|           1|
    |ap_condition_121                  |       and|   0|  0|   2|           1|           1|
    |icmp_ln25_fu_114_p2               |      icmp|   0|  0|  13|           3|           4|
    |output_word_last_fu_140_p2        |      icmp|   0|  0|  11|           3|           2|
    |ap_block_pp0_stage0_01001         |        or|   0|  0|   2|           1|           1|
    |ap_block_pp0_stage0_11001         |        or|   0|  0|   2|           1|           1|
    |ap_block_state2_pp0_stage0_iter1  |        or|   0|  0|   2|           1|           1|
    |ap_enable_pp0                     |       xor|   0|  0|   2|           1|           2|
    +----------------------------------+----------+----+---+----+------------+------------+
    |Total                             |          |   0|  0|  47|          15|          14|
    +----------------------------------+----------+----+---+----+------------+------------+

    * Multiplexer: 
    +-------------------------+----+-----------+-----+-----------+
    |           Name          | LUT| Input Size| Bits| Total Bits|
    +-------------------------+----+-----------+-----+-----------+
    |ap_done_int              |   9|          2|    1|          2|
    |ap_enable_reg_pp0_iter1  |   9|          2|    1|          2|
    |ap_sig_allocacmp_i_1     |   9|          2|    3|          6|
    |i_fu_72                  |   9|          2|    3|          6|
    |m_axis_TDATA_blk_n       |   9|          2|    1|          2|
    |s_axis_TDATA_blk_n       |   9|          2|    1|          2|
    +-------------------------+----+-----------+-----+-----------+
    |Total                    |  54|         12|   10|         20|
    +-------------------------+----+-----------+-----+-----------+

    * Register: 
    +----------------------------------+----+----+-----+-----------+
    |               Name               | FF | LUT| Bits| Const Bits|
    +----------------------------------+----+----+-----+-----------+
    |ap_CS_fsm                         |   1|   0|    1|          0|
    |ap_done_reg                       |   1|   0|    1|          0|
    |ap_enable_reg_pp0_iter1           |   1|   0|    1|          0|
    |ap_enable_reg_pp0_iter2           |   1|   0|    1|          0|
    |ap_loop_exit_ready_pp0_iter1_reg  |   1|   0|    1|          0|
    |i_fu_72                           |   3|   0|    3|          0|
    |output_word_last_reg_167          |   1|   0|    1|          0|
    |reversed_reg_162                  |  32|   0|   32|          0|
    +----------------------------------+----+----+-----+-----------+
    |Total                             |  41|   0|   41|          0|
    +----------------------------------+----+----+-----+-----------+



================================================================
== Interface
================================================================
* Summary: 
+---------------+-----+-----+------------+-------------------+--------------+
|   RTL Ports   | Dir | Bits|  Protocol  |   Source Object   |    C Type    |
+---------------+-----+-----+------------+-------------------+--------------+
|ap_clk         |   in|    1|  ap_ctrl_hs|  bit_reverse_accel|  return value|
|ap_rst_n       |   in|    1|  ap_ctrl_hs|  bit_reverse_accel|  return value|
|ap_start       |   in|    1|  ap_ctrl_hs|  bit_reverse_accel|  return value|
|ap_done        |  out|    1|  ap_ctrl_hs|  bit_reverse_accel|  return value|
|ap_idle        |  out|    1|  ap_ctrl_hs|  bit_reverse_accel|  return value|
|ap_ready       |  out|    1|  ap_ctrl_hs|  bit_reverse_accel|  return value|
|s_axis_TVALID  |   in|    1|        axis|    s_axis_V_last_V|       pointer|
|s_axis_TREADY  |  out|    1|        axis|    s_axis_V_last_V|       pointer|
|s_axis_TLAST   |   in|    1|        axis|    s_axis_V_last_V|       pointer|
|m_axis_TREADY  |   in|    1|        axis|    m_axis_V_last_V|       pointer|
|m_axis_TVALID  |  out|    1|        axis|    m_axis_V_last_V|       pointer|
|m_axis_TLAST   |  out|    1|        axis|    m_axis_V_last_V|       pointer|
|s_axis_TDATA   |   in|   32|        axis|    s_axis_V_data_V|       pointer|
|s_axis_TKEEP   |   in|    4|        axis|    s_axis_V_keep_V|       pointer|
|s_axis_TSTRB   |   in|    4|        axis|    s_axis_V_strb_V|       pointer|
|m_axis_TDATA   |  out|   32|        axis|    m_axis_V_data_V|       pointer|
|m_axis_TKEEP   |  out|    4|        axis|    m_axis_V_keep_V|       pointer|
|m_axis_TSTRB   |  out|    4|        axis|    m_axis_V_strb_V|       pointer|
+---------------+-----+-----+------------+-------------------+--------------+

============================================================
+ Verbose Summary: Synthesis Manager
============================================================
InlineROM: 1
ExposeGlobal: 0
============================================================
+ Verbose Summary: CDFG Model
============================================================
IsTopModel: 1
ResetActiveHigh: 1
IsCombinational: 2
IsDatapathOnly: 2
HasWiredReturn: 1
HasMFsm: 2
HasVarLatency: 1
IsPipeline: 0
IsRtlPipelined: 0
IsInstanceOverlapped: 0
IsDontTouch: 0
HasImplIP: 0
IsGatedGlobalClock: 0

+ Individual pipeline summary: 
  * Pipeline-0: initiation interval (II) = 1, depth = 3


============================================================
+ Verbose Summary: Schedule
============================================================
* Number of FSM states : 3
* Pipeline : 1
  Pipeline-0 : II = 1, D = 3, States = { 1 2 3 }
* Dataflow Pipeline: 0

* FSM state transitions: 
1 --> 2 
2 --> 3 
3 --> 

* FSM state operations: 

State 1 <SV = 0> <Delay = 3.99>
ST_1 : Operation 6 [1/1] (0.00ns)   --->   "%i = alloca i32 1" [bit_reversal/Diseno/bit_reversal_accel.cpp:25]   --->   Operation 6 'alloca' 'i' <Predicate = true> <Delay = 0.00>
ST_1 : Operation 7 [1/1] (0.00ns)   --->   "%spectopmodule_ln15 = spectopmodule void @_ssdm_op_SpecTopModule, void @empty_4" [bit_reversal/Diseno/bit_reversal_accel.cpp:15]   --->   Operation 7 'spectopmodule' 'spectopmodule_ln15' <Predicate = true> <Delay = 0.00>
ST_1 : Operation 8 [1/1] (0.00ns)   --->   "%specinterface_ln0 = specinterface void @_ssdm_op_SpecInterface, i32 %s_axis_V_data_V, i4 %s_axis_V_keep_V, i4 %s_axis_V_strb_V, i1 %s_axis_V_last_V, void @empty, i32 1, i32 1, void @empty_0, i32 0, i32 0, void @empty_1, void @empty_1, void @empty_1, i32 0, i32 0, i32 0, i32 0, void @empty_1, void @empty_1, i32 4294967295, i32 0"   --->   Operation 8 'specinterface' 'specinterface_ln0' <Predicate = true> <Delay = 0.00>
ST_1 : Operation 9 [1/1] (0.00ns)   --->   "%specbitsmap_ln0 = specbitsmap void @_ssdm_op_SpecBitsMap, i32 %s_axis_V_data_V"   --->   Operation 9 'specbitsmap' 'specbitsmap_ln0' <Predicate = true> <Delay = 0.00>
ST_1 : Operation 10 [1/1] (0.00ns)   --->   "%specbitsmap_ln0 = specbitsmap void @_ssdm_op_SpecBitsMap, i4 %s_axis_V_keep_V"   --->   Operation 10 'specbitsmap' 'specbitsmap_ln0' <Predicate = true> <Delay = 0.00>
ST_1 : Operation 11 [1/1] (0.00ns)   --->   "%specbitsmap_ln0 = specbitsmap void @_ssdm_op_SpecBitsMap, i4 %s_axis_V_strb_V"   --->   Operation 11 'specbitsmap' 'specbitsmap_ln0' <Predicate = true> <Delay = 0.00>
ST_1 : Operation 12 [1/1] (0.00ns)   --->   "%specbitsmap_ln0 = specbitsmap void @_ssdm_op_SpecBitsMap, i1 %s_axis_V_last_V"   --->   Operation 12 'specbitsmap' 'specbitsmap_ln0' <Predicate = true> <Delay = 0.00>
ST_1 : Operation 13 [1/1] (0.00ns)   --->   "%specinterface_ln0 = specinterface void @_ssdm_op_SpecInterface, i32 %m_axis_V_data_V, i4 %m_axis_V_keep_V, i4 %m_axis_V_strb_V, i1 %m_axis_V_last_V, void @empty, i32 1, i32 1, void @empty_0, i32 0, i32 0, void @empty_1, void @empty_1, void @empty_1, i32 0, i32 0, i32 0, i32 0, void @empty_1, void @empty_1, i32 4294967295, i32 0"   --->   Operation 13 'specinterface' 'specinterface_ln0' <Predicate = true> <Delay = 0.00>
ST_1 : Operation 14 [1/1] (0.00ns)   --->   "%specbitsmap_ln0 = specbitsmap void @_ssdm_op_SpecBitsMap, i32 %m_axis_V_data_V"   --->   Operation 14 'specbitsmap' 'specbitsmap_ln0' <Predicate = true> <Delay = 0.00>
ST_1 : Operation 15 [1/1] (0.00ns)   --->   "%specbitsmap_ln0 = specbitsmap void @_ssdm_op_SpecBitsMap, i4 %m_axis_V_keep_V"   --->   Operation 15 'specbitsmap' 'specbitsmap_ln0' <Predicate = true> <Delay = 0.00>
ST_1 : Operation 16 [1/1] (0.00ns)   --->   "%specbitsmap_ln0 = specbitsmap void @_ssdm_op_SpecBitsMap, i4 %m_axis_V_strb_V"   --->   Operation 16 'specbitsmap' 'specbitsmap_ln0' <Predicate = true> <Delay = 0.00>
ST_1 : Operation 17 [1/1] (0.00ns)   --->   "%specbitsmap_ln0 = specbitsmap void @_ssdm_op_SpecBitsMap, i1 %m_axis_V_last_V"   --->   Operation 17 'specbitsmap' 'specbitsmap_ln0' <Predicate = true> <Delay = 0.00>
ST_1 : Operation 18 [1/1] (0.00ns)   --->   "%specaxissidechannel_ln25 = specaxissidechannel void @_ssdm_op_SpecAXISSideChannel, i32 %m_axis_V_data_V, i4 %m_axis_V_keep_V, i4 %m_axis_V_strb_V, i1 0, i1 %m_axis_V_last_V, i1 0, i1 0, void @empty_2" [bit_reversal/Diseno/bit_reversal_accel.cpp:25]   --->   Operation 18 'specaxissidechannel' 'specaxissidechannel_ln25' <Predicate = true> <Delay = 0.00>
ST_1 : Operation 19 [1/1] (0.00ns)   --->   "%specaxissidechannel_ln25 = specaxissidechannel void @_ssdm_op_SpecAXISSideChannel, i32 %s_axis_V_data_V, i4 %s_axis_V_keep_V, i4 %s_axis_V_strb_V, i1 0, i1 %s_axis_V_last_V, i1 0, i1 0, void @empty_3" [bit_reversal/Diseno/bit_reversal_accel.cpp:25]   --->   Operation 19 'specaxissidechannel' 'specaxissidechannel_ln25' <Predicate = true> <Delay = 0.00>
ST_1 : Operation 20 [1/1] (1.32ns)   --->   "%store_ln25 = store i3 0, i3 %i" [bit_reversal/Diseno/bit_reversal_accel.cpp:25]   --->   Operation 20 'store' 'store_ln25' <Predicate = true> <Delay = 1.32>
ST_1 : Operation 21 [1/1] (0.00ns)   --->   "%br_ln25 = br void %for.inc" [bit_reversal/Diseno/bit_reversal_accel.cpp:25]   --->   Operation 21 'br' 'br_ln25' <Predicate = true> <Delay = 0.00>
ST_1 : Operation 22 [1/1] (0.00ns)   --->   "%i_1 = load i3 %i" [bit_reversal/Diseno/bit_reversal_accel.cpp:25]   --->   Operation 22 'load' 'i_1' <Predicate = true> <Delay = 0.00>
ST_1 : Operation 23 [1/1] (1.34ns)   --->   "%icmp_ln25 = icmp_eq  i3 %i_1, i3 4" [bit_reversal/Diseno/bit_reversal_accel.cpp:25]   --->   Operation 23 'icmp' 'icmp_ln25' <Predicate = true> <Delay = 1.34> <CoreInst = "Cmp">   --->   Core 9 'Cmp' <Latency = 0> <II = 1> <Delay = 1.49> <FuncUnit> <Opcode : 'icmp'> <InPorts = 2> <OutPorts = 1>
ST_1 : Operation 24 [1/1] (1.34ns)   --->   "%i_2 = add i3 %i_1, i3 1" [bit_reversal/Diseno/bit_reversal_accel.cpp:25]   --->   Operation 24 'add' 'i_2' <Predicate = true> <Delay = 1.34> <CoreInst = "Adder">   --->   Core 1 'Adder' <Latency = 0> <II = 1> <Delay = 1.34> <FuncUnit> <Opcode : 'add' 'sub'> <InPorts = 2> <OutPorts = 1>
ST_1 : Operation 25 [1/1] (0.00ns)   --->   "%br_ln25 = br i1 %icmp_ln25, void %for.inc.split, void %for.end" [bit_reversal/Diseno/bit_reversal_accel.cpp:25]   --->   Operation 25 'br' 'br_ln25' <Predicate = true> <Delay = 0.00>
ST_1 : Operation 26 [1/1] (1.00ns)   --->   "%empty = read i41 @_ssdm_op_Read.axis.volatile.i32P0A.i4P0A.i4P0A.i1P0A, i32 %s_axis_V_data_V, i4 %s_axis_V_keep_V, i4 %s_axis_V_strb_V, i1 %s_axis_V_last_V" [bit_reversal/Diseno/bit_reversal_accel.cpp:27]   --->   Operation 26 'read' 'empty' <Predicate = (!icmp_ln25)> <Delay = 1.00> <CoreInst = "axis">   --->   Core 115 'axis' <Latency = 0> <II = 1> <Delay = 1.00> <Adapter> <Opcode : >
ST_1 : Operation 27 [1/1] (0.00ns)   --->   "%input_word_data = extractvalue i41 %empty" [bit_reversal/Diseno/bit_reversal_accel.cpp:27]   --->   Operation 27 'extractvalue' 'input_word_data' <Predicate = (!icmp_ln25)> <Delay = 0.00>
ST_1 : Operation 28 [1/1] (0.00ns)   --->   "%reversed = partselect i32 @_ssdm_op_PartSelect.i32.i32.i32.i32, i32 %input_word_data, i32 31, i32 0" [bit_reversal/Diseno/bit_reversal_accel.cpp:9->bit_reversal/Diseno/bit_reversal_accel.cpp:29]   --->   Operation 28 'partselect' 'reversed' <Predicate = (!icmp_ln25)> <Delay = 0.00>
ST_1 : Operation 29 [1/1] (1.34ns)   --->   "%output_word_last = icmp_eq  i3 %i_1, i3 3" [bit_reversal/Diseno/bit_reversal_accel.cpp:32]   --->   Operation 29 'icmp' 'output_word_last' <Predicate = (!icmp_ln25)> <Delay = 1.34> <CoreInst = "Cmp">   --->   Core 9 'Cmp' <Latency = 0> <II = 1> <Delay = 1.34> <FuncUnit> <Opcode : 'icmp'> <InPorts = 2> <OutPorts = 1>
ST_1 : Operation 30 [1/1] (1.32ns)   --->   "%store_ln25 = store i3 %i_2, i3 %i" [bit_reversal/Diseno/bit_reversal_accel.cpp:25]   --->   Operation 30 'store' 'store_ln25' <Predicate = (!icmp_ln25)> <Delay = 1.32>

State 2 <SV = 1> <Delay = 1.00>
ST_2 : Operation 31 [2/2] (1.00ns)   --->   "%write_ln34 = write void @_ssdm_op_Write.axis.volatile.i32P0A.i4P0A.i4P0A.i1P0A, i32 %m_axis_V_data_V, i4 %m_axis_V_keep_V, i4 %m_axis_V_strb_V, i1 %m_axis_V_last_V, i32 %reversed, i4 0, i4 0, i1 %output_word_last" [bit_reversal/Diseno/bit_reversal_accel.cpp:34]   --->   Operation 31 'write' 'write_ln34' <Predicate = true> <Delay = 1.00> <CoreInst = "axis">   --->   Core 115 'axis' <Latency = 0> <II = 1> <Delay = 1.00> <Adapter> <Opcode : >
ST_2 : Operation 37 [1/1] (0.00ns)   --->   "%ret_ln36 = ret" [bit_reversal/Diseno/bit_reversal_accel.cpp:36]   --->   Operation 37 'ret' 'ret_ln36' <Predicate = (icmp_ln25)> <Delay = 0.00>

State 3 <SV = 2> <Delay = 1.00>
ST_3 : Operation 32 [1/1] (0.00ns)   --->   "%specpipeline_ln26 = specpipeline void @_ssdm_op_SpecPipeline, i32 1, i32 0, i32 0, i32 0, void @empty_1" [bit_reversal/Diseno/bit_reversal_accel.cpp:26]   --->   Operation 32 'specpipeline' 'specpipeline_ln26' <Predicate = true> <Delay = 0.00>
ST_3 : Operation 33 [1/1] (0.00ns)   --->   "%speclooptripcount_ln25 = speclooptripcount void @_ssdm_op_SpecLoopTripCount, i64 4, i64 4, i64 4" [bit_reversal/Diseno/bit_reversal_accel.cpp:25]   --->   Operation 33 'speclooptripcount' 'speclooptripcount_ln25' <Predicate = true> <Delay = 0.00>
ST_3 : Operation 34 [1/1] (0.00ns)   --->   "%specloopname_ln25 = specloopname void @_ssdm_op_SpecLoopName, void @empty_5" [bit_reversal/Diseno/bit_reversal_accel.cpp:25]   --->   Operation 34 'specloopname' 'specloopname_ln25' <Predicate = true> <Delay = 0.00>
ST_3 : Operation 35 [1/2] (1.00ns)   --->   "%write_ln34 = write void @_ssdm_op_Write.axis.volatile.i32P0A.i4P0A.i4P0A.i1P0A, i32 %m_axis_V_data_V, i4 %m_axis_V_keep_V, i4 %m_axis_V_strb_V, i1 %m_axis_V_last_V, i32 %reversed, i4 0, i4 0, i1 %output_word_last" [bit_reversal/Diseno/bit_reversal_accel.cpp:34]   --->   Operation 35 'write' 'write_ln34' <Predicate = true> <Delay = 1.00> <CoreInst = "axis">   --->   Core 115 'axis' <Latency = 0> <II = 1> <Delay = 1.00> <Adapter> <Opcode : >
ST_3 : Operation 36 [1/1] (0.00ns)   --->   "%br_ln25 = br void %for.inc" [bit_reversal/Diseno/bit_reversal_accel.cpp:25]   --->   Operation 36 'br' 'br_ln25' <Predicate = true> <Delay = 0.00>


============================================================
+ Verbose Summary: Binding
============================================================
STG Binding: 
---------------- STG Properties BEGIN ----------------
- Is combinational: 0
- Is one-state seq: 0
- Is datapath-only: 0
- Is pipelined: 0
- Is top level: 1
Port [ Return ] is wired: 1; IO mode=ap_ctrl_hs:ce=0
Port [ s_axis_V_data_V]:  wired=1; compound=1; hidden=0; nouse=0; global=0; static=0; extern=0; dir=0; type=0; pingpong=0; private_global=0; IO mode=axis:ce=0
Port [ s_axis_V_keep_V]:  wired=1; compound=1; hidden=0; nouse=0; global=0; static=0; extern=0; dir=0; type=0; pingpong=0; private_global=0; IO mode=axis:ce=0
Port [ s_axis_V_strb_V]:  wired=1; compound=1; hidden=0; nouse=0; global=0; static=0; extern=0; dir=0; type=0; pingpong=0; private_global=0; IO mode=axis:ce=0
Port [ s_axis_V_last_V]:  wired=1; compound=1; hidden=0; nouse=0; global=0; static=0; extern=0; dir=0; type=0; pingpong=0; private_global=0; IO mode=axis:ce=0
Port [ m_axis_V_data_V]:  wired=1; compound=1; hidden=0; nouse=0; global=0; static=0; extern=0; dir=1; type=0; pingpong=0; private_global=0; IO mode=axis:ce=0
Port [ m_axis_V_keep_V]:  wired=1; compound=1; hidden=0; nouse=0; global=0; static=0; extern=0; dir=1; type=0; pingpong=0; private_global=0; IO mode=axis:ce=0
Port [ m_axis_V_strb_V]:  wired=1; compound=1; hidden=0; nouse=0; global=0; static=0; extern=0; dir=1; type=0; pingpong=0; private_global=0; IO mode=axis:ce=0
Port [ m_axis_V_last_V]:  wired=1; compound=1; hidden=0; nouse=0; global=0; static=0; extern=0; dir=1; type=0; pingpong=0; private_global=0; IO mode=axis:ce=0
---------------- STG Properties END ------------------

---------------- Datapath Model BEGIN ----------------

<LifeTime>
<method=bitvector/>
i                        (alloca             ) [ 0100]
spectopmodule_ln15       (spectopmodule      ) [ 0000]
specinterface_ln0        (specinterface      ) [ 0000]
specbitsmap_ln0          (specbitsmap        ) [ 0000]
specbitsmap_ln0          (specbitsmap        ) [ 0000]
specbitsmap_ln0          (specbitsmap        ) [ 0000]
specbitsmap_ln0          (specbitsmap        ) [ 0000]
specinterface_ln0        (specinterface      ) [ 0000]
specbitsmap_ln0          (specbitsmap        ) [ 0000]
specbitsmap_ln0          (specbitsmap        ) [ 0000]
specbitsmap_ln0          (specbitsmap        ) [ 0000]
specbitsmap_ln0          (specbitsmap        ) [ 0000]
specaxissidechannel_ln25 (specaxissidechannel) [ 0000]
specaxissidechannel_ln25 (specaxissidechannel) [ 0000]
store_ln25               (store              ) [ 0000]
br_ln25                  (br                 ) [ 0000]
i_1                      (load               ) [ 0000]
icmp_ln25                (icmp               ) [ 0110]
i_2                      (add                ) [ 0000]
br_ln25                  (br                 ) [ 0000]
empty                    (read               ) [ 0000]
input_word_data          (extractvalue       ) [ 0000]
reversed                 (partselect         ) [ 0111]
output_word_last         (icmp               ) [ 0111]
store_ln25               (store              ) [ 0000]
specpipeline_ln26        (specpipeline       ) [ 0000]
speclooptripcount_ln25   (speclooptripcount  ) [ 0000]
specloopname_ln25        (specloopname       ) [ 0000]
write_ln34               (write              ) [ 0000]
br_ln25                  (br                 ) [ 0000]
ret_ln36                 (ret                ) [ 0000]
</LifeTime>

<model>

<comp_list>
<comp id="0" class="1000" name="s_axis_V_data_V">
<pin_list>
<pin id="1" dir="1" index="0" bw="1" slack="0"/>
</pin_list>
<bind>
<StgValue><ssdm name="s_axis_V_data_V"/></StgValue>
</bind>
</comp>

<comp id="2" class="1000" name="s_axis_V_keep_V">
<pin_list>
<pin id="3" dir="1" index="0" bw="1" slack="0"/>
</pin_list>
<bind>
<StgValue><ssdm name="s_axis_V_keep_V"/></StgValue>
</bind>
</comp>

<comp id="4" class="1000" name="s_axis_V_strb_V">
<pin_list>
<pin id="5" dir="1" index="0" bw="1" slack="0"/>
</pin_list>
<bind>
<StgValue><ssdm name="s_axis_V_strb_V"/></StgValue>
</bind>
</comp>

<comp id="6" class="1000" name="s_axis_V_last_V">
<pin_list>
<pin id="7" dir="1" index="0" bw="1" slack="0"/>
</pin_list>
<bind>
<StgValue><ssdm name="s_axis_V_last_V"/></StgValue>
</bind>
</comp>

<comp id="8" class="1000" name="m_axis_V_data_V">
<pin_list>
<pin id="9" dir="1" index="0" bw="1" slack="0"/>
</pin_list>
<bind>
<StgValue><ssdm name="m_axis_V_data_V"/></StgValue>
</bind>
</comp>

<comp id="10" class="1000" name="m_axis_V_keep_V">
<pin_list>
<pin id="11" dir="1" index="0" bw="1" slack="0"/>
</pin_list>
<bind>
<StgValue><ssdm name="m_axis_V_keep_V"/></StgValue>
</bind>
</comp>

<comp id="12" class="1000" name="m_axis_V_strb_V">
<pin_list>
<pin id="13" dir="1" index="0" bw="1" slack="0"/>
</pin_list>
<bind>
<StgValue><ssdm name="m_axis_V_strb_V"/></StgValue>
</bind>
</comp>

<comp id="14" class="1000" name="m_axis_V_last_V">
<pin_list>
<pin id="15" dir="1" index="0" bw="1" slack="0"/>
</pin_list>
<bind>
<StgValue><ssdm name="m_axis_V_last_V"/></StgValue>
</bind>
</comp>

<comp id="16" class="1001" name="const_16">
<pin_list>
<pin id="17" dir="1" index="0" bw="1" slack="0"/>
</pin_list>
<bind>
<StgValue><ssdm name=""/></StgValue>
</bind>
</comp>

<comp id="18" class="1001" name="const_18">
<pin_list>
<pin id="19" dir="1" index="0" bw="1" slack="2147483647"/>
</pin_list>
<bind>
<StgValue><ssdm name="_ssdm_op_SpecTopModule"/></StgValue>
</bind>
</comp>

<comp id="20" class="1001" name="const_20">
<pin_list>
<pin id="21" dir="1" index="0" bw="1" slack="2147483647"/>
</pin_list>
<bind>
<StgValue><ssdm name="empty_4"/></StgValue>
</bind>
</comp>

<comp id="22" class="1001" name="const_22">
<pin_list>
<pin id="23" dir="1" index="0" bw="1" slack="2147483647"/>
</pin_list>
<bind>
<StgValue><ssdm name="_ssdm_op_SpecInterface"/></StgValue>
</bind>
</comp>

<comp id="24" class="1001" name="const_24">
<pin_list>
<pin id="25" dir="1" index="0" bw="1" slack="2147483647"/>
</pin_list>
<bind>
<StgValue><ssdm name="empty"/></StgValue>
</bind>
</comp>

<comp id="26" class="1001" name="const_26">
<pin_list>
<pin id="27" dir="1" index="0" bw="1" slack="2147483647"/>
</pin_list>
<bind>
<StgValue><ssdm name="empty_0"/></StgValue>
</bind>
</comp>

<comp id="28" class="1001" name="const_28">
<pin_list>
<pin id="29" dir="1" index="0" bw="1" slack="0"/>
</pin_list>
<bind>
<StgValue><ssdm name=""/></StgValue>
</bind>
</comp>

<comp id="30" class="1001" name="const_30">
<pin_list>
<pin id="31" dir="1" index="0" bw="1" slack="2147483647"/>
</pin_list>
<bind>
<StgValue><ssdm name="empty_1"/></StgValue>
</bind>
</comp>

<comp id="32" class="1001" name="const_32">
<pin_list>
<pin id="33" dir="1" index="0" bw="1" slack="2147483647"/>
</pin_list>
<bind>
<StgValue><ssdm name=""/></StgValue>
</bind>
</comp>

<comp id="34" class="1001" name="const_34">
<pin_list>
<pin id="35" dir="1" index="0" bw="1" slack="2147483647"/>
</pin_list>
<bind>
<StgValue><ssdm name="_ssdm_op_SpecBitsMap"/></StgValue>
</bind>
</comp>

<comp id="36" class="1001" name="const_36">
<pin_list>
<pin id="37" dir="1" index="0" bw="1" slack="2147483647"/>
</pin_list>
<bind>
<StgValue><ssdm name="_ssdm_op_SpecAXISSideChannel"/></StgValue>
</bind>
</comp>

<comp id="38" class="1001" name="const_38">
<pin_list>
<pin id="39" dir="1" index="0" bw="1" slack="2147483647"/>
</pin_list>
<bind>
<StgValue><ssdm name=""/></StgValue>
</bind>
</comp>

<comp id="40" class="1001" name="const_40">
<pin_list>
<pin id="41" dir="1" index="0" bw="1" slack="2147483647"/>
</pin_list>
<bind>
<StgValue><ssdm name="empty_2"/></StgValue>
</bind>
</comp>

<comp id="42" class="1001" name="const_42">
<pin_list>
<pin id="43" dir="1" index="0" bw="1" slack="2147483647"/>
</pin_list>
<bind>
<StgValue><ssdm name="empty_3"/></StgValue>
</bind>
</comp>

<comp id="44" class="1001" name="const_44">
<pin_list>
<pin id="45" dir="1" index="0" bw="1" slack="0"/>
</pin_list>
<bind>
<StgValue><ssdm name=""/></StgValue>
</bind>
</comp>

<comp id="46" class="1001" name="const_46">
<pin_list>
<pin id="47" dir="1" index="0" bw="1" slack="0"/>
</pin_list>
<bind>
<StgValue><ssdm name=""/></StgValue>
</bind>
</comp>

<comp id="48" class="1001" name="const_48">
<pin_list>
<pin id="49" dir="1" index="0" bw="1" slack="0"/>
</pin_list>
<bind>
<StgValue><ssdm name=""/></StgValue>
</bind>
</comp>

<comp id="50" class="1001" name="const_50">
<pin_list>
<pin id="51" dir="1" index="0" bw="1" slack="0"/>
</pin_list>
<bind>
<StgValue><ssdm name="_ssdm_op_Read.axis.volatile.i32P0A.i4P0A.i4P0A.i1P0A"/></StgValue>
</bind>
</comp>

<comp id="52" class="1001" name="const_52">
<pin_list>
<pin id="53" dir="1" index="0" bw="1" slack="0"/>
</pin_list>
<bind>
<StgValue><ssdm name="_ssdm_op_PartSelect.i32.i32.i32.i32"/></StgValue>
</bind>
</comp>

<comp id="54" class="1001" name="const_54">
<pin_list>
<pin id="55" dir="1" index="0" bw="1" slack="0"/>
</pin_list>
<bind>
<StgValue><ssdm name=""/></StgValue>
</bind>
</comp>

<comp id="56" class="1001" name="const_56">
<pin_list>
<pin id="57" dir="1" index="0" bw="1" slack="0"/>
</pin_list>
<bind>
<StgValue><ssdm name=""/></StgValue>
</bind>
</comp>

<comp id="58" class="1001" name="const_58">
<pin_list>
<pin id="59" dir="1" index="0" bw="1" slack="0"/>
</pin_list>
<bind>
<StgValue><ssdm name="_ssdm_op_Write.axis.volatile.i32P0A.i4P0A.i4P0A.i1P0A"/></StgValue>
</bind>
</comp>

<comp id="60" class="1001" name="const_60">
<pin_list>
<pin id="61" dir="1" index="0" bw="1" slack="0"/>
</pin_list>
<bind>
<StgValue><ssdm name=""/></StgValue>
</bind>
</comp>

<comp id="62" class="1001" name="const_62">
<pin_list>
<pin id="63" dir="1" index="0" bw="1" slack="2147483647"/>
</pin_list>
<bind>
<StgValue><ssdm name="_ssdm_op_SpecPipeline"/></StgValue>
</bind>
</comp>

<comp id="64" class="1001" name="const_64">
<pin_list>
<pin id="65" dir="1" index="0" bw="1" slack="2147483647"/>
</pin_list>
<bind>
<StgValue><ssdm name="_ssdm_op_SpecLoopTripCount"/></StgValue>
</bind>
</comp>

<comp id="66" class="1001" name="const_66">
<pin_list>
<pin id="67" dir="1" index="0" bw="1" slack="2147483647"/>
</pin_list>
<bind>
<StgValue><ssdm name=""/></StgValue>
</bind>
</comp>

<comp id="68" class="1001" name="const_68">
<pin_list>
<pin id="69" dir="1" index="0" bw="1" slack="2147483647"/>
</pin_list>
<bind>
<StgValue><ssdm name="_ssdm_op_SpecLoopName"/></StgValue>
</bind>
</comp>

<comp id="70" class="1001" name="const_70">
<pin_list>
<pin id="71" dir="1" index="0" bw="1" slack="2147483647"/>
</pin_list>
<bind>
<StgValue><ssdm name="empty_5"/></StgValue>
</bind>
</comp>

<comp id="72" class="1004" name="i_fu_72">
<pin_list>
<pin id="73" dir="0" index="0" bw="1" slack="0"/>
<pin id="74" dir="1" index="1" bw="3" slack="0"/>
</pin_list>
<bind>
<opcode="alloca(26) " fcode="alloca"/>
<opset="i/1 "/>
</bind>
</comp>

<comp id="76" class="1004" name="empty_read_fu_76">
<pin_list>
<pin id="77" dir="0" index="0" bw="41" slack="0"/>
<pin id="78" dir="0" index="1" bw="32" slack="0"/>
<pin id="79" dir="0" index="2" bw="4" slack="0"/>
<pin id="80" dir="0" index="3" bw="4" slack="0"/>
<pin id="81" dir="0" index="4" bw="1" slack="0"/>
<pin id="82" dir="1" index="5" bw="41" slack="0"/>
</pin_list>
<bind>
<opcode="read(1150) " fcode="read"/>
<opset="empty/1 "/>
</bind>
</comp>

<comp id="88" class="1004" name="grp_write_fu_88">
<pin_list>
<pin id="89" dir="0" index="0" bw="0" slack="0"/>
<pin id="90" dir="0" index="1" bw="32" slack="0"/>
<pin id="91" dir="0" index="2" bw="4" slack="0"/>
<pin id="92" dir="0" index="3" bw="4" slack="0"/>
<pin id="93" dir="0" index="4" bw="1" slack="0"/>
<pin id="94" dir="0" index="5" bw="32" slack="1"/>
<pin id="95" dir="0" index="6" bw="1" slack="0"/>
<pin id="96" dir="0" index="7" bw="1" slack="0"/>
<pin id="97" dir="0" index="8" bw="1" slack="1"/>
<pin id="98" dir="1" index="9" bw="0" slack="2147483647"/>
</pin_list>
<bind>
<opcode="write(1151) " fcode="write"/>
<opset="write_ln34/2 "/>
</bind>
</comp>

<comp id="106" class="1004" name="store_ln25_store_fu_106">
<pin_list>
<pin id="107" dir="0" index="0" bw="1" slack="0"/>
<pin id="108" dir="0" index="1" bw="3" slack="0"/>
<pin id="109" dir="1" index="2" bw="0" slack="2147483647"/>
</pin_list>
<bind>
<opcode="store(28) " fcode="store"/>
<opset="store_ln25/1 "/>
</bind>
</comp>

<comp id="111" class="1004" name="i_1_load_fu_111">
<pin_list>
<pin id="112" dir="0" index="0" bw="3" slack="0"/>
<pin id="113" dir="1" index="1" bw="3" slack="0"/>
</pin_list>
<bind>
<opcode="load(27) " fcode="load"/>
<opset="i_1/1 "/>
</bind>
</comp>

<comp id="114" class="1004" name="icmp_ln25_fu_114">
<pin_list>
<pin id="115" dir="0" index="0" bw="3" slack="0"/>
<pin id="116" dir="0" index="1" bw="3" slack="0"/>
<pin id="117" dir="1" index="2" bw="1" slack="1"/>
</pin_list>
<bind>
<opcode="icmp(45) " fcode="icmp"/>
<opset="icmp_ln25/1 "/>
</bind>
</comp>

<comp id="120" class="1004" name="i_2_fu_120">
<pin_list>
<pin id="121" dir="0" index="0" bw="3" slack="0"/>
<pin id="122" dir="0" index="1" bw="1" slack="0"/>
<pin id="123" dir="1" index="2" bw="3" slack="0"/>
</pin_list>
<bind>
<opcode="add(8) " fcode="add"/>
<opset="i_2/1 "/>
</bind>
</comp>

<comp id="126" class="1004" name="input_word_data_fu_126">
<pin_list>
<pin id="127" dir="0" index="0" bw="41" slack="0"/>
<pin id="128" dir="1" index="1" bw="32" slack="0"/>
</pin_list>
<bind>
<opcode="extractvalue(56) " fcode="extractvalue"/>
<opset="input_word_data/1 "/>
</bind>
</comp>

<comp id="130" class="1004" name="reversed_fu_130">
<pin_list>
<pin id="131" dir="0" index="0" bw="32" slack="0"/>
<pin id="132" dir="0" index="1" bw="32" slack="0"/>
<pin id="133" dir="0" index="2" bw="6" slack="0"/>
<pin id="134" dir="0" index="3" bw="1" slack="0"/>
<pin id="135" dir="1" index="4" bw="32" slack="1"/>
</pin_list>
<bind>
<opcode="partselect(1002) " fcode="partselect"/>
<opset="reversed/1 "/>
</bind>
</comp>

<comp id="140" class="1004" name="output_word_last_fu_140">
<pin_list>
<pin id="141" dir="0" index="0" bw="3" slack="0"/>
<pin id="142" dir="0" index="1" bw="3" slack="0"/>
<pin id="143" dir="1" index="2" bw="1" slack="1"/>
</pin_list>
<bind>
<opcode="icmp(45) " fcode="icmp"/>
<opset="output_word_last/1 "/>
</bind>
</comp>

<comp id="146" class="1004" name="store_ln25_store_fu_146">
<pin_list>
<pin id="147" dir="0" index="0" bw="3" slack="0"/>
<pin id="148" dir="0" index="1" bw="3" slack="0"/>
<pin id="149" dir="1" index="2" bw="0" slack="2147483647"/>
</pin_list>
<bind>
<opcode="store(28) " fcode="store"/>
<opset="store_ln25/1 "/>
</bind>
</comp>

<comp id="151" class="1005" name="i_reg_151">
<pin_list>
<pin id="152" dir="0" index="0" bw="3" slack="0"/>
<pin id="153" dir="1" index="1" bw="3" slack="0"/>
</pin_list>
<bind>
<opset="i "/>
</bind>
</comp>

<comp id="158" class="1005" name="icmp_ln25_reg_158">
<pin_list>
<pin id="159" dir="0" index="0" bw="1" slack="1"/>
<pin id="160" dir="1" index="1" bw="1" slack="2147483647"/>
</pin_list>
<bind>
<opset="icmp_ln25 "/>
</bind>
</comp>

<comp id="162" class="1005" name="reversed_reg_162">
<pin_list>
<pin id="163" dir="0" index="0" bw="32" slack="1"/>
<pin id="164" dir="1" index="1" bw="32" slack="1"/>
</pin_list>
<bind>
<opset="reversed "/>
</bind>
</comp>

<comp id="167" class="1005" name="output_word_last_reg_167">
<pin_list>
<pin id="168" dir="0" index="0" bw="1" slack="1"/>
<pin id="169" dir="1" index="1" bw="1" slack="1"/>
</pin_list>
<bind>
<opset="output_word_last "/>
</bind>
</comp>

</comp_list>

<net_list>
<net id="75"><net_src comp="16" pin="0"/><net_sink comp="72" pin=0"/></net>

<net id="83"><net_src comp="50" pin="0"/><net_sink comp="76" pin=0"/></net>

<net id="84"><net_src comp="0" pin="0"/><net_sink comp="76" pin=1"/></net>

<net id="85"><net_src comp="2" pin="0"/><net_sink comp="76" pin=2"/></net>

<net id="86"><net_src comp="4" pin="0"/><net_sink comp="76" pin=3"/></net>

<net id="87"><net_src comp="6" pin="0"/><net_sink comp="76" pin=4"/></net>

<net id="99"><net_src comp="58" pin="0"/><net_sink comp="88" pin=0"/></net>

<net id="100"><net_src comp="8" pin="0"/><net_sink comp="88" pin=1"/></net>

<net id="101"><net_src comp="10" pin="0"/><net_sink comp="88" pin=2"/></net>

<net id="102"><net_src comp="12" pin="0"/><net_sink comp="88" pin=3"/></net>

<net id="103"><net_src comp="14" pin="0"/><net_sink comp="88" pin=4"/></net>

<net id="104"><net_src comp="60" pin="0"/><net_sink comp="88" pin=6"/></net>

<net id="105"><net_src comp="60" pin="0"/><net_sink comp="88" pin=7"/></net>

<net id="110"><net_src comp="44" pin="0"/><net_sink comp="106" pin=0"/></net>

<net id="118"><net_src comp="111" pin="1"/><net_sink comp="114" pin=0"/></net>

<net id="119"><net_src comp="46" pin="0"/><net_sink comp="114" pin=1"/></net>

<net id="124"><net_src comp="111" pin="1"/><net_sink comp="120" pin=0"/></net>

<net id="125"><net_src comp="48" pin="0"/><net_sink comp="120" pin=1"/></net>

<net id="129"><net_src comp="76" pin="5"/><net_sink comp="126" pin=0"/></net>

<net id="136"><net_src comp="52" pin="0"/><net_sink comp="130" pin=0"/></net>

<net id="137"><net_src comp="126" pin="1"/><net_sink comp="130" pin=1"/></net>

<net id="138"><net_src comp="54" pin="0"/><net_sink comp="130" pin=2"/></net>

<net id="139"><net_src comp="28" pin="0"/><net_sink comp="130" pin=3"/></net>

<net id="144"><net_src comp="111" pin="1"/><net_sink comp="140" pin=0"/></net>

<net id="145"><net_src comp="56" pin="0"/><net_sink comp="140" pin=1"/></net>

<net id="150"><net_src comp="120" pin="2"/><net_sink comp="146" pin=0"/></net>

<net id="154"><net_src comp="72" pin="1"/><net_sink comp="151" pin=0"/></net>

<net id="155"><net_src comp="151" pin="1"/><net_sink comp="106" pin=1"/></net>

<net id="156"><net_src comp="151" pin="1"/><net_sink comp="111" pin=0"/></net>

<net id="157"><net_src comp="151" pin="1"/><net_sink comp="146" pin=1"/></net>

<net id="161"><net_src comp="114" pin="2"/><net_sink comp="158" pin=0"/></net>

<net id="165"><net_src comp="130" pin="4"/><net_sink comp="162" pin=0"/></net>

<net id="166"><net_src comp="162" pin="1"/><net_sink comp="88" pin=5"/></net>

<net id="170"><net_src comp="140" pin="2"/><net_sink comp="167" pin=0"/></net>

<net id="171"><net_src comp="167" pin="1"/><net_sink comp="88" pin=8"/></net>

</net_list>

</model> 
---------------- Datapath Model END ------------------

* FSMD analyzer results:
  - Output states:
	Port: m_axis_V_data_V | {3 }
	Port: m_axis_V_keep_V | {3 }
	Port: m_axis_V_strb_V | {3 }
	Port: m_axis_V_last_V | {3 }
 - Input state : 
	Port: bit_reverse_accel : s_axis_V_data_V | {1 }
	Port: bit_reverse_accel : s_axis_V_keep_V | {1 }
	Port: bit_reverse_accel : s_axis_V_strb_V | {1 }
	Port: bit_reverse_accel : s_axis_V_last_V | {1 }
  - Chain level:
	State 1
		store_ln25 : 1
		i_1 : 1
		icmp_ln25 : 2
		i_2 : 2
		br_ln25 : 3
		reversed : 1
		output_word_last : 2
		store_ln25 : 3
	State 2
	State 3


============================================================
+ Verbose Summary: Datapath Resource usage 
============================================================

* Functional unit list:
|----------|-------------------------|---------|---------|
| Operation|     Functional Unit     |    FF   |   LUT   |
|----------|-------------------------|---------|---------|
|   icmp   |     icmp_ln25_fu_114    |    0    |    11   |
|          | output_word_last_fu_140 |    0    |    11   |
|----------|-------------------------|---------|---------|
|    add   |        i_2_fu_120       |    0    |    11   |
|----------|-------------------------|---------|---------|
|   read   |     empty_read_fu_76    |    0    |    0    |
|----------|-------------------------|---------|---------|
|   write  |     grp_write_fu_88     |    0    |    0    |
|----------|-------------------------|---------|---------|
|extractvalue|  input_word_data_fu_126 |    0    |    0    |
|----------|-------------------------|---------|---------|
|partselect|     reversed_fu_130     |    0    |    0    |
|----------|-------------------------|---------|---------|
|   Total  |                         |    0    |    33   |
|----------|-------------------------|---------|---------|

Memories:
N/A

* Register list:
+------------------------+--------+
|                        |   FF   |
+------------------------+--------+
|        i_reg_151       |    3   |
|    icmp_ln25_reg_158   |    1   |
|output_word_last_reg_167|    1   |
|    reversed_reg_162    |   32   |
+------------------------+--------+
|          Total         |   37   |
+------------------------+--------+

* Multiplexer (MUX) list: 
|--------|------|------|------|--------|
|  Comp  |  Pin | Size |  BW  | S x BW |
|--------|------|------|------|--------|
|  Total |      |      |      |    0   |
|--------|------|------|------|--------|



* Summary:
+-----------+--------+--------+
|           |   FF   |   LUT  |
+-----------+--------+--------+
|  Function |    0   |   33   |
|   Memory  |    -   |    -   |
|Multiplexer|    -   |    -   |
|  Register |   37   |    -   |
+-----------+--------+--------+
|   Total   |   37   |   33   |
+-----------+--------+--------+
