/home/fluctlights/HlsProjects/bit_reversal/solution1/.autopilot/db/bit_reversal_accel.pp.0.cpp:1448:7: warning: Added loop label VITIS_LOOP_1207_1:   [xilinx-label-all-loops]
      for (i = 0; i < __N - 1; ++i) {
      ^~~
      VITIS_LOOP_1207_1: 
/home/fluctlights/HlsProjects/bit_reversal/solution1/.autopilot/db/bit_reversal_accel.pp.0.cpp:1448:7: note: FIX-IT applied suggested code changes
/home/fluctlights/HlsProjects/bit_reversal/solution1/.autopilot/db/bit_reversal_accel.pp.0.cpp:2422:5: warning: Added loop label VITIS_LOOP_676_1:   [xilinx-label-all-loops]
    for (unsigned i = low; i != high; ++i) {
    ^~~
    VITIS_LOOP_676_1: 
/home/fluctlights/HlsProjects/bit_reversal/solution1/.autopilot/db/bit_reversal_accel.pp.0.cpp:2422:5: note: FIX-IT applied suggested code changes
/home/fluctlights/HlsProjects/bit_reversal/solution1/.autopilot/db/bit_reversal_accel.pp.0.cpp:2436:5: warning: Added loop label VITIS_LOOP_690_1:   [xilinx-label-all-loops]
    for (unsigned i = low; i != high; ++i) {
    ^~~
    VITIS_LOOP_690_1: 
/home/fluctlights/HlsProjects/bit_reversal/solution1/.autopilot/db/bit_reversal_accel.pp.0.cpp:2436:5: note: FIX-IT applied suggested code changes
/home/fluctlights/HlsProjects/bit_reversal/solution1/.autopilot/db/bit_reversal_accel.pp.0.cpp:2450:5: warning: Added loop label VITIS_LOOP_704_1:   [xilinx-label-all-loops]
    for (unsigned i = low; i != high; ++i) {
    ^~~
    VITIS_LOOP_704_1: 
/home/fluctlights/HlsProjects/bit_reversal/solution1/.autopilot/db/bit_reversal_accel.pp.0.cpp:2450:5: note: FIX-IT applied suggested code changes
/home/fluctlights/HlsProjects/bit_reversal/solution1/.autopilot/db/bit_reversal_accel.pp.0.cpp:4079:7: warning: Added loop label VITIS_LOOP_1247_1:   [xilinx-label-all-loops]
      for (i = 0; i < __N - 1; ++i) {
      ^~~
      VITIS_LOOP_1247_1: 
/home/fluctlights/HlsProjects/bit_reversal/solution1/.autopilot/db/bit_reversal_accel.pp.0.cpp:4079:7: note: FIX-IT applied suggested code changes
/home/fluctlights/HlsProjects/bit_reversal/solution1/.autopilot/db/bit_reversal_accel.pp.0.cpp:9029:2: warning: Added loop label VITIS_LOOP_7_1:   [xilinx-label-all-loops]
 for (int i = 0; i < 32; i++) {
 ^~~
 VITIS_LOOP_7_1: 
/home/fluctlights/HlsProjects/bit_reversal/solution1/.autopilot/db/bit_reversal_accel.pp.0.cpp:9029:2: note: FIX-IT applied suggested code changes
/home/fluctlights/HlsProjects/bit_reversal/solution1/.autopilot/db/bit_reversal_accel.pp.0.cpp:9055:5: warning: Added loop label VITIS_LOOP_25_1:   [xilinx-label-all-loops]
    for (int i = 0; i < 4; i++) {
    ^~~
    VITIS_LOOP_25_1: 
/home/fluctlights/HlsProjects/bit_reversal/solution1/.autopilot/db/bit_reversal_accel.pp.0.cpp:9055:5: note: FIX-IT applied suggested code changes
